Archive member included to satisfy reference by file (symbol)

/opt/st/stm32cubeide_1.4.0/plugins/com.st.stm32cube.ide.mcu.externaltools.gnu-tools-for-stm32.7-2018-q2-update.linux64_1.4.0.202007081208/tools/bin/../lib/gcc/arm-none-eabi/7.3.1/../../../../arm-none-eabi/lib/thumb/v7e-m/fpv4-sp/hard/libc_nano.a(lib_a-atoi.o)
                              Src/main.o (atoi)
/opt/st/stm32cubeide_1.4.0/plugins/com.st.stm32cube.ide.mcu.externaltools.gnu-tools-for-stm32.7-2018-q2-update.linux64_1.4.0.202007081208/tools/bin/../lib/gcc/arm-none-eabi/7.3.1/../../../../arm-none-eabi/lib/thumb/v7e-m/fpv4-sp/hard/libc_nano.a(lib_a-errno.o)
                              Src/syscalls.o (__errno)
/opt/st/stm32cubeide_1.4.0/plugins/com.st.stm32cube.ide.mcu.externaltools.gnu-tools-for-stm32.7-2018-q2-update.linux64_1.4.0.202007081208/tools/bin/../lib/gcc/arm-none-eabi/7.3.1/../../../../arm-none-eabi/lib/thumb/v7e-m/fpv4-sp/hard/libc_nano.a(lib_a-exit.o)
                              /opt/st/stm32cubeide_1.4.0/plugins/com.st.stm32cube.ide.mcu.externaltools.gnu-tools-for-stm32.7-2018-q2-update.linux64_1.4.0.202007081208/tools/bin/../lib/gcc/arm-none-eabi/7.3.1/../../../../arm-none-eabi/lib/thumb/v7e-m/fpv4-sp/hard/crt0.o (exit)
/opt/st/stm32cubeide_1.4.0/plugins/com.st.stm32cube.ide.mcu.externaltools.gnu-tools-for-stm32.7-2018-q2-update.linux64_1.4.0.202007081208/tools/bin/../lib/gcc/arm-none-eabi/7.3.1/../../../../arm-none-eabi/lib/thumb/v7e-m/fpv4-sp/hard/libc_nano.a(lib_a-impure.o)
                              /opt/st/stm32cubeide_1.4.0/plugins/com.st.stm32cube.ide.mcu.externaltools.gnu-tools-for-stm32.7-2018-q2-update.linux64_1.4.0.202007081208/tools/bin/../lib/gcc/arm-none-eabi/7.3.1/../../../../arm-none-eabi/lib/thumb/v7e-m/fpv4-sp/hard/libc_nano.a(lib_a-exit.o) (_global_impure_ptr)
/opt/st/stm32cubeide_1.4.0/plugins/com.st.stm32cube.ide.mcu.externaltools.gnu-tools-for-stm32.7-2018-q2-update.linux64_1.4.0.202007081208/tools/bin/../lib/gcc/arm-none-eabi/7.3.1/../../../../arm-none-eabi/lib/thumb/v7e-m/fpv4-sp/hard/libc_nano.a(lib_a-init.o)
                              /opt/st/stm32cubeide_1.4.0/plugins/com.st.stm32cube.ide.mcu.externaltools.gnu-tools-for-stm32.7-2018-q2-update.linux64_1.4.0.202007081208/tools/bin/../lib/gcc/arm-none-eabi/7.3.1/../../../../arm-none-eabi/lib/thumb/v7e-m/fpv4-sp/hard/crt0.o (__libc_init_array)
/opt/st/stm32cubeide_1.4.0/plugins/com.st.stm32cube.ide.mcu.externaltools.gnu-tools-for-stm32.7-2018-q2-update.linux64_1.4.0.202007081208/tools/bin/../lib/gcc/arm-none-eabi/7.3.1/../../../../arm-none-eabi/lib/thumb/v7e-m/fpv4-sp/hard/libc_nano.a(lib_a-memset.o)
                              /opt/st/stm32cubeide_1.4.0/plugins/com.st.stm32cube.ide.mcu.externaltools.gnu-tools-for-stm32.7-2018-q2-update.linux64_1.4.0.202007081208/tools/bin/../lib/gcc/arm-none-eabi/7.3.1/../../../../arm-none-eabi/lib/thumb/v7e-m/fpv4-sp/hard/crt0.o (memset)
/opt/st/stm32cubeide_1.4.0/plugins/com.st.stm32cube.ide.mcu.externaltools.gnu-tools-for-stm32.7-2018-q2-update.linux64_1.4.0.202007081208/tools/bin/../lib/gcc/arm-none-eabi/7.3.1/../../../../arm-none-eabi/lib/thumb/v7e-m/fpv4-sp/hard/libc_nano.a(lib_a-sprintf.o)
                              Src/main.o (sprintf)
/opt/st/stm32cubeide_1.4.0/plugins/com.st.stm32cube.ide.mcu.externaltools.gnu-tools-for-stm32.7-2018-q2-update.linux64_1.4.0.202007081208/tools/bin/../lib/gcc/arm-none-eabi/7.3.1/../../../../arm-none-eabi/lib/thumb/v7e-m/fpv4-sp/hard/libc_nano.a(lib_a-strlen.o)
                              Src/File_Handling_RTOS.o (strlen)
/opt/st/stm32cubeide_1.4.0/plugins/com.st.stm32cube.ide.mcu.externaltools.gnu-tools-for-stm32.7-2018-q2-update.linux64_1.4.0.202007081208/tools/bin/../lib/gcc/arm-none-eabi/7.3.1/../../../../arm-none-eabi/lib/thumb/v7e-m/fpv4-sp/hard/libc_nano.a(lib_a-strtol.o)
                              /opt/st/stm32cubeide_1.4.0/plugins/com.st.stm32cube.ide.mcu.externaltools.gnu-tools-for-stm32.7-2018-q2-update.linux64_1.4.0.202007081208/tools/bin/../lib/gcc/arm-none-eabi/7.3.1/../../../../arm-none-eabi/lib/thumb/v7e-m/fpv4-sp/hard/libc_nano.a(lib_a-atoi.o) (_strtol_r)
/opt/st/stm32cubeide_1.4.0/plugins/com.st.stm32cube.ide.mcu.externaltools.gnu-tools-for-stm32.7-2018-q2-update.linux64_1.4.0.202007081208/tools/bin/../lib/gcc/arm-none-eabi/7.3.1/../../../../arm-none-eabi/lib/thumb/v7e-m/fpv4-sp/hard/libc_nano.a(lib_a-locale.o)
                              /opt/st/stm32cubeide_1.4.0/plugins/com.st.stm32cube.ide.mcu.externaltools.gnu-tools-for-stm32.7-2018-q2-update.linux64_1.4.0.202007081208/tools/bin/../lib/gcc/arm-none-eabi/7.3.1/../../../../arm-none-eabi/lib/thumb/v7e-m/fpv4-sp/hard/libc_nano.a(lib_a-strtol.o) (__locale_ctype_ptr_l)
/opt/st/stm32cubeide_1.4.0/plugins/com.st.stm32cube.ide.mcu.externaltools.gnu-tools-for-stm32.7-2018-q2-update.linux64_1.4.0.202007081208/tools/bin/../lib/gcc/arm-none-eabi/7.3.1/../../../../arm-none-eabi/lib/thumb/v7e-m/fpv4-sp/hard/libc_nano.a(lib_a-mbtowc_r.o)
[...]
Memory Configuration

Name             Origin             Length             Attributes
CCMRAM           0x0000000010000000 0x0000000000001000 xrw
RAM              0x0000000020000000 0x0000000000003000 xrw
FLASH            0x0000000008000000 0x0000000000010000 xr
*default*        0x0000000000000000 0xffffffffffffffff

Linker script and memory map

LOAD /opt/st/stm32cubeide_1.4.0/plugins/com.st.stm32cube.ide.mcu.externaltools.gnu-tools-for-stm32.7-2018-q2-update.linux64_1.4.0.202007081208/tools/bin/../lib/gcc/arm-none-eabi/7.3.1/thumb/v7e-m/fpv4-sp/hard/crti.o
LOAD /opt/st/stm32cubeide_1.4.0/plugins/com.st.stm32cube.ide.mcu.externaltools.gnu-tools-for-stm32.7-2018-q2-update.linux64_1.4.0.202007081208/tools/bin/../lib/gcc/arm-none-eabi/7.3.1/thumb/v7e-m/fpv4-sp/hard/crtbegin.o
LOAD /opt/st/stm32cubeide_1.4.0/plugins/com.st.stm32cube.ide.mcu.externaltools.gnu-tools-for-stm32.7-2018-q2-update.linux64_1.4.0.202007081208/tools/bin/../lib/gcc/arm-none-eabi/7.3.1/../../../../arm-none-eabi/lib/thumb/v7e-m/fpv4-sp/hard/crt0.o
LOAD Drivers/STM32F3xx_HAL_Driver/Src/stm32f3xx_hal.o
LOAD Drivers/STM32F3xx_HAL_Driver/Src/stm32f3xx_hal_adc.o
LOAD Drivers/STM32F3xx_HAL_Driver/Src/stm32f3xx_hal_adc_ex.o
LOAD Drivers/STM32F3xx_HAL_Driver/Src/stm32f3xx_hal_cortex.o
LOAD Drivers/STM32F3xx_HAL_Driver/Src/stm32f3xx_hal_dma.o
LOAD Drivers/STM32F3xx_HAL_Driver/Src/stm32f3xx_hal_exti.o
LOAD Drivers/STM32F3xx_HAL_Driver/Src/stm32f3xx_hal_flash.o
LOAD Drivers/STM32F3xx_HAL_Driver/Src/stm32f3xx_hal_flash_ex.o
LOAD Drivers/STM32F3xx_HAL_Driver/Src/stm32f3xx_hal_gpio.o
LOAD Drivers/STM32F3xx_HAL_Driver/Src/stm32f3xx_hal_i2c.o
LOAD Drivers/STM32F3xx_HAL_Driver/Src/stm32f3xx_hal_i2c_ex.o
LOAD Drivers/STM32F3xx_HAL_Driver/Src/stm32f3xx_hal_pwr.o
LOAD Drivers/STM32F3xx_HAL_Driver/Src/stm32f3xx_hal_pwr_ex.o
LOAD Drivers/STM32F3xx_HAL_Driver/Src/stm32f3xx_hal_rcc.o
LOAD Drivers/STM32F3xx_HAL_Driver/Src/stm32f3xx_hal_rcc_ex.o
LOAD Drivers/STM32F3xx_HAL_Driver/Src/stm32f3xx_hal_rtc.o
LOAD Drivers/STM32F3xx_HAL_Driver/Src/stm32f3xx_hal_rtc_ex.o
LOAD Drivers/STM32F3xx_HAL_Driver/Src/stm32f3xx_hal_spi.o
LOAD Drivers/STM32F3xx_HAL_Driver/Src/stm32f3xx_hal_spi_ex.o
LOAD Drivers/STM32F3xx_HAL_Driver/Src/stm32f3xx_hal_tim.o
LOAD Drivers/STM32F3xx_HAL_Driver/Src/stm32f3xx_hal_tim_ex.o
LOAD Drivers/STM32F3xx_HAL_Driver/Src/stm32f3xx_hal_uart.o
LOAD Drivers/STM32F3xx_HAL_Driver/Src/stm32f3xx_hal_uart_ex.o
LOAD Middlewares/Third_Party/FatFs/src/diskio.o
LOAD Middlewares/Third_Party/FatFs/src/ff.o
LOAD Middlewares/Third_Party/FatFs/src/ff_gen_drv.o
LOAD Middlewares/Third_Party/FatFs/src/option/syscall.o
LOAD Src/File_Handling_RTOS.o
LOAD Src/MY_DHT.o
LOAD Src/fatfs.o
LOAD Src/fatfs_sd.o
LOAD Src/main.o
LOAD Src/stm32f3xx_hal_msp.o
LOAD Src/stm32f3xx_hal_timebase_tim.o
LOAD Src/stm32f3xx_it.o
LOAD Src/syscalls.o
LOAD Src/sysmem.o
LOAD Src/system_stm32f3xx.o
LOAD Src/user_diskio.o
LOAD Startup/startup_stm32f303k8tx.o
START GROUP
LOAD /opt/st/stm32cubeide_1.4.0/plugins/com.st.stm32cube.ide.mcu.externaltools.gnu-tools-for-stm32.7-2018-q2-update.linux64_1.4.0.202007081208/tools/bin/../lib/gcc/arm-none-eabi/7.3.1/../../../../arm-none-eabi/lib/thumb/v7e-m/fpv4-sp/hard/libc_nano.a
LOAD /opt/st/stm32cubeide_1.4.0/plugins/com.st.stm32cube.ide.mcu.externaltools.gnu-tools-for-stm32.7-2018-q2-update.linux64_1.4.0.202007081208/tools/bin/../lib/gcc/arm-none-eabi/7.3.1/../../../../arm-none-eabi/lib/thumb/v7e-m/fpv4-sp/hard/libm.a
END GROUP
START GROUP
LOAD /opt/st/stm32cubeide_1.4.0/plugins/com.st.stm32cube.ide.mcu.externaltools.gnu-tools-for-stm32.7-2018-q2-update.linux64_1.4.0.202007081208/tools/bin/../lib/gcc/arm-none-eabi/7.3.1/thumb/v7e-m/fpv4-sp/hard/libgcc.a
LOAD /opt/st/stm32cubeide_1.4.0/plugins/com.st.stm32cube.ide.mcu.externaltools.gnu-tools-for-stm32.7-2018-q2-update.linux64_1.4.0.202007081208/tools/bin/../lib/gcc/arm-none-eabi/7.3.1/../../../../arm-none-eabi/lib/thumb/v7e-m/fpv4-sp/hard/libc_nano.a
END GROUP
START GROUP
LOAD /opt/st/stm32cubeide_1.4.0/plugins/com.st.stm32cube.ide.mcu.externaltools.gnu-tools-for-stm32.7-2018-q2-update.linux64_1.4.0.202007081208/tools/bin/../lib/gcc/arm-none-eabi/7.3.1/thumb/v7e-m/fpv4-sp/hard/libgcc.a
LOAD /opt/st/stm32cubeide_1.4.0/plugins/com.st.stm32cube.ide.mcu.externaltools.gnu-tools-for-stm32.7-2018-q2-update.linux64_1.4.0.202007081208/tools/bin/../lib/gcc/arm-none-eabi/7.3.1/../../../../arm-none-eabi/lib/thumb/v7e-m/fpv4-sp/hard/libc_nano.a
LOAD /opt/st/stm32cubeide_1.4.0/plugins/com.st.stm32cube.ide.mcu.externaltools.gnu-tools-for-stm32.7-2018-q2-update.linux64_1.4.0.202007081208/tools/bin/../lib/gcc/arm-none-eabi/7.3.1/../../../../arm-none-eabi/lib/thumb/v7e-m/fpv4-sp/hard/libnosys.a
END GROUP
START GROUP
LOAD /opt/st/stm32cubeide_1.4.0/plugins/com.st.stm32cube.ide.mcu.externaltools.gnu-tools-for-stm32.7-2018-q2-update.linux64_1.4.0.202007081208/tools/bin/../lib/gcc/arm-none-eabi/7.3.1/thumb/v7e-m/fpv4-sp/hard/libgcc.a
LOAD /opt/st/stm32cubeide_1.4.0/plugins/com.st.stm32cube.ide.mcu.externaltools.gnu-tools-for-stm32.7-2018-q2-update.linux64_1.4.0.202007081208/tools/bin/../lib/gcc/arm-none-eabi/7.3.1/../../../../arm-none-eabi/lib/thumb/v7e-m/fpv4-sp/hard/libc_nano.a
LOAD /opt/st/stm32cubeide_1.4.0/plugins/com.st.stm32cube.ide.mcu.externaltools.gnu-tools-for-stm32.7-2018-q2-update.linux64_1.4.0.202007081208/tools/bin/../lib/gcc/arm-none-eabi/7.3.1/../../../../arm-none-eabi/lib/thumb/v7e-m/fpv4-sp/hard/libnosys.a
END GROUP
LOAD /opt/st/stm32cubeide_1.4.0/plugins/com.st.stm32cube.ide.mcu.externaltools.gnu-tools-for-stm32.7-2018-q2-update.linux64_1.4.0.202007081208/tools/bin/../lib/gcc/arm-none-eabi/7.3.1/thumb/v7e-m/fpv4-sp/hard/crtend.o
LOAD /opt/st/stm32cubeide_1.4.0/plugins/com.st.stm32cube.ide.mcu.externaltools.gnu-tools-for-stm32.7-2018-q2-update.linux64_1.4.0.202007081208/tools/bin/../lib/gcc/arm-none-eabi/7.3.1/thumb/v7e-m/fpv4-sp/hard/crtn.o
                0x0000000020003000                _estack = 0x20003000
                0x0000000000000200                _Min_Heap_Size = 0x200
                0x0000000000000400                _Min_Stack_Size = 0x400

.isr_vector     0x0000000008000000      0x188
                0x0000000008000000                . = ALIGN (0x4)
 *(.isr_vector)
 .isr_vector    0x0000000008000000      0x188 Startup/startup_stm32f303k8tx.o
                0x0000000008000000                g_pfnVectors
                0x0000000008000188                . = ALIGN (0x4)

.text           0x0000000008000190     0xa830
                0x0000000008000190                . = ALIGN (0x4)
 *(.text)
 .text          0x0000000008000190       0x40 /opt/st/stm32cubeide_1.4.0/plugins/com.st.stm32cube.ide.mcu.externaltools.gnu-tools-for-stm32.7-2018-q2-update.linux64_1.4.0.202007081208/tools/bin/../lib/gcc/arm-none-eabi/7.3.1/thumb/v7e-m/fpv4-sp/hard/crtbegin.o
 .text          0x00000000080001d0       0x10 /opt/st/stm32cubeide_1.4.0/plugins/com.st.stm32cube.ide.mcu.externaltools.gnu-tools-for-stm32.7-2018-q2-update.linux64_1.4.0.202007081208/tools/bin/../lib/gcc/arm-none-eabi/7.3.1/../../../../arm-none-eabi/lib/thumb/v7e-m/fpv4-sp/hard/libc_nano.a(lib_a-strlen.o)
                0x00000000080001d0                strlen
 .text          0x00000000080001e0       0xa0 /opt/st/stm32cubeide_1.4.0/plugins/com.st.stm32cube.ide.mcu.externaltools.gnu-tools-for-stm32.7-2018-q2-update.linux64_1.4.0.202007081208/tools/bin/../lib/gcc/arm-none-eabi/7.3.1/../../../../arm-none-eabi/lib/thumb/v7e-m/fpv4-sp/hard/libc_nano.a(lib_a-memchr.o)
                0x00000000080001e0                memchr
 *(.text*)
 .text.HAL_Init
                0x0000000008000280       0x2c Drivers/STM32F3xx_HAL_Driver/Src/stm32f3xx_hal.o
                0x0000000008000280                HAL_Init
 .text.HAL_IncTick
                0x00000000080002ac       0x28 Drivers/STM32F3xx_HAL_Driver/Src/stm32f3xx_hal.o
                0x00000000080002ac                HAL_IncTick
 .text.HAL_GetTick
                0x00000000080002d4       0x18 Drivers/STM32F3xx_HAL_Driver/Src/stm32f3xx_hal.o
                0x00000000080002d4                HAL_GetTick
 .text.HAL_Delay
                0x00000000080002ec       0x44 Drivers/STM32F3xx_HAL_Driver/Src/stm32f3xx_hal.o
                0x00000000080002ec                HAL_Delay
 .text.HAL_ADC_Init
                0x0000000008000330      0x324 Drivers/STM32F3xx_HAL_Driver/Src/stm32f3xx_hal_adc_ex.o
                0x0000000008000330                HAL_ADC_Init
 .text.HAL_ADC_ConfigChannel
                0x0000000008000654      0x584 Drivers/STM32F3xx_HAL_Driver/Src/stm32f3xx_hal_adc_ex.o
                0x0000000008000654                HAL_ADC_ConfigChannel
 .text.HAL_ADCEx_MultiModeConfigChannel
                0x0000000008000bd8      0x18c Drivers/STM32F3xx_HAL_Driver/Src/stm32f3xx_hal_adc_ex.o
                0x0000000008000bd8                HAL_ADCEx_MultiModeConfigChannel
 .text.ADC_Disable
                0x0000000008000d64       0xbe Drivers/STM32F3xx_HAL_Driver/Src/stm32f3xx_hal_adc_ex.o
 *fill*         0x0000000008000e22        0x2 
 .text.__NVIC_SetPriorityGrouping
                0x0000000008000e24       0x48 Drivers/STM32F3xx_HAL_Driver/Src/stm32f3xx_hal_cortex.o
 .text.__NVIC_GetPriorityGrouping
                0x0000000008000e6c       0x1c Drivers/STM32F3xx_HAL_Driver/Src/stm32f3xx_hal_cortex.o
 .text.__NVIC_EnableIRQ
                0x0000000008000e88       0x3c Drivers/STM32F3xx_HAL_Driver/Src/stm32f3xx_hal_cortex.o
 .text.__NVIC_SetPriority
                0x0000000008000ec4       0x54 Drivers/STM32F3xx_HAL_Driver/Src/stm32f3xx_hal_cortex.o
 .text.NVIC_EncodePriority
                0x0000000008000f18       0x66 Drivers/STM32F3xx_HAL_Driver/Src/stm32f3xx_hal_cortex.o
 .text.HAL_NVIC_SetPriorityGrouping
                0x0000000008000f7e       0x16 Drivers/STM32F3xx_HAL_Driver/Src/stm32f3xx_hal_cortex.o
                0x0000000008000f7e                HAL_NVIC_SetPriorityGrouping
 .text.HAL_NVIC_SetPriority
                0x0000000008000f94       0x38 Drivers/STM32F3xx_HAL_Driver/Src/stm32f3xx_hal_cortex.o
                0x0000000008000f94                HAL_NVIC_SetPriority
 .text.HAL_NVIC_EnableIRQ
                0x0000000008000fcc       0x1c Drivers/STM32F3xx_HAL_Driver/Src/stm32f3xx_hal_cortex.o
                0x0000000008000fcc                HAL_NVIC_EnableIRQ
 .text.HAL_DMA_Init
                0x0000000008000fe8       0x8e Drivers/STM32F3xx_HAL_Driver/Src/stm32f3xx_hal_dma.o
                0x0000000008000fe8                HAL_DMA_Init
 .text.HAL_DMA_Abort_IT
                0x0000000008001076       0x7c Drivers/STM32F3xx_HAL_Driver/Src/stm32f3xx_hal_dma.o
                0x0000000008001076                HAL_DMA_Abort_IT
 .text.HAL_DMA_IRQHandler
                0x00000000080010f2      0x146 Drivers/STM32F3xx_HAL_Driver/Src/stm32f3xx_hal_dma.o
                0x00000000080010f2                HAL_DMA_IRQHandler
 .text.DMA_CalcBaseAndBitshift
                0x0000000008001238       0x40 Drivers/STM32F3xx_HAL_Driver/Src/stm32f3xx_hal_dma.o
 .text.HAL_GPIO_Init
                0x0000000008001278      0x2e4 Drivers/STM32F3xx_HAL_Driver/Src/stm32f3xx_hal_gpio.o
                0x0000000008001278                HAL_GPIO_Init
 .text.HAL_GPIO_ReadPin
                0x000000000800155c       0x30 Drivers/STM32F3xx_HAL_Driver/Src/stm32f3xx_hal_gpio.o
                0x000000000800155c                HAL_GPIO_ReadPin
 .text.HAL_GPIO_WritePin
                0x000000000800158c       0x30 Drivers/STM32F3xx_HAL_Driver/Src/stm32f3xx_hal_gpio.o
                0x000000000800158c                HAL_GPIO_WritePin
 .text.HAL_RCC_OscConfig
                0x00000000080015bc      0xe10 Drivers/STM32F3xx_HAL_Driver/Src/stm32f3xx_hal_rcc.o
                0x00000000080015bc                HAL_RCC_OscConfig
 .text.HAL_RCC_ClockConfig
                0x00000000080023cc      0x2f8 Drivers/STM32F3xx_HAL_Driver/Src/stm32f3xx_hal_rcc.o
                0x00000000080023cc                HAL_RCC_ClockConfig
 .text.HAL_RCC_GetSysClockFreq
                0x00000000080026c4       0xd4 Drivers/STM32F3xx_HAL_Driver/Src/stm32f3xx_hal_rcc.o
                0x00000000080026c4                HAL_RCC_GetSysClockFreq
 .text.HAL_RCC_GetHCLKFreq
                0x0000000008002798       0x18 Drivers/STM32F3xx_HAL_Driver/Src/stm32f3xx_hal_rcc.o
                0x0000000008002798                HAL_RCC_GetHCLKFreq
 .text.HAL_RCC_GetPCLK1Freq
                0x00000000080027b0       0x44 Drivers/STM32F3xx_HAL_Driver/Src/stm32f3xx_hal_rcc.o
                0x00000000080027b0                HAL_RCC_GetPCLK1Freq
 .text.HAL_RCC_GetPCLK2Freq
                0x00000000080027f4       0x44 Drivers/STM32F3xx_HAL_Driver/Src/stm32f3xx_hal_rcc.o
                0x00000000080027f4                HAL_RCC_GetPCLK2Freq
 .text.HAL_RCC_GetClockConfig
                0x0000000008002838       0x64 Drivers/STM32F3xx_HAL_Driver/Src/stm32f3xx_hal_rcc.o
                0x0000000008002838                HAL_RCC_GetClockConfig
 .text.HAL_RCCEx_PeriphCLKConfig
                0x000000000800289c      0x24c Drivers/STM32F3xx_HAL_Driver/Src/stm32f3xx_hal_rcc_ex.o
                0x000000000800289c                HAL_RCCEx_PeriphCLKConfig
 .text.HAL_RTC_Init
                0x0000000008002ae8      0x122 Drivers/STM32F3xx_HAL_Driver/Src/stm32f3xx_hal_rtc.o
                0x0000000008002ae8                HAL_RTC_Init
 .text.HAL_RTC_SetTime
                0x0000000008002c0a      0x17a Drivers/STM32F3xx_HAL_Driver/Src/stm32f3xx_hal_rtc.o
                0x0000000008002c0a                HAL_RTC_SetTime
 .text.HAL_RTC_GetTime
                0x0000000008002d84       0xbc Drivers/STM32F3xx_HAL_Driver/Src/stm32f3xx_hal_rtc.o
                0x0000000008002d84                HAL_RTC_GetTime
 .text.HAL_RTC_SetDate
                0x0000000008002e40      0x14e Drivers/STM32F3xx_HAL_Driver/Src/stm32f3xx_hal_rtc.o
                0x0000000008002e40                HAL_RTC_SetDate
 .text.HAL_RTC_GetDate
                0x0000000008002f8e       0x9e Drivers/STM32F3xx_HAL_Driver/Src/stm32f3xx_hal_rtc.o
                0x0000000008002f8e                HAL_RTC_GetDate
 .text.HAL_RTC_SetAlarm_IT
                0x000000000800302c      0x270 Drivers/STM32F3xx_HAL_Driver/Src/stm32f3xx_hal_rtc.o
                0x000000000800302c                HAL_RTC_SetAlarm_IT
 .text.HAL_RTC_AlarmIRQHandler
                0x000000000800329c       0x8c Drivers/STM32F3xx_HAL_Driver/Src/stm32f3xx_hal_rtc.o
                0x000000000800329c                HAL_RTC_AlarmIRQHandler
 .text.HAL_RTC_WaitForSynchro
                0x0000000008003328       0x50 Drivers/STM32F3xx_HAL_Driver/Src/stm32f3xx_hal_rtc.o
                0x0000000008003328                HAL_RTC_WaitForSynchro
 .text.RTC_EnterInitMode
                0x0000000008003378       0x58 Drivers/STM32F3xx_HAL_Driver/Src/stm32f3xx_hal_rtc.o
                0x0000000008003378                RTC_EnterInitMode
 .text.RTC_ByteToBcd2
                0x00000000080033d0       0x3c Drivers/STM32F3xx_HAL_Driver/Src/stm32f3xx_hal_rtc.o
                0x00000000080033d0                RTC_ByteToBcd2
 .text.RTC_Bcd2ToByte
                0x000000000800340c       0x3c Drivers/STM32F3xx_HAL_Driver/Src/stm32f3xx_hal_rtc.o
                0x000000000800340c                RTC_Bcd2ToByte
 .text.HAL_RTCEx_AlarmBEventCallback
                0x0000000008003448       0x14 Drivers/STM32F3xx_HAL_Driver/Src/stm32f3xx_hal_rtc_ex.o
                0x0000000008003448                HAL_RTCEx_AlarmBEventCallback
 .text.HAL_SPI_Init
                0x000000000800345c      0x114 Drivers/STM32F3xx_HAL_Driver/Src/stm32f3xx_hal_spi.o
                0x000000000800345c                HAL_SPI_Init
 .text.HAL_SPI_Transmit
                0x0000000008003570      0x2cc Drivers/STM32F3xx_HAL_Driver/Src/stm32f3xx_hal_spi.o
                0x0000000008003570                HAL_SPI_Transmit
 .text.HAL_SPI_TransmitReceive
                0x000000000800383c      0x426 Drivers/STM32F3xx_HAL_Driver/Src/stm32f3xx_hal_spi.o
                0x000000000800383c                HAL_SPI_TransmitReceive
 .text.HAL_SPI_GetState
                0x0000000008003c62       0x1c Drivers/STM32F3xx_HAL_Driver/Src/stm32f3xx_hal_spi.o
                0x0000000008003c62                HAL_SPI_GetState
 .text.SPI_WaitFlagStateUntilTimeout
                0x0000000008003c7e       0xd4 Drivers/STM32F3xx_HAL_Driver/Src/stm32f3xx_hal_spi.o
 .text.SPI_WaitFifoStateUntilTimeout
                0x0000000008003d52       0xda Drivers/STM32F3xx_HAL_Driver/Src/stm32f3xx_hal_spi.o
 .text.SPI_EndRxTxTransaction
                0x0000000008003e2c       0x8c Drivers/STM32F3xx_HAL_Driver/Src/stm32f3xx_hal_spi.o
 .text.HAL_TIM_Base_Init
                0x0000000008003eb8       0x56 Drivers/STM32F3xx_HAL_Driver/Src/stm32f3xx_hal_tim.o
                0x0000000008003eb8                HAL_TIM_Base_Init
 *fill*         0x0000000008003f0e        0x2 
 .text.HAL_TIM_Base_Start
                0x0000000008003f10       0x54 Drivers/STM32F3xx_HAL_Driver/Src/stm32f3xx_hal_tim.o
                0x0000000008003f10                HAL_TIM_Base_Start
 .text.HAL_TIM_Base_Start_IT
                0x0000000008003f64       0x54 Drivers/STM32F3xx_HAL_Driver/Src/stm32f3xx_hal_tim.o
                0x0000000008003f64                HAL_TIM_Base_Start_IT
 .text.HAL_TIM_IRQHandler
                0x0000000008003fb8      0x23e Drivers/STM32F3xx_HAL_Driver/Src/stm32f3xx_hal_tim.o
                0x0000000008003fb8                HAL_TIM_IRQHandler
 .text.HAL_TIM_ConfigClockSource
                0x00000000080041f6      0x172 Drivers/STM32F3xx_HAL_Driver/Src/stm32f3xx_hal_tim.o
                0x00000000080041f6                HAL_TIM_ConfigClockSource
 .text.HAL_TIM_OC_DelayElapsedCallback
                0x0000000008004368       0x14 Drivers/STM32F3xx_HAL_Driver/Src/stm32f3xx_hal_tim.o
                0x0000000008004368                HAL_TIM_OC_DelayElapsedCallback
 .text.HAL_TIM_IC_CaptureCallback
                0x000000000800437c       0x14 Drivers/STM32F3xx_HAL_Driver/Src/stm32f3xx_hal_tim.o
                0x000000000800437c                HAL_TIM_IC_CaptureCallback
 .text.HAL_TIM_PWM_PulseFinishedCallback
                0x0000000008004390       0x14 Drivers/STM32F3xx_HAL_Driver/Src/stm32f3xx_hal_tim.o
                0x0000000008004390                HAL_TIM_PWM_PulseFinishedCallback
 .text.HAL_TIM_TriggerCallback
                0x00000000080043a4       0x14 Drivers/STM32F3xx_HAL_Driver/Src/stm32f3xx_hal_tim.o
                0x00000000080043a4                HAL_TIM_TriggerCallback
 .text.TIM_Base_SetConfig
                0x00000000080043b8       0xf0 Drivers/STM32F3xx_HAL_Driver/Src/stm32f3xx_hal_tim.o
                0x00000000080043b8                TIM_Base_SetConfig
 .text.TIM_TI1_ConfigInputStage
                0x00000000080044a8       0x5e Drivers/STM32F3xx_HAL_Driver/Src/stm32f3xx_hal_tim.o
 .text.TIM_TI2_ConfigInputStage
                0x0000000008004506       0x60 Drivers/STM32F3xx_HAL_Driver/Src/stm32f3xx_hal_tim.o
 .text.TIM_ITRx_SetConfig
                0x0000000008004566       0x36 Drivers/STM32F3xx_HAL_Driver/Src/stm32f3xx_hal_tim.o
 .text.TIM_ETR_SetConfig
                0x000000000800459c       0x40 Drivers/STM32F3xx_HAL_Driver/Src/stm32f3xx_hal_tim.o
                0x000000000800459c                TIM_ETR_SetConfig
 .text.HAL_TIMEx_MasterConfigSynchronization
                0x00000000080045dc       0xdc Drivers/STM32F3xx_HAL_Driver/Src/stm32f3xx_hal_tim_ex.o
                0x00000000080045dc                HAL_TIMEx_MasterConfigSynchronization
 .text.HAL_TIMEx_CommutCallback
                0x00000000080046b8       0x14 Drivers/STM32F3xx_HAL_Driver/Src/stm32f3xx_hal_tim_ex.o
                0x00000000080046b8                HAL_TIMEx_CommutCallback
 .text.HAL_TIMEx_BreakCallback
                0x00000000080046cc       0x14 Drivers/STM32F3xx_HAL_Driver/Src/stm32f3xx_hal_tim_ex.o
                0x00000000080046cc                HAL_TIMEx_BreakCallback
 .text.HAL_TIMEx_Break2Callback
                0x00000000080046e0       0x14 Drivers/STM32F3xx_HAL_Driver/Src/stm32f3xx_hal_tim_ex.o
                0x00000000080046e0                HAL_TIMEx_Break2Callback
 .text.HAL_UART_Init
                0x00000000080046f4       0x9c Drivers/STM32F3xx_HAL_Driver/Src/stm32f3xx_hal_uart.o
                0x00000000080046f4                HAL_UART_Init
 .text.HAL_UART_Transmit
                0x0000000008004790      0x126 Drivers/STM32F3xx_HAL_Driver/Src/stm32f3xx_hal_uart.o
                0x0000000008004790                HAL_UART_Transmit
 .text.HAL_UART_Receive
                0x00000000080048b6      0x19a Drivers/STM32F3xx_HAL_Driver/Src/stm32f3xx_hal_uart.o
                0x00000000080048b6                HAL_UART_Receive
 .text.HAL_UART_IRQHandler
                0x0000000008004a50      0x28c Drivers/STM32F3xx_HAL_Driver/Src/stm32f3xx_hal_uart.o
                0x0000000008004a50                HAL_UART_IRQHandler
 .text.HAL_UART_TxCpltCallback
                0x0000000008004cdc       0x14 Drivers/STM32F3xx_HAL_Driver/Src/stm32f3xx_hal_uart.o
                0x0000000008004cdc                HAL_UART_TxCpltCallback
 .text.HAL_UART_ErrorCallback
                0x0000000008004cf0       0x14 Drivers/STM32F3xx_HAL_Driver/Src/stm32f3xx_hal_uart.o
                0x0000000008004cf0                HAL_UART_ErrorCallback
 .text.UART_SetConfig
                0x0000000008004d04      0x304 Drivers/STM32F3xx_HAL_Driver/Src/stm32f3xx_hal_uart.o
                0x0000000008004d04                UART_SetConfig
 .text.UART_AdvFeatureConfig
                0x0000000008005008      0x144 Drivers/STM32F3xx_HAL_Driver/Src/stm32f3xx_hal_uart.o
                0x0000000008005008                UART_AdvFeatureConfig
 .text.UART_CheckIdleState
                0x000000000800514c       0x8a Drivers/STM32F3xx_HAL_Driver/Src/stm32f3xx_hal_uart.o
                0x000000000800514c                UART_CheckIdleState
 .text.UART_WaitOnFlagUntilTimeout
                0x00000000080051d6       0xf6 Drivers/STM32F3xx_HAL_Driver/Src/stm32f3xx_hal_uart.o
                0x00000000080051d6                UART_WaitOnFlagUntilTimeout
 .text.UART_EndRxTransfer
                0x00000000080052cc       0x40 Drivers/STM32F3xx_HAL_Driver/Src/stm32f3xx_hal_uart.o
 .text.UART_DMAAbortOnError
                0x000000000800530c       0x2c Drivers/STM32F3xx_HAL_Driver/Src/stm32f3xx_hal_uart.o
 .text.UART_EndTransmit_IT
                0x0000000008005338       0x32 Drivers/STM32F3xx_HAL_Driver/Src/stm32f3xx_hal_uart.o
 .text.HAL_UARTEx_WakeupCallback
                0x000000000800536a       0x14 Drivers/STM32F3xx_HAL_Driver/Src/stm32f3xx_hal_uart_ex.o
                0x000000000800536a                HAL_UARTEx_WakeupCallback
 *fill*         0x000000000800537e        0x2 
 .text.disk_status
                0x0000000008005380       0x34 Middlewares/Third_Party/FatFs/src/diskio.o
                0x0000000008005380                disk_status
 .text.disk_initialize
                0x00000000080053b4       0x4c Middlewares/Third_Party/FatFs/src/diskio.o
                0x00000000080053b4                disk_initialize
 .text.disk_read
                0x0000000008005400       0x40 Middlewares/Third_Party/FatFs/src/diskio.o
                0x0000000008005400                disk_read
 .text.disk_write
                0x0000000008005440       0x40 Middlewares/Third_Party/FatFs/src/diskio.o
                0x0000000008005440                disk_write
 .text.disk_ioctl
                0x0000000008005480       0x3c Middlewares/Third_Party/FatFs/src/diskio.o
                0x0000000008005480                disk_ioctl
 .text.mem_cpy  0x00000000080054bc       0x3c Middlewares/Third_Party/FatFs/src/ff.o
 .text.mem_set  0x00000000080054f8       0x34 Middlewares/Third_Party/FatFs/src/ff.o
 .text.mem_cmp  0x000000000800552c       0x4e Middlewares/Third_Party/FatFs/src/ff.o
 .text.chk_chr  0x000000000800557a       0x36 Middlewares/Third_Party/FatFs/src/ff.o
 .text.chk_lock
                0x00000000080055b0       0xdc Middlewares/Third_Party/FatFs/src/ff.o
 .text.enq_lock
                0x000000000800568c       0x48 Middlewares/Third_Party/FatFs/src/ff.o
 .text.inc_lock
                0x00000000080056d4      0x170 Middlewares/Third_Party/FatFs/src/ff.o
 .text.dec_lock
                0x0000000008005844       0x88 Middlewares/Third_Party/FatFs/src/ff.o
 .text.clear_lock
                0x00000000080058cc       0x54 Middlewares/Third_Party/FatFs/src/ff.o
 .text.sync_window
                0x0000000008005920       0x92 Middlewares/Third_Party/FatFs/src/ff.o
 .text.move_window
                0x00000000080059b2       0x5c Middlewares/Third_Party/FatFs/src/ff.o
 .text.sync_fs  0x0000000008005a0e      0x15a Middlewares/Third_Party/FatFs/src/ff.o
 .text.clust2sect
                0x0000000008005b68       0x44 Middlewares/Third_Party/FatFs/src/ff.o
                0x0000000008005b68                clust2sect
 .text.get_fat  0x0000000008005bac      0x16e Middlewares/Third_Party/FatFs/src/ff.o
                0x0000000008005bac                get_fat
 .text.put_fat  0x0000000008005d1a      0x216 Middlewares/Third_Party/FatFs/src/ff.o
                0x0000000008005d1a                put_fat
 .text.remove_chain
                0x0000000008005f30       0xb4 Middlewares/Third_Party/FatFs/src/ff.o
 .text.create_chain
                0x0000000008005fe4      0x13a Middlewares/Third_Party/FatFs/src/ff.o
 .text.clmt_clust
                0x000000000800611e       0x6a Middlewares/Third_Party/FatFs/src/ff.o
 .text.dir_sdi  0x0000000008006188      0x128 Middlewares/Third_Party/FatFs/src/ff.o
 .text.dir_next
                0x00000000080062b0      0x1ee Middlewares/Third_Party/FatFs/src/ff.o
 .text.dir_alloc
                0x000000000800649e       0x94 Middlewares/Third_Party/FatFs/src/ff.o
 .text.ld_clust
                0x0000000008006532       0x5c Middlewares/Third_Party/FatFs/src/ff.o
 .text.st_clust
                0x000000000800658e       0x4e Middlewares/Third_Party/FatFs/src/ff.o
 .text.dir_find
                0x00000000080065dc       0x9e Middlewares/Third_Party/FatFs/src/ff.o
 .text.dir_register
                0x000000000800667a       0x72 Middlewares/Third_Party/FatFs/src/ff.o
 .text.get_fileinfo
                0x00000000080066ec       0xe2 Middlewares/Third_Party/FatFs/src/ff.o
 *fill*         0x00000000080067ce        0x2 
 .text.create_name
                0x00000000080067d0      0x180 Middlewares/Third_Party/FatFs/src/ff.o
 .text.follow_path
                0x0000000008006950       0xdc Middlewares/Third_Party/FatFs/src/ff.o
 .text.get_ldnumber
                0x0000000008006a2c       0x88 Middlewares/Third_Party/FatFs/src/ff.o
 .text.check_fs
                0x0000000008006ab4       0xd4 Middlewares/Third_Party/FatFs/src/ff.o
 .text.find_volume
                0x0000000008006b88      0x594 Middlewares/Third_Party/FatFs/src/ff.o
 .text.validate
                0x000000000800711c       0x66 Middlewares/Third_Party/FatFs/src/ff.o
 *fill*         0x0000000008007182        0x2 
 .text.f_mount  0x0000000008007184       0x90 Middlewares/Third_Party/FatFs/src/ff.o
                0x0000000008007184                f_mount
 .text.f_open   0x0000000008007214      0x416 Middlewares/Third_Party/FatFs/src/ff.o
                0x0000000008007214                f_open
 .text.f_read   0x000000000800762a      0x2d6 Middlewares/Third_Party/FatFs/src/ff.o
                0x000000000800762a                f_read
 .text.f_sync   0x0000000008007900      0x174 Middlewares/Third_Party/FatFs/src/ff.o
                0x0000000008007900                f_sync
 .text.f_close  0x0000000008007a74       0x50 Middlewares/Third_Party/FatFs/src/ff.o
                0x0000000008007a74                f_close
 .text.f_lseek  0x0000000008007ac4      0x4bc Middlewares/Third_Party/FatFs/src/ff.o
                0x0000000008007ac4                f_lseek
 .text.f_stat   0x0000000008007f80       0x92 Middlewares/Third_Party/FatFs/src/ff.o
                0x0000000008007f80                f_stat
 *fill*         0x0000000008008012        0x2 
 .text.FATFS_LinkDriverEx
                0x0000000008008014       0x98 Middlewares/Third_Party/FatFs/src/ff_gen_drv.o
                0x0000000008008014                FATFS_LinkDriverEx
 .text.FATFS_LinkDriver
                0x00000000080080ac       0x1e Middlewares/Third_Party/FatFs/src/ff_gen_drv.o
                0x00000000080080ac                FATFS_LinkDriver
 *fill*         0x00000000080080ca        0x2 
 .text.Mount_SD
                0x00000000080080cc       0x38 Src/File_Handling_RTOS.o
                0x00000000080080cc                Mount_SD
 .text.Unmount_SD
                0x0000000008008104       0x28 Src/File_Handling_RTOS.o
                0x0000000008008104                Unmount_SD
 .text.open_file
                0x000000000800812c       0x5c Src/File_Handling_RTOS.o
                0x000000000800812c                open_file
 .text.close_file
                0x0000000008008188       0x3c Src/File_Handling_RTOS.o
                0x0000000008008188                close_file
 .text.Read_config_File
                0x00000000080081c4       0x6c Src/File_Handling_RTOS.o
                0x00000000080081c4                Read_config_File
 .text.DHT_Delay
                0x0000000008008230       0x30 Src/MY_DHT.o
                0x0000000008008230                DHT_Delay
 .text.Set_Pin_Output
                0x0000000008008260       0x40 Src/MY_DHT.o
                0x0000000008008260                Set_Pin_Output
 .text.Set_Pin_Input
                0x00000000080082a0       0x3c Src/MY_DHT.o
                0x00000000080082a0                Set_Pin_Input
 .text.DHT_Start
                0x00000000080082dc       0x58 Src/MY_DHT.o
                0x00000000080082dc                DHT_Start
 .text.DHT_Check_Response
                0x0000000008008334       0x60 Src/MY_DHT.o
                0x0000000008008334                DHT_Check_Response
 .text.MX_FATFS_Init
                0x0000000008008394       0x24 Src/fatfs.o
                0x0000000008008394                MX_FATFS_Init
 .text.get_fattime
                0x00000000080083b8       0x10 Src/fatfs.o
                0x00000000080083b8                get_fattime
 .text.SELECT   0x00000000080083c8       0x18 Src/fatfs_sd.o
 .text.DESELECT
                0x00000000080083e0       0x18 Src/fatfs_sd.o
 .text.SPI_TxByte
                0x00000000080083f8       0x34 Src/fatfs_sd.o
 .text.SPI_RxByte
                0x000000000800842c       0x3c Src/fatfs_sd.o
 .text.SPI_RxBytePtr
                0x0000000008008468       0x1c Src/fatfs_sd.o
 .text.SD_ReadyWait
                0x0000000008008484       0x38 Src/fatfs_sd.o
 .text.SD_PowerOn
                0x00000000080084bc       0x98 Src/fatfs_sd.o
 .text.SD_PowerOff
                0x0000000008008554       0x18 Src/fatfs_sd.o
 .text.SD_CheckPower
                0x000000000800856c       0x18 Src/fatfs_sd.o
 .text.SD_RxDataBlock
                0x0000000008008584       0x6c Src/fatfs_sd.o
 .text.SD_TxDataBlock
                0x00000000080085f0       0xa8 Src/fatfs_sd.o
 .text.SD_SendCmd
                0x0000000008008698       0xa4 Src/fatfs_sd.o
 .text.SD_disk_initialize
                0x000000000800873c      0x1d4 Src/fatfs_sd.o
                0x000000000800873c                SD_disk_initialize
 .text.SD_disk_status
                0x0000000008008910       0x2c Src/fatfs_sd.o
                0x0000000008008910                SD_disk_status
 .text.SD_disk_read
                0x000000000800893c       0xd4 Src/fatfs_sd.o
                0x000000000800893c                SD_disk_read
 .text.SD_disk_write
                0x0000000008008a10      0x108 Src/fatfs_sd.o
                0x0000000008008a10                SD_disk_write
 .text.SD_disk_ioctl
                0x0000000008008b18      0x25c Src/fatfs_sd.o
                0x0000000008008b18                SD_disk_ioctl
 .text.cardInit
                0x0000000008008d74       0xf8 Src/main.o
                0x0000000008008d74                cardInit
 .text.alarmInit
                0x0000000008008e6c      0x1bc Src/main.o
                0x0000000008008e6c                alarmInit
 .text.HAL_RTC_AlarmAEventCallback
                0x0000000008009028       0x44 Src/main.o
                0x0000000008009028                HAL_RTC_AlarmAEventCallback
 .text.sendUART
                0x000000000800906c       0x3c Src/main.o
                0x000000000800906c                sendUART
 .text.sendHTTP
                0x00000000080090a8       0xdc Src/main.o
                0x00000000080090a8                sendHTTP
 .text.main     0x0000000008009184      0x200 Src/main.o
                0x0000000008009184                main
 .text.SystemClock_Config
                0x0000000008009384       0xc4 Src/main.o
                0x0000000008009384                SystemClock_Config
 .text.MX_ADC1_Init
                0x0000000008009448       0xfc Src/main.o
 .text.MX_RTC_Init
                0x0000000008009544      0x118 Src/main.o
 .text.MX_SPI1_Init
                0x000000000800965c       0x7c Src/main.o
 .text.MX_TIM2_Init
                0x00000000080096d8       0x9c Src/main.o
 .text.MX_USART1_UART_Init
                0x0000000008009774       0x60 Src/main.o
 .text.MX_DMA_Init
                0x00000000080097d4       0x3c Src/main.o
 .text.MX_GPIO_Init
                0x0000000008009810       0xc0 Src/main.o
 .text.HAL_TIM_PeriodElapsedCallback
                0x00000000080098d0       0x24 Src/main.o
                0x00000000080098d0                HAL_TIM_PeriodElapsedCallback
 .text.Error_Handler
                0x00000000080098f4        0xe Src/main.o
                0x00000000080098f4                Error_Handler
 *fill*         0x0000000008009902        0x2 
 .text.HAL_MspInit
                0x0000000008009904       0x50 Src/stm32f3xx_hal_msp.o
                0x0000000008009904                HAL_MspInit
 .text.HAL_ADC_MspInit
                0x0000000008009954       0xd0 Src/stm32f3xx_hal_msp.o
                0x0000000008009954                HAL_ADC_MspInit
 .text.HAL_RTC_MspInit
                0x0000000008009a24       0x58 Src/stm32f3xx_hal_msp.o
                0x0000000008009a24                HAL_RTC_MspInit
 .text.HAL_SPI_MspInit
                0x0000000008009a7c       0xc0 Src/stm32f3xx_hal_msp.o
                0x0000000008009a7c                HAL_SPI_MspInit
 .text.HAL_TIM_Base_MspInit
                0x0000000008009b3c       0x3c Src/stm32f3xx_hal_msp.o
                0x0000000008009b3c                HAL_TIM_Base_MspInit
 .text.HAL_UART_MspInit
                0x0000000008009b78       0x98 Src/stm32f3xx_hal_msp.o
                0x0000000008009b78                HAL_UART_MspInit
 .text.HAL_InitTick
                0x0000000008009c10       0xac Src/stm32f3xx_hal_timebase_tim.o
                0x0000000008009c10                HAL_InitTick
 .text.SDTimer_Handler
                0x0000000008009cbc       0x48 Src/stm32f3xx_it.o
                0x0000000008009cbc                SDTimer_Handler
 .text.NMI_Handler
                0x0000000008009d04        0xe Src/stm32f3xx_it.o
                0x0000000008009d04                NMI_Handler
 .text.HardFault_Handler
                0x0000000008009d12        0x6 Src/stm32f3xx_it.o
                0x0000000008009d12                HardFault_Handler
 .text.MemManage_Handler
                0x0000000008009d18        0x6 Src/stm32f3xx_it.o
                0x0000000008009d18                MemManage_Handler
 .text.BusFault_Handler
                0x0000000008009d1e        0x6 Src/stm32f3xx_it.o
                0x0000000008009d1e                BusFault_Handler
 .text.UsageFault_Handler
                0x0000000008009d24        0x6 Src/stm32f3xx_it.o
                0x0000000008009d24                UsageFault_Handler
 .text.SVC_Handler
                0x0000000008009d2a        0xe Src/stm32f3xx_it.o
                0x0000000008009d2a                SVC_Handler
 .text.DebugMon_Handler
                0x0000000008009d38        0xe Src/stm32f3xx_it.o
                0x0000000008009d38                DebugMon_Handler
 .text.PendSV_Handler
                0x0000000008009d46        0xe Src/stm32f3xx_it.o
                0x0000000008009d46                PendSV_Handler
 .text.SysTick_Handler
                0x0000000008009d54        0xe Src/stm32f3xx_it.o
                0x0000000008009d54                SysTick_Handler
 *fill*         0x0000000008009d62        0x2 
 .text.DMA1_Channel1_IRQHandler
                0x0000000008009d64       0x14 Src/stm32f3xx_it.o
                0x0000000008009d64                DMA1_Channel1_IRQHandler
 .text.TIM1_UP_TIM16_IRQHandler
                0x0000000008009d78       0x38 Src/stm32f3xx_it.o
                0x0000000008009d78                TIM1_UP_TIM16_IRQHandler
 .text.USART1_IRQHandler
                0x0000000008009db0       0x14 Src/stm32f3xx_it.o
                0x0000000008009db0                USART1_IRQHandler
 .text.RTC_Alarm_IRQHandler
                0x0000000008009dc4       0x14 Src/stm32f3xx_it.o
                0x0000000008009dc4                RTC_Alarm_IRQHandler
 .text._sbrk    0x0000000008009dd8       0x58 Src/sysmem.o
                0x0000000008009dd8                _sbrk
 .text.SystemInit
                0x0000000008009e30       0x94 Src/system_stm32f3xx.o
                0x0000000008009e30                SystemInit
 .text.USER_initialize
                0x0000000008009ec4       0x1c Src/user_diskio.o
                0x0000000008009ec4                USER_initialize
 .text.USER_status
                0x0000000008009ee0       0x1c Src/user_diskio.o
                0x0000000008009ee0                USER_status
 .text.USER_read
                0x0000000008009efc       0x26 Src/user_diskio.o
                0x0000000008009efc                USER_read
 .text.USER_write
                0x0000000008009f22       0x26 Src/user_diskio.o
                0x0000000008009f22                USER_write
 .text.USER_ioctl
                0x0000000008009f48       0x26 Src/user_diskio.o
                0x0000000008009f48                USER_ioctl
 *fill*         0x0000000008009f6e        0x2 
 .text.Reset_Handler
                0x0000000008009f70       0x50 Startup/startup_stm32f303k8tx.o
                0x0000000008009f70                Reset_Handler
 .text.Default_Handler
                0x0000000008009fc0        0x2 Startup/startup_stm32f303k8tx.o
                0x0000000008009fc0                TIM1_CC_IRQHandler
                0x0000000008009fc0                PVD_IRQHandler
                0x0000000008009fc0                TAMP_STAMP_IRQHandler
                0x0000000008009fc0                EXTI3_IRQHandler
                0x0000000008009fc0                EXTI0_IRQHandler
                0x0000000008009fc0                FPU_IRQHandler
                0x0000000008009fc0                CAN_TX_IRQHandler
                0x0000000008009fc0                ADC1_2_IRQHandler
                0x0000000008009fc0                SPI1_IRQHandler
                0x0000000008009fc0                CAN_SCE_IRQHandler
                0x0000000008009fc0                DMA1_Channel4_IRQHandler
                0x0000000008009fc0                USART3_IRQHandler
                0x0000000008009fc0                DMA1_Channel7_IRQHandler
                0x0000000008009fc0                TIM7_DAC2_IRQHandler
                0x0000000008009fc0                CAN_RX1_IRQHandler
                0x0000000008009fc0                I2C1_EV_IRQHandler
                0x0000000008009fc0                DMA1_Channel6_IRQHandler
                0x0000000008009fc0                TIM3_IRQHandler
                0x0000000008009fc0                RCC_IRQHandler
                0x0000000008009fc0                Default_Handler
                0x0000000008009fc0                EXTI15_10_IRQHandler
                0x0000000008009fc0                COMP2_IRQHandler
                0x0000000008009fc0                TIM6_DAC1_IRQHandler
                0x0000000008009fc0                EXTI9_5_IRQHandler
                0x0000000008009fc0                RTC_WKUP_IRQHandler
                0x0000000008009fc0                DMA1_Channel5_IRQHandler
                0x0000000008009fc0                EXTI4_IRQHandler
                0x0000000008009fc0                TIM1_TRG_COM_TIM17_IRQHandler
                0x0000000008009fc0                DMA1_Channel3_IRQHandler
                0x0000000008009fc0                WWDG_IRQHandler
                0x0000000008009fc0                TIM2_IRQHandler
                0x0000000008009fc0                EXTI1_IRQHandler
                0x0000000008009fc0                COMP4_6_IRQHandler
                0x0000000008009fc0                USART2_IRQHandler
                0x0000000008009fc0                DMA1_Channel2_IRQHandler
                0x0000000008009fc0                FLASH_IRQHandler
                0x0000000008009fc0                CAN_RX0_IRQHandler
                0x0000000008009fc0                I2C1_ER_IRQHandler
                0x0000000008009fc0                EXTI2_TSC_IRQHandler
                0x0000000008009fc0                TIM1_BRK_TIM15_IRQHandler
 .text.atoi     0x0000000008009fc2        0x8 /opt/st/stm32cubeide_1.4.0/plugins/com.st.stm32cube.ide.mcu.externaltools.gnu-tools-for-stm32.7-2018-q2-update.linux64_1.4.0.202007081208/tools/bin/../lib/gcc/arm-none-eabi/7.3.1/../../../../arm-none-eabi/lib/thumb/v7e-m/fpv4-sp/hard/libc_nano.a(lib_a-atoi.o)
                0x0000000008009fc2                atoi
 *fill*         0x0000000008009fca        0x2 
 .text.__errno  0x0000000008009fcc        0xc /opt/st/stm32cubeide_1.4.0/plugins/com.st.stm32cube.ide.mcu.externaltools.gnu-tools-for-stm32.7-2018-q2-update.linux64_1.4.0.202007081208/tools/bin/../lib/gcc/arm-none-eabi/7.3.1/../../../../arm-none-eabi/lib/thumb/v7e-m/fpv4-sp/hard/libc_nano.a(lib_a-errno.o)
                0x0000000008009fcc                __errno
 .text.__libc_init_array
                0x0000000008009fd8       0x48 /opt/st/stm32cubeide_1.4.0/plugins/com.st.stm32cube.ide.mcu.externaltools.gnu-tools-for-stm32.7-2018-q2-update.linux64_1.4.0.202007081208/tools/bin/../lib/gcc/arm-none-eabi/7.3.1/../../../../arm-none-eabi/lib/thumb/v7e-m/fpv4-sp/hard/libc_nano.a(lib_a-init.o)
                0x0000000008009fd8                __libc_init_array
 .text.memset   0x000000000800a020       0x10 /opt/st/stm32cubeide_1.4.0/plugins/com.st.stm32cube.ide.mcu.externaltools.gnu-tools-for-stm32.7-2018-q2-update.linux64_1.4.0.202007081208/tools/bin/../lib/gcc/arm-none-eabi/7.3.1/../../../../arm-none-eabi/lib/thumb/v7e-m/fpv4-sp/hard/libc_nano.a(lib_a-memset.o)
                0x000000000800a020                memset
 .text.sprintf  0x000000000800a030       0x40 /opt/st/stm32cubeide_1.4.0/plugins/com.st.stm32cube.ide.mcu.externaltools.gnu-tools-for-stm32.7-2018-q2-update.linux64_1.4.0.202007081208/tools/bin/../lib/gcc/arm-none-eabi/7.3.1/../../../../arm-none-eabi/lib/thumb/v7e-m/fpv4-sp/hard/libc_nano.a(lib_a-sprintf.o)
                0x000000000800a030                sprintf
                0x000000000800a030                siprintf
 .text._strtol_l.isra.0
                0x000000000800a070       0xf6 /opt/st/stm32cubeide_1.4.0/plugins/com.st.stm32cube.ide.mcu.externaltools.gnu-tools-for-stm32.7-2018-q2-update.linux64_1.4.0.202007081208/tools/bin/../lib/gcc/arm-none-eabi/7.3.1/../../../../arm-none-eabi/lib/thumb/v7e-m/fpv4-sp/hard/libc_nano.a(lib_a-strtol.o)
 *fill*         0x000000000800a166        0x2 
 .text.strtol   0x000000000800a168       0x2c /opt/st/stm32cubeide_1.4.0/plugins/com.st.stm32cube.ide.mcu.externaltools.gnu-tools-for-stm32.7-2018-q2-update.linux64_1.4.0.202007081208/tools/bin/../lib/gcc/arm-none-eabi/7.3.1/../../../../arm-none-eabi/lib/thumb/v7e-m/fpv4-sp/hard/libc_nano.a(lib_a-strtol.o)
                0x000000000800a168                strtol
 .text.__locale_ctype_ptr_l
                0x000000000800a194        0x6 /opt/st/stm32cubeide_1.4.0/plugins/com.st.stm32cube.ide.mcu.externaltools.gnu-tools-for-stm32.7-2018-q2-update.linux64_1.4.0.202007081208/tools/bin/../lib/gcc/arm-none-eabi/7.3.1/../../../../arm-none-eabi/lib/thumb/v7e-m/fpv4-sp/hard/libc_nano.a(lib_a-locale.o)
                0x000000000800a194                __locale_ctype_ptr_l
 .text.__ascii_mbtowc
                0x000000000800a19a       0x24 /opt/st/stm32cubeide_1.4.0/plugins/com.st.stm32cube.ide.mcu.externaltools.gnu-tools-for-stm32.7-2018-q2-update.linux64_1.4.0.202007081208/tools/bin/../lib/gcc/arm-none-eabi/7.3.1/../../../../arm-none-eabi/lib/thumb/v7e-m/fpv4-sp/hard/libc_nano.a(lib_a-mbtowc_r.o)
                0x000000000800a19a                __ascii_mbtowc
 .text.__ssputs_r
                0x000000000800a1be       0xb4 /opt/st/stm32cubeide_1.4.0/plugins/com.st.stm32cube.ide.mcu.externaltools.gnu-tools-for-stm32.7-2018-q2-update.linux64_1.4.0.202007081208/tools/bin/../lib/gcc/arm-none-eabi/7.3.1/../../../../arm-none-eabi/lib/thumb/v7e-m/fpv4-sp/hard/libc_nano.a(lib_a-nano-svfprintf.o)
                0x000000000800a1be                __ssputs_r
 *fill*         0x000000000800a272        0x2 
 .text._svfprintf_r
                0x000000000800a274      0x1f0 /opt/st/stm32cubeide_1.4.0/plugins/com.st.stm32cube.ide.mcu.externaltools.gnu-tools-for-stm32.7-2018-q2-update.linux64_1.4.0.202007081208/tools/bin/../lib/gcc/arm-none-eabi/7.3.1/../../../../arm-none-eabi/lib/thumb/v7e-m/fpv4-sp/hard/libc_nano.a(lib_a-nano-svfprintf.o)
                0x000000000800a274                _svfprintf_r
                0x000000000800a274                _svfiprintf_r
 .text._printf_common
                0x000000000800a464       0xea /opt/st/stm32cubeide_1.4.0/plugins/com.st.stm32cube.ide.mcu.externaltools.gnu-tools-for-stm32.7-2018-q2-update.linux64_1.4.0.202007081208/tools/bin/../lib/gcc/arm-none-eabi/7.3.1/../../../../arm-none-eabi/lib/thumb/v7e-m/fpv4-sp/hard/libc_nano.a(lib_a-nano-vfprintf_i.o)
                0x000000000800a464                _printf_common
 *fill*         0x000000000800a54e        0x2 
 .text._printf_i
                0x000000000800a550      0x224 /opt/st/stm32cubeide_1.4.0/plugins/com.st.stm32cube.ide.mcu.externaltools.gnu-tools-for-stm32.7-2018-q2-update.linux64_1.4.0.202007081208/tools/bin/../lib/gcc/arm-none-eabi/7.3.1/../../../../arm-none-eabi/lib/thumb/v7e-m/fpv4-sp/hard/libc_nano.a(lib_a-nano-vfprintf_i.o)
                0x000000000800a550                _printf_i
 .text.__ascii_wctomb
                0x000000000800a774       0x1a /opt/st/stm32cubeide_1.4.0/plugins/com.st.stm32cube.ide.mcu.externaltools.gnu-tools-for-stm32.7-2018-q2-update.linux64_1.4.0.202007081208/tools/bin/../lib/gcc/arm-none-eabi/7.3.1/../../../../arm-none-eabi/lib/thumb/v7e-m/fpv4-sp/hard/libc_nano.a(lib_a-wctomb_r.o)
                0x000000000800a774                __ascii_wctomb
 .text.memcpy   0x000000000800a78e       0x16 /opt/st/stm32cubeide_1.4.0/plugins/com.st.stm32cube.ide.mcu.externaltools.gnu-tools-for-stm32.7-2018-q2-update.linux64_1.4.0.202007081208/tools/bin/../lib/gcc/arm-none-eabi/7.3.1/../../../../arm-none-eabi/lib/thumb/v7e-m/fpv4-sp/hard/libc_nano.a(lib_a-memcpy-stub.o)
                0x000000000800a78e                memcpy
 .text.memmove  0x000000000800a7a4       0x32 /opt/st/stm32cubeide_1.4.0/plugins/com.st.stm32cube.ide.mcu.externaltools.gnu-tools-for-stm32.7-2018-q2-update.linux64_1.4.0.202007081208/tools/bin/../lib/gcc/arm-none-eabi/7.3.1/../../../../arm-none-eabi/lib/thumb/v7e-m/fpv4-sp/hard/libc_nano.a(lib_a-memmove.o)
                0x000000000800a7a4                memmove
 *fill*         0x000000000800a7d6        0x2 
 .text._free_r  0x000000000800a7d8       0x9c /opt/st/stm32cubeide_1.4.0/plugins/com.st.stm32cube.ide.mcu.externaltools.gnu-tools-for-stm32.7-2018-q2-update.linux64_1.4.0.202007081208/tools/bin/../lib/gcc/arm-none-eabi/7.3.1/../../../../arm-none-eabi/lib/thumb/v7e-m/fpv4-sp/hard/libc_nano.a(lib_a-nano-freer.o)
                0x000000000800a7d8                _free_r
 .text._malloc_r
                0x000000000800a874       0xb4 /opt/st/stm32cubeide_1.4.0/plugins/com.st.stm32cube.ide.mcu.externaltools.gnu-tools-for-stm32.7-2018-q2-update.linux64_1.4.0.202007081208/tools/bin/../lib/gcc/arm-none-eabi/7.3.1/../../../../arm-none-eabi/lib/thumb/v7e-m/fpv4-sp/hard/libc_nano.a(lib_a-nano-mallocr.o)
                0x000000000800a874                _malloc_r
 .text._realloc_r
                0x000000000800a928       0x4c /opt/st/stm32cubeide_1.4.0/plugins/com.st.stm32cube.ide.mcu.externaltools.gnu-tools-for-stm32.7-2018-q2-update.linux64_1.4.0.202007081208/tools/bin/../lib/gcc/arm-none-eabi/7.3.1/../../../../arm-none-eabi/lib/thumb/v7e-m/fpv4-sp/hard/libc_nano.a(lib_a-nano-reallocr.o)
                0x000000000800a928                _realloc_r
 .text._sbrk_r  0x000000000800a974       0x20 /opt/st/stm32cubeide_1.4.0/plugins/com.st.stm32cube.ide.mcu.externaltools.gnu-tools-for-stm32.7-2018-q2-update.linux64_1.4.0.202007081208/tools/bin/../lib/gcc/arm-none-eabi/7.3.1/../../../../arm-none-eabi/lib/thumb/v7e-m/fpv4-sp/hard/libc_nano.a(lib_a-sbrkr.o)
                0x000000000800a974                _sbrk_r
 .text.__malloc_lock
                0x000000000800a994        0x2 /opt/st/stm32cubeide_1.4.0/plugins/com.st.stm32cube.ide.mcu.externaltools.gnu-tools-for-stm32.7-2018-q2-update.linux64_1.4.0.202007081208/tools/bin/../lib/gcc/arm-none-eabi/7.3.1/../../../../arm-none-eabi/lib/thumb/v7e-m/fpv4-sp/hard/libc_nano.a(lib_a-mlock.o)
                0x000000000800a994                __malloc_lock
 .text.__malloc_unlock
                0x000000000800a996        0x2 /opt/st/stm32cubeide_1.4.0/plugins/com.st.stm32cube.ide.mcu.externaltools.gnu-tools-for-stm32.7-2018-q2-update.linux64_1.4.0.202007081208/tools/bin/../lib/gcc/arm-none-eabi/7.3.1/../../../../arm-none-eabi/lib/thumb/v7e-m/fpv4-sp/hard/libc_nano.a(lib_a-mlock.o)
                0x000000000800a996                __malloc_unlock
 .text._malloc_usable_size_r
                0x000000000800a998       0x10 /opt/st/stm32cubeide_1.4.0/plugins/com.st.stm32cube.ide.mcu.externaltools.gnu-tools-for-stm32.7-2018-q2-update.linux64_1.4.0.202007081208/tools/bin/../lib/gcc/arm-none-eabi/7.3.1/../../../../arm-none-eabi/lib/thumb/v7e-m/fpv4-sp/hard/libc_nano.a(lib_a-nano-msizer.o)
                0x000000000800a998                _malloc_usable_size_r
 *(.glue_7)
 .glue_7        0x000000000800a9a8        0x0 linker stubs
 *(.glue_7t)
 .glue_7t       0x000000000800a9a8        0x0 linker stubs
 *(.eh_frame)
 .eh_frame      0x000000000800a9a8        0x0 /opt/st/stm32cubeide_1.4.0/plugins/com.st.stm32cube.ide.mcu.externaltools.gnu-tools-for-stm32.7-2018-q2-update.linux64_1.4.0.202007081208/tools/bin/../lib/gcc/arm-none-eabi/7.3.1/thumb/v7e-m/fpv4-sp/hard/crtbegin.o
 *(.init)
 .init          0x000000000800a9a8        0x4 /opt/st/stm32cubeide_1.4.0/plugins/com.st.stm32cube.ide.mcu.externaltools.gnu-tools-for-stm32.7-2018-q2-update.linux64_1.4.0.202007081208/tools/bin/../lib/gcc/arm-none-eabi/7.3.1/thumb/v7e-m/fpv4-sp/hard/crti.o
                0x000000000800a9a8                _init
 .init          0x000000000800a9ac        0x8 /opt/st/stm32cubeide_1.4.0/plugins/com.st.stm32cube.ide.mcu.externaltools.gnu-tools-for-stm32.7-2018-q2-update.linux64_1.4.0.202007081208/tools/bin/../lib/gcc/arm-none-eabi/7.3.1/thumb/v7e-m/fpv4-sp/hard/crtn.o
 *(.fini)
 .fini          0x000000000800a9b4        0x4 /opt/st/stm32cubeide_1.4.0/plugins/com.st.stm32cube.ide.mcu.externaltools.gnu-tools-for-stm32.7-2018-q2-update.linux64_1.4.0.202007081208/tools/bin/../lib/gcc/arm-none-eabi/7.3.1/thumb/v7e-m/fpv4-sp/hard/crti.o
                0x000000000800a9b4                _fini
 .fini          0x000000000800a9b8        0x8 /opt/st/stm32cubeide_1.4.0/plugins/com.st.stm32cube.ide.mcu.externaltools.gnu-tools-for-stm32.7-2018-q2-update.linux64_1.4.0.202007081208/tools/bin/../lib/gcc/arm-none-eabi/7.3.1/thumb/v7e-m/fpv4-sp/hard/crtn.o
                0x000000000800a9c0                . = ALIGN (0x4)
                0x000000000800a9c0                _etext = .

.vfp11_veneer   0x000000000800a9c0        0x0
 .vfp11_veneer  0x000000000800a9c0        0x0 linker stubs

.v4_bx          0x000000000800a9c0        0x0
 .v4_bx         0x000000000800a9c0        0x0 linker stubs

.iplt           0x000000000800a9c0        0x0
 .iplt          0x000000000800a9c0        0x0 /opt/st/stm32cubeide_1.4.0/plugins/com.st.stm32cube.ide.mcu.externaltools.gnu-tools-for-stm32.7-2018-q2-update.linux64_1.4.0.202007081208/tools/bin/../lib/gcc/arm-none-eabi/7.3.1/thumb/v7e-m/fpv4-sp/hard/crtbegin.o

.rodata         0x000000000800a9c0      0x334
                0x000000000800a9c0                . = ALIGN (0x4)
 *(.rodata)
 .rodata        0x000000000800a9c0       0x44 Middlewares/Third_Party/FatFs/src/ff.o
 .rodata        0x000000000800aa04       0xf6 Src/main.o
 *(.rodata*)
 *fill*         0x000000000800aafa        0x2 
 .rodata.aPLLMULFactorTable
                0x000000000800aafc       0x10 Drivers/STM32F3xx_HAL_Driver/Src/stm32f3xx_hal_rcc.o
                0x000000000800aafc                aPLLMULFactorTable
 .rodata.aPredivFactorTable
                0x000000000800ab0c       0x10 Drivers/STM32F3xx_HAL_Driver/Src/stm32f3xx_hal_rcc.o
                0x000000000800ab0c                aPredivFactorTable
 .rodata.ExCvt  0x000000000800ab1c       0x80 Middlewares/Third_Party/FatFs/src/ff.o
 .rodata.AHBPrescTable
                0x000000000800ab9c       0x10 Src/system_stm32f3xx.o
                0x000000000800ab9c                AHBPrescTable
 .rodata.APBPrescTable
                0x000000000800abac        0x8 Src/system_stm32f3xx.o
                0x000000000800abac                APBPrescTable
 .rodata._setlocale_r.str1.1
                0x000000000800abb4        0x8 /opt/st/stm32cubeide_1.4.0/plugins/com.st.stm32cube.ide.mcu.externaltools.gnu-tools-for-stm32.7-2018-q2-update.linux64_1.4.0.202007081208/tools/bin/../lib/gcc/arm-none-eabi/7.3.1/../../../../arm-none-eabi/lib/thumb/v7e-m/fpv4-sp/hard/libc_nano.a(lib_a-locale.o)
                                          0x9 (size before relaxing)
 .rodata.str1.1
                0x000000000800abbc        0x2 /opt/st/stm32cubeide_1.4.0/plugins/com.st.stm32cube.ide.mcu.externaltools.gnu-tools-for-stm32.7-2018-q2-update.linux64_1.4.0.202007081208/tools/bin/../lib/gcc/arm-none-eabi/7.3.1/../../../../arm-none-eabi/lib/thumb/v7e-m/fpv4-sp/hard/libc_nano.a(lib_a-locale.o)
 .rodata._svfprintf_r.str1.1
                0x000000000800abbe       0x11 /opt/st/stm32cubeide_1.4.0/plugins/com.st.stm32cube.ide.mcu.externaltools.gnu-tools-for-stm32.7-2018-q2-update.linux64_1.4.0.202007081208/tools/bin/../lib/gcc/arm-none-eabi/7.3.1/../../../../arm-none-eabi/lib/thumb/v7e-m/fpv4-sp/hard/libc_nano.a(lib_a-nano-svfprintf.o)
 .rodata._printf_i.str1.1
                0x000000000800abcf       0x22 /opt/st/stm32cubeide_1.4.0/plugins/com.st.stm32cube.ide.mcu.externaltools.gnu-tools-for-stm32.7-2018-q2-update.linux64_1.4.0.202007081208/tools/bin/../lib/gcc/arm-none-eabi/7.3.1/../../../../arm-none-eabi/lib/thumb/v7e-m/fpv4-sp/hard/libc_nano.a(lib_a-nano-vfprintf_i.o)
 .rodata._ctype_
                0x000000000800abf1      0x101 /opt/st/stm32cubeide_1.4.0/plugins/com.st.stm32cube.ide.mcu.externaltools.gnu-tools-for-stm32.7-2018-q2-update.linux64_1.4.0.202007081208/tools/bin/../lib/gcc/arm-none-eabi/7.3.1/../../../../arm-none-eabi/lib/thumb/v7e-m/fpv4-sp/hard/libc_nano.a(lib_a-ctype_.o)
                0x000000000800abf1                _ctype_
                0x000000000800acf4                . = ALIGN (0x4)
 *fill*         0x000000000800acf2        0x2 

.rel.dyn        0x000000000800acf4        0x0
 .rel.iplt      0x000000000800acf4        0x0 /opt/st/stm32cubeide_1.4.0/plugins/com.st.stm32cube.ide.mcu.externaltools.gnu-tools-for-stm32.7-2018-q2-update.linux64_1.4.0.202007081208/tools/bin/../lib/gcc/arm-none-eabi/7.3.1/thumb/v7e-m/fpv4-sp/hard/crtbegin.o

.ARM.extab      0x000000000800acf4        0x0
                0x000000000800acf4                . = ALIGN (0x4)
 *(.ARM.extab* .gnu.linkonce.armextab.*)
                0x000000000800acf4                . = ALIGN (0x4)

.ARM            0x000000000800acf4        0x0
                0x000000000800acf4                . = ALIGN (0x4)
                0x000000000800acf4                __exidx_start = .
 *(.ARM.exidx*)
                0x000000000800acf4                __exidx_end = .
                0x000000000800acf4                . = ALIGN (0x4)

.preinit_array  0x000000000800acf4        0x0
                0x000000000800acf4                . = ALIGN (0x4)
                0x000000000800acf4                PROVIDE (__preinit_array_start = .)
 *(.preinit_array*)
                0x000000000800acf4                PROVIDE (__preinit_array_end = .)
                0x000000000800acf4                . = ALIGN (0x4)

.init_array     0x000000000800acf4        0x4
                0x000000000800acf4                . = ALIGN (0x4)
                0x000000000800acf4                PROVIDE (__init_array_start = .)
 *(SORT_BY_NAME(.init_array.*))
 *(.init_array*)
 .init_array    0x000000000800acf4        0x4 /opt/st/stm32cubeide_1.4.0/plugins/com.st.stm32cube.ide.mcu.externaltools.gnu-tools-for-stm32.7-2018-q2-update.linux64_1.4.0.202007081208/tools/bin/../lib/gcc/arm-none-eabi/7.3.1/thumb/v7e-m/fpv4-sp/hard/crtbegin.o
                0x000000000800acf8                PROVIDE (__init_array_end = .)
                0x000000000800acf8                . = ALIGN (0x4)

.fini_array     0x000000000800acf8        0x4
                0x000000000800acf8                . = ALIGN (0x4)
                [!provide]                        PROVIDE (__fini_array_start = .)
 *(SORT_BY_NAME(.fini_array.*))
 *(.fini_array*)
 .fini_array    0x000000000800acf8        0x4 /opt/st/stm32cubeide_1.4.0/plugins/com.st.stm32cube.ide.mcu.externaltools.gnu-tools-for-stm32.7-2018-q2-update.linux64_1.4.0.202007081208/tools/bin/../lib/gcc/arm-none-eabi/7.3.1/thumb/v7e-m/fpv4-sp/hard/crtbegin.o
                [!provide]                        PROVIDE (__fini_array_end = .)
                0x000000000800acfc                . = ALIGN (0x4)
                0x000000000800acfc                _sidata = LOADADDR (.data)

.data           0x0000000020000000      0x1f8 load address 0x000000000800acfc
                0x0000000020000000                . = ALIGN (0x4)
                0x0000000020000000                _sdata = .
 *(.data)
 *(.data*)
 .data.uwTickPrio
                0x0000000020000000        0x4 Drivers/STM32F3xx_HAL_Driver/Src/stm32f3xx_hal.o
                0x0000000020000000                uwTickPrio
 .data.uwTickFreq
                0x0000000020000004        0x1 Drivers/STM32F3xx_HAL_Driver/Src/stm32f3xx_hal.o
                0x0000000020000004                uwTickFreq
 .data.Stat     0x0000000020000005        0x1 Src/fatfs_sd.o
 *fill*         0x0000000020000006        0x2 
 .data.SerialNo
                0x0000000020000008        0x7 Src/main.o
                0x0000000020000008                SerialNo
 *fill*         0x000000002000000f        0x1 
 .data.SystemCoreClock
                0x0000000020000010        0x4 Src/system_stm32f3xx.o
                0x0000000020000010                SystemCoreClock
 .data.USER_Driver
                0x0000000020000014       0x14 Src/user_diskio.o
                0x0000000020000014                USER_Driver
 .data._impure_ptr
                0x0000000020000028        0x4 /opt/st/stm32cubeide_1.4.0/plugins/com.st.stm32cube.ide.mcu.externaltools.gnu-tools-for-stm32.7-2018-q2-update.linux64_1.4.0.202007081208/tools/bin/../lib/gcc/arm-none-eabi/7.3.1/../../../../arm-none-eabi/lib/thumb/v7e-m/fpv4-sp/hard/libc_nano.a(lib_a-impure.o)
                0x0000000020000028                _impure_ptr
 .data.impure_data
                0x000000002000002c       0x60 /opt/st/stm32cubeide_1.4.0/plugins/com.st.stm32cube.ide.mcu.externaltools.gnu-tools-for-stm32.7-2018-q2-update.linux64_1.4.0.202007081208/tools/bin/../lib/gcc/arm-none-eabi/7.3.1/../../../../arm-none-eabi/lib/thumb/v7e-m/fpv4-sp/hard/libc_nano.a(lib_a-impure.o)
 .data.__global_locale
                0x000000002000008c      0x16c /opt/st/stm32cubeide_1.4.0/plugins/com.st.stm32cube.ide.mcu.externaltools.gnu-tools-for-stm32.7-2018-q2-update.linux64_1.4.0.202007081208/tools/bin/../lib/gcc/arm-none-eabi/7.3.1/../../../../arm-none-eabi/lib/thumb/v7e-m/fpv4-sp/hard/libc_nano.a(lib_a-locale.o)
                0x000000002000008c                __global_locale
                0x00000000200001f8                . = ALIGN (0x4)
                0x00000000200001f8                _edata = .

.igot.plt       0x00000000200001f8        0x0 load address 0x000000000800aef4
 .igot.plt      0x00000000200001f8        0x0 /opt/st/stm32cubeide_1.4.0/plugins/com.st.stm32cube.ide.mcu.externaltools.gnu-tools-for-stm32.7-2018-q2-update.linux64_1.4.0.202007081208/tools/bin/../lib/gcc/arm-none-eabi/7.3.1/thumb/v7e-m/fpv4-sp/hard/crtbegin.o
                0x00000000200001f8                . = ALIGN (0x4)

.bss            0x00000000200001f8     0x1434 load address 0x000000000800aef4
                0x00000000200001f8                _sbss = .
                0x00000000200001f8                __bss_start__ = _sbss
 *(.bss)
 .bss           0x00000000200001f8       0x1c /opt/st/stm32cubeide_1.4.0/plugins/com.st.stm32cube.ide.mcu.externaltools.gnu-tools-for-stm32.7-2018-q2-update.linux64_1.4.0.202007081208/tools/bin/../lib/gcc/arm-none-eabi/7.3.1/thumb/v7e-m/fpv4-sp/hard/crtbegin.o
 *(.bss*)
 .bss.FatFs     0x0000000020000214        0x4 Middlewares/Third_Party/FatFs/src/ff.o
 .bss.Fsid      0x0000000020000218        0x2 Middlewares/Third_Party/FatFs/src/ff.o
 *fill*         0x000000002000021a        0x2 
 .bss.Files     0x000000002000021c       0x18 Middlewares/Third_Party/FatFs/src/ff.o
 .bss.disk      0x0000000020000234        0xc Middlewares/Third_Party/FatFs/src/ff_gen_drv.o
                0x0000000020000234                disk
 .bss.open      0x0000000020000240        0x1 Src/File_Handling_RTOS.o
                0x0000000020000240                open
 .bss.CardType  0x0000000020000241        0x1 Src/fatfs_sd.o
 .bss.PowerFlag
                0x0000000020000242        0x1 Src/fatfs_sd.o
 *fill*         0x0000000020000243        0x1 
 .bss.sAlarm1   0x0000000020000244       0x28 Src/main.o
                0x0000000020000244                sAlarm1
 .bss.branje    0x000000002000026c        0x4 Src/main.o
                0x000000002000026c                branje
 .bss.FatFsCnt  0x0000000020000270        0x1 Src/stm32f3xx_it.o
                0x0000000020000270                FatFsCnt
 *fill*         0x0000000020000271        0x3 
 .bss.heap_end.6424
                0x0000000020000274        0x4 Src/sysmem.o
 .bss.__malloc_free_list
                0x0000000020000278        0x4 /opt/st/stm32cubeide_1.4.0/plugins/com.st.stm32cube.ide.mcu.externaltools.gnu-tools-for-stm32.7-2018-q2-update.linux64_1.4.0.202007081208/tools/bin/../lib/gcc/arm-none-eabi/7.3.1/../../../../arm-none-eabi/lib/thumb/v7e-m/fpv4-sp/hard/libc_nano.a(lib_a-nano-mallocr.o)
                0x0000000020000278                __malloc_free_list
 .bss.__malloc_sbrk_start
                0x000000002000027c        0x4 /opt/st/stm32cubeide_1.4.0/plugins/com.st.stm32cube.ide.mcu.externaltools.gnu-tools-for-stm32.7-2018-q2-update.linux64_1.4.0.202007081208/tools/bin/../lib/gcc/arm-none-eabi/7.3.1/../../../../arm-none-eabi/lib/thumb/v7e-m/fpv4-sp/hard/libc_nano.a(lib_a-nano-mallocr.o)
                0x000000002000027c                __malloc_sbrk_start
 *(COMMON)
 COMMON         0x0000000020000280        0x4 Drivers/STM32F3xx_HAL_Driver/Src/stm32f3xx_hal.o
                0x0000000020000280                uwTick
 COMMON         0x0000000020000284      0x490 Src/File_Handling_RTOS.o
                0x0000000020000284                fre_clust
                0x0000000020000288                fno
                0x00000000200002a0                fs
                0x00000000200004d0                br
                0x00000000200004d4                free_space
                0x00000000200004d8                bw
                0x00000000200004dc                pfs
                0x00000000200004e0                fresult
                0x00000000200004e4                total
                0x00000000200004e8                fil
 COMMON         0x0000000020000714      0x464 Src/fatfs.o
                0x0000000020000714                USERPath
                0x0000000020000718                retUSER
                0x000000002000071c                USERFile
                0x0000000020000948                USERFatFS
 COMMON         0x0000000020000b78      0xa6c Src/main.o
                0x0000000020000b78                resetTime
                0x0000000020000b8c                hadc1
                0x0000000020000bdc                huart1
                0x0000000020000c5c                hdma_adc1
                0x0000000020000ca0                hrtc
                0x0000000020000cc0                data
                0x0000000020000ccc                GPIO_InitStruct
                0x0000000020000ce0                time
                0x0000000020000cf4                resetDate
                0x0000000020000cf8                Server
                0x0000000020000d08                hspi1
                0x0000000020000d6c                sensor
                0x0000000020000d70                htim2
                0x0000000020000db0                passwd
                0x0000000020000dc4                Time
                0x0000000020000dcc                date
                0x0000000020000dd0                prejeto
                0x00000000200015d0                SSID
 COMMON         0x00000000200015e4       0x40 Src/stm32f3xx_hal_timebase_tim.o
                0x00000000200015e4                htim1
 COMMON         0x0000000020001624        0x2 Src/stm32f3xx_it.o
                0x0000000020001624                Timer2
                0x0000000020001625                Timer1
 *fill*         0x0000000020001626        0x2 
 COMMON         0x0000000020001628        0x4 /opt/st/stm32cubeide_1.4.0/plugins/com.st.stm32cube.ide.mcu.externaltools.gnu-tools-for-stm32.7-2018-q2-update.linux64_1.4.0.202007081208/tools/bin/../lib/gcc/arm-none-eabi/7.3.1/../../../../arm-none-eabi/lib/thumb/v7e-m/fpv4-sp/hard/libc_nano.a(lib_a-reent.o)
                0x0000000020001628                errno
                0x000000002000162c                . = ALIGN (0x4)
                0x000000002000162c                _ebss = .
                0x000000002000162c                __bss_end__ = _ebss

._user_heap_stack
                0x000000002000162c      0x604 load address 0x000000000800aef4
                0x0000000020001630                . = ALIGN (0x8)
 *fill*         0x000000002000162c        0x4 
                0x0000000020001630                PROVIDE (end = .)
                [!provide]                        PROVIDE (_end = .)
                0x0000000020001830                . = (. + _Min_Heap_Size)
 *fill*         0x0000000020001630      0x200 
                0x0000000020001c30                . = (. + _Min_Stack_Size)
 *fill*         0x0000000020001830      0x400 
                0x0000000020001c30                . = ALIGN (0x8)

/DISCARD/
 libc.a(*)
 libm.a(*)
 libgcc.a(*)

.ARM.attributes
                0x0000000000000000       0x30
 *(.ARM.attributes)
 .ARM.attributes
                0x0000000000000000       0x22 /opt/st/stm32cubeide_1.4.0/plugins/com.st.stm32cube.ide.mcu.externaltools.gnu-tools-for-stm32.7-2018-q2-update.linux64_1.4.0.202007081208/tools/bin/../lib/gcc/arm-none-eabi/7.3.1/thumb/v7e-m/fpv4-sp/hard/crti.o
 .ARM.attributes
                0x0000000000000022       0x34 /opt/st/stm32cubeide_1.4.0/plugins/com.st.stm32cube.ide.mcu.externaltools.gnu-tools-for-stm32.7-2018-q2-update.linux64_1.4.0.202007081208/tools/bin/../lib/gcc/arm-none-eabi/7.3.1/thumb/v7e-m/fpv4-sp/hard/crtbegin.o
 .ARM.attributes
                0x0000000000000056       0x39 Drivers/STM32F3xx_HAL_Driver/Src/stm32f3xx_hal.o
 .ARM.attributes
                0x000000000000008f       0x39 Drivers/STM32F3xx_HAL_Driver/Src/stm32f3xx_hal_adc_ex.o
 .ARM.attributes
                0x00000000000000c8       0x39 Drivers/STM32F3xx_HAL_Driver/Src/stm32f3xx_hal_cortex.o
 .ARM.attributes
                0x0000000000000101       0x39 Drivers/STM32F3xx_HAL_Driver/Src/stm32f3xx_hal_dma.o
 .ARM.attributes
                0x000000000000013a       0x39 Drivers/STM32F3xx_HAL_Driver/Src/stm32f3xx_hal_gpio.o
 .ARM.attributes
                0x0000000000000173       0x39 Drivers/STM32F3xx_HAL_Driver/Src/stm32f3xx_hal_rcc.o
 .ARM.attributes
                0x00000000000001ac       0x39 Drivers/STM32F3xx_HAL_Driver/Src/stm32f3xx_hal_rcc_ex.o
 .ARM.attributes
                0x00000000000001e5       0x39 Drivers/STM32F3xx_HAL_Driver/Src/stm32f3xx_hal_rtc.o
 .ARM.attributes
                0x000000000000021e       0x39 Drivers/STM32F3xx_HAL_Driver/Src/stm32f3xx_hal_rtc_ex.o
 .ARM.attributes
                0x0000000000000257       0x39 Drivers/STM32F3xx_HAL_Driver/Src/stm32f3xx_hal_spi.o
 .ARM.attributes
                0x0000000000000290       0x39 Drivers/STM32F3xx_HAL_Driver/Src/stm32f3xx_hal_tim.o
 .ARM.attributes
                0x00000000000002c9       0x39 Drivers/STM32F3xx_HAL_Driver/Src/stm32f3xx_hal_tim_ex.o
 .ARM.attributes
                0x0000000000000302       0x39 Drivers/STM32F3xx_HAL_Driver/Src/stm32f3xx_hal_uart.o
 .ARM.attributes
                0x000000000000033b       0x39 Drivers/STM32F3xx_HAL_Driver/Src/stm32f3xx_hal_uart_ex.o
 .ARM.attributes
                0x0000000000000374       0x39 Middlewares/Third_Party/FatFs/src/diskio.o
 .ARM.attributes
                0x00000000000003ad       0x39 Middlewares/Third_Party/FatFs/src/ff.o
 .ARM.attributes
                0x00000000000003e6       0x39 Middlewares/Third_Party/FatFs/src/ff_gen_drv.o
 .ARM.attributes
                0x000000000000041f       0x39 Src/File_Handling_RTOS.o
 .ARM.attributes
                0x0000000000000458       0x39 Src/MY_DHT.o
 .ARM.attributes
                0x0000000000000491       0x39 Src/fatfs.o
 .ARM.attributes
                0x00000000000004ca       0x39 Src/fatfs_sd.o
 .ARM.attributes
                0x0000000000000503       0x39 Src/main.o
 .ARM.attributes
                0x000000000000053c       0x39 Src/stm32f3xx_hal_msp.o
 .ARM.attributes
                0x0000000000000575       0x39 Src/stm32f3xx_hal_timebase_tim.o
 .ARM.attributes
                0x00000000000005ae       0x39 Src/stm32f3xx_it.o
 .ARM.attributes
                0x00000000000005e7       0x39 Src/sysmem.o
 .ARM.attributes
                0x0000000000000620       0x39 Src/system_stm32f3xx.o
 .ARM.attributes
                0x0000000000000659       0x39 Src/user_diskio.o
 .ARM.attributes
                0x0000000000000692       0x21 Startup/startup_stm32f303k8tx.o
 .ARM.attributes
                0x00000000000006b3       0x34 /opt/st/stm32cubeide_1.4.0/plugins/com.st.stm32cube.ide.mcu.externaltools.gnu-tools-for-stm32.7-2018-q2-update.linux64_1.4.0.202007081208/tools/bin/../lib/gcc/arm-none-eabi/7.3.1/../../../../arm-none-eabi/lib/thumb/v7e-m/fpv4-sp/hard/libc_nano.a(lib_a-atoi.o)
 .ARM.attributes
                0x00000000000006e7       0x34 /opt/st/stm32cubeide_1.4.0/plugins/com.st.stm32cube.ide.mcu.externaltools.gnu-tools-for-stm32.7-2018-q2-update.linux64_1.4.0.202007081208/tools/bin/../lib/gcc/arm-none-eabi/7.3.1/../../../../arm-none-eabi/lib/thumb/v7e-m/fpv4-sp/hard/libc_nano.a(lib_a-errno.o)
 .ARM.attributes
                0x000000000000071b       0x34 /opt/st/stm32cubeide_1.4.0/plugins/com.st.stm32cube.ide.mcu.externaltools.gnu-tools-for-stm32.7-2018-q2-update.linux64_1.4.0.202007081208/tools/bin/../lib/gcc/arm-none-eabi/7.3.1/../../../../arm-none-eabi/lib/thumb/v7e-m/fpv4-sp/hard/libc_nano.a(lib_a-impure.o)
 .ARM.attributes
                0x000000000000074f       0x34 /opt/st/stm32cubeide_1.4.0/plugins/com.st.stm32cube.ide.mcu.externaltools.gnu-tools-for-stm32.7-2018-q2-update.linux64_1.4.0.202007081208/tools/bin/../lib/gcc/arm-none-eabi/7.3.1/../../../../arm-none-eabi/lib/thumb/v7e-m/fpv4-sp/hard/libc_nano.a(lib_a-init.o)
 .ARM.attributes
                0x0000000000000783       0x34 /opt/st/stm32cubeide_1.4.0/plugins/com.st.stm32cube.ide.mcu.externaltools.gnu-tools-for-stm32.7-2018-q2-update.linux64_1.4.0.202007081208/tools/bin/../lib/gcc/arm-none-eabi/7.3.1/../../../../arm-none-eabi/lib/thumb/v7e-m/fpv4-sp/hard/libc_nano.a(lib_a-memset.o)
 .ARM.attributes
                0x00000000000007b7       0x34 /opt/st/stm32cubeide_1.4.0/plugins/com.st.stm32cube.ide.mcu.externaltools.gnu-tools-for-stm32.7-2018-q2-update.linux64_1.4.0.202007081208/tools/bin/../lib/gcc/arm-none-eabi/7.3.1/../../../../arm-none-eabi/lib/thumb/v7e-m/fpv4-sp/hard/libc_nano.a(lib_a-sprintf.o)
 .ARM.attributes
                0x00000000000007eb       0x1b /opt/st/stm32cubeide_1.4.0/plugins/com.st.stm32cube.ide.mcu.externaltools.gnu-tools-for-stm32.7-2018-q2-update.linux64_1.4.0.202007081208/tools/bin/../lib/gcc/arm-none-eabi/7.3.1/../../../../arm-none-eabi/lib/thumb/v7e-m/fpv4-sp/hard/libc_nano.a(lib_a-strlen.o)
 .ARM.attributes
                0x0000000000000806       0x34 /opt/st/stm32cubeide_1.4.0/plugins/com.st.stm32cube.ide.mcu.externaltools.gnu-tools-for-stm32.7-2018-q2-update.linux64_1.4.0.202007081208/tools/bin/../lib/gcc/arm-none-eabi/7.3.1/../../../../arm-none-eabi/lib/thumb/v7e-m/fpv4-sp/hard/libc_nano.a(lib_a-strtol.o)
 .ARM.attributes
                0x000000000000083a       0x34 /opt/st/stm32cubeide_1.4.0/plugins/com.st.stm32cube.ide.mcu.externaltools.gnu-tools-for-stm32.7-2018-q2-update.linux64_1.4.0.202007081208/tools/bin/../lib/gcc/arm-none-eabi/7.3.1/../../../../arm-none-eabi/lib/thumb/v7e-m/fpv4-sp/hard/libc_nano.a(lib_a-locale.o)
 .ARM.attributes
                0x000000000000086e       0x34 /opt/st/stm32cubeide_1.4.0/plugins/com.st.stm32cube.ide.mcu.externaltools.gnu-tools-for-stm32.7-2018-q2-update.linux64_1.4.0.202007081208/tools/bin/../lib/gcc/arm-none-eabi/7.3.1/../../../../arm-none-eabi/lib/thumb/v7e-m/fpv4-sp/hard/libc_nano.a(lib_a-mbtowc_r.o)
 .ARM.attributes
                0x00000000000008a2       0x34 /opt/st/stm32cubeide_1.4.0/plugins/com.st.stm32cube.ide.mcu.externaltools.gnu-tools-for-stm32.7-2018-q2-update.linux64_1.4.0.202007081208/tools/bin/../lib/gcc/arm-none-eabi/7.3.1/../../../../arm-none-eabi/lib/thumb/v7e-m/fpv4-sp/hard/libc_nano.a(lib_a-nano-svfprintf.o)
 .ARM.attributes
                0x00000000000008d6       0x34 /opt/st/stm32cubeide_1.4.0/plugins/com.st.stm32cube.ide.mcu.externaltools.gnu-tools-for-stm32.7-2018-q2-update.linux64_1.4.0.202007081208/tools/bin/../lib/gcc/arm-none-eabi/7.3.1/../../../../arm-none-eabi/lib/thumb/v7e-m/fpv4-sp/hard/libc_nano.a(lib_a-nano-vfprintf_i.o)
 .ARM.attributes
                0x000000000000090a       0x34 /opt/st/stm32cubeide_1.4.0/plugins/com.st.stm32cube.ide.mcu.externaltools.gnu-tools-for-stm32.7-2018-q2-update.linux64_1.4.0.202007081208/tools/bin/../lib/gcc/arm-none-eabi/7.3.1/../../../../arm-none-eabi/lib/thumb/v7e-m/fpv4-sp/hard/libc_nano.a(lib_a-wctomb_r.o)
 .ARM.attributes
                0x000000000000093e       0x34 /opt/st/stm32cubeide_1.4.0/plugins/com.st.stm32cube.ide.mcu.externaltools.gnu-tools-for-stm32.7-2018-q2-update.linux64_1.4.0.202007081208/tools/bin/../lib/gcc/arm-none-eabi/7.3.1/../../../../arm-none-eabi/lib/thumb/v7e-m/fpv4-sp/hard/libc_nano.a(lib_a-ctype_.o)
 .ARM.attributes
                0x0000000000000972       0x20 /opt/st/stm32cubeide_1.4.0/plugins/com.st.stm32cube.ide.mcu.externaltools.gnu-tools-for-stm32.7-2018-q2-update.linux64_1.4.0.202007081208/tools/bin/../lib/gcc/arm-none-eabi/7.3.1/../../../../arm-none-eabi/lib/thumb/v7e-m/fpv4-sp/hard/libc_nano.a(lib_a-memchr.o)
 .ARM.attributes
                0x0000000000000992       0x34 /opt/st/stm32cubeide_1.4.0/plugins/com.st.stm32cube.ide.mcu.externaltools.gnu-tools-for-stm32.7-2018-q2-update.linux64_1.4.0.202007081208/tools/bin/../lib/gcc/arm-none-eabi/7.3.1/../../../../arm-none-eabi/lib/thumb/v7e-m/fpv4-sp/hard/libc_nano.a(lib_a-memcpy-stub.o)
 .ARM.attributes
                0x00000000000009c6       0x34 /opt/st/stm32cubeide_1.4.0/plugins/com.st.stm32cube.ide.mcu.externaltools.gnu-tools-for-stm32.7-2018-q2-update.linux64_1.4.0.202007081208/tools/bin/../lib/gcc/arm-none-eabi/7.3.1/../../../../arm-none-eabi/lib/thumb/v7e-m/fpv4-sp/hard/libc_nano.a(lib_a-memmove.o)
 .ARM.attributes
                0x00000000000009fa       0x34 /opt/st/stm32cubeide_1.4.0/plugins/com.st.stm32cube.ide.mcu.externaltools.gnu-tools-for-stm32.7-2018-q2-update.linux64_1.4.0.202007081208/tools/bin/../lib/gcc/arm-none-eabi/7.3.1/../../../../arm-none-eabi/lib/thumb/v7e-m/fpv4-sp/hard/libc_nano.a(lib_a-nano-freer.o)
 .ARM.attributes
                0x0000000000000a2e       0x34 /opt/st/stm32cubeide_1.4.0/plugins/com.st.stm32cube.ide.mcu.externaltools.gnu-tools-for-stm32.7-2018-q2-update.linux64_1.4.0.202007081208/tools/bin/../lib/gcc/arm-none-eabi/7.3.1/../../../../arm-none-eabi/lib/thumb/v7e-m/fpv4-sp/hard/libc_nano.a(lib_a-nano-mallocr.o)
 .ARM.attributes
                0x0000000000000a62       0x34 /opt/st/stm32cubeide_1.4.0/plugins/com.st.stm32cube.ide.mcu.externaltools.gnu-tools-for-stm32.7-2018-q2-update.linux64_1.4.0.202007081208/tools/bin/../lib/gcc/arm-none-eabi/7.3.1/../../../../arm-none-eabi/lib/thumb/v7e-m/fpv4-sp/hard/libc_nano.a(lib_a-nano-reallocr.o)
 .ARM.attributes
                0x0000000000000a96       0x34 /opt/st/stm32cubeide_1.4.0/plugins/com.st.stm32cube.ide.mcu.externaltools.gnu-tools-for-stm32.7-2018-q2-update.linux64_1.4.0.202007081208/tools/bin/../lib/gcc/arm-none-eabi/7.3.1/../../../../arm-none-eabi/lib/thumb/v7e-m/fpv4-sp/hard/libc_nano.a(lib_a-sbrkr.o)
 .ARM.attributes
                0x0000000000000aca       0x34 /opt/st/stm32cubeide_1.4.0/plugins/com.st.stm32cube.ide.mcu.externaltools.gnu-tools-for-stm32.7-2018-q2-update.linux64_1.4.0.202007081208/tools/bin/../lib/gcc/arm-none-eabi/7.3.1/../../../../arm-none-eabi/lib/thumb/v7e-m/fpv4-sp/hard/libc_nano.a(lib_a-mlock.o)
 .ARM.attributes
                0x0000000000000afe       0x34 /opt/st/stm32cubeide_1.4.0/plugins/com.st.stm32cube.ide.mcu.externaltools.gnu-tools-for-stm32.7-2018-q2-update.linux64_1.4.0.202007081208/tools/bin/../lib/gcc/arm-none-eabi/7.3.1/../../../../arm-none-eabi/lib/thumb/v7e-m/fpv4-sp/hard/libc_nano.a(lib_a-nano-msizer.o)
 .ARM.attributes
                0x0000000000000b32       0x34 /opt/st/stm32cubeide_1.4.0/plugins/com.st.stm32cube.ide.mcu.externaltools.gnu-tools-for-stm32.7-2018-q2-update.linux64_1.4.0.202007081208/tools/bin/../lib/gcc/arm-none-eabi/7.3.1/../../../../arm-none-eabi/lib/thumb/v7e-m/fpv4-sp/hard/libc_nano.a(lib_a-reent.o)
 .ARM.attributes
                0x0000000000000b66       0x22 /opt/st/stm32cubeide_1.4.0/plugins/com.st.stm32cube.ide.mcu.externaltools.gnu-tools-for-stm32.7-2018-q2-update.linux64_1.4.0.202007081208/tools/bin/../lib/gcc/arm-none-eabi/7.3.1/thumb/v7e-m/fpv4-sp/hard/crtn.o
OUTPUT(Diplomska.elf elf32-littlearm)

.debug_info     0x0000000000000000    0x1a27a
 .debug_info    0x0000000000000000      0x758 Drivers/STM32F3xx_HAL_Driver/Src/stm32f3xx_hal.o
 .debug_info    0x0000000000000758     0x1571 Drivers/STM32F3xx_HAL_Driver/Src/stm32f3xx_hal_adc_ex.o
 .debug_info    0x0000000000001cc9      0xb54 Drivers/STM32F3xx_HAL_Driver/Src/stm32f3xx_hal_cortex.o
 .debug_info    0x000000000000281d      0x7cb Drivers/STM32F3xx_HAL_Driver/Src/stm32f3xx_hal_dma.o
 .debug_info    0x0000000000002fe8      0x7b2 Drivers/STM32F3xx_HAL_Driver/Src/stm32f3xx_hal_gpio.o
 .debug_info    0x000000000000379a     0x180f Drivers/STM32F3xx_HAL_Driver/Src/stm32f3xx_hal_rcc.o
 .debug_info    0x0000000000004fa9      0x612 Drivers/STM32F3xx_HAL_Driver/Src/stm32f3xx_hal_rcc_ex.o
 .debug_info    0x00000000000055bb      0xb65 Drivers/STM32F3xx_HAL_Driver/Src/stm32f3xx_hal_rtc.o
 .debug_info    0x0000000000006120      0xe1b Drivers/STM32F3xx_HAL_Driver/Src/stm32f3xx_hal_rtc_ex.o
 .debug_info    0x0000000000006f3b     0x160b Drivers/STM32F3xx_HAL_Driver/Src/stm32f3xx_hal_spi.o
 .debug_info    0x0000000000008546     0x2648 Drivers/STM32F3xx_HAL_Driver/Src/stm32f3xx_hal_tim.o
 .debug_info    0x000000000000ab8e     0x11d7 Drivers/STM32F3xx_HAL_Driver/Src/stm32f3xx_hal_tim_ex.o
 .debug_info    0x000000000000bd65     0x1592 Drivers/STM32F3xx_HAL_Driver/Src/stm32f3xx_hal_uart.o
 .debug_info    0x000000000000d2f7      0x89e Drivers/STM32F3xx_HAL_Driver/Src/stm32f3xx_hal_uart_ex.o
 .debug_info    0x000000000000db95      0x4c6 Middlewares/Third_Party/FatFs/src/diskio.o
 .debug_info    0x000000000000e05b     0x213e Middlewares/Third_Party/FatFs/src/ff.o
 .debug_info    0x0000000000010199      0x464 Middlewares/Third_Party/FatFs/src/ff_gen_drv.o
 .debug_info    0x00000000000105fd     0x107d Src/File_Handling_RTOS.o
 .debug_info    0x000000000001167a      0x927 Src/MY_DHT.o
 .debug_info    0x0000000000011fa1      0x599 Src/fatfs.o
 .debug_info    0x000000000001253a      0xbe3 Src/fatfs_sd.o
 .debug_info    0x000000000001311d     0x29f0 Src/main.o
 .debug_info    0x0000000000015b0d     0x17a2 Src/stm32f3xx_hal_msp.o
 .debug_info    0x00000000000172af      0x957 Src/stm32f3xx_hal_timebase_tim.o
 .debug_info    0x0000000000017c06      0xcb9 Src/stm32f3xx_it.o
 .debug_info    0x00000000000188bf      0x91c Src/sysmem.o
 .debug_info    0x00000000000191db      0x45c Src/system_stm32f3xx.o
 .debug_info    0x0000000000019637      0xc21 Src/user_diskio.o
 .debug_info    0x000000000001a258       0x22 Startup/startup_stm32f303k8tx.o

.debug_abbrev   0x0000000000000000     0x3817
 .debug_abbrev  0x0000000000000000      0x1c7 Drivers/STM32F3xx_HAL_Driver/Src/stm32f3xx_hal.o
 .debug_abbrev  0x00000000000001c7      0x225 Drivers/STM32F3xx_HAL_Driver/Src/stm32f3xx_hal_adc_ex.o
 .debug_abbrev  0x00000000000003ec      0x2d5 Drivers/STM32F3xx_HAL_Driver/Src/stm32f3xx_hal_cortex.o
 .debug_abbrev  0x00000000000006c1      0x1fe Drivers/STM32F3xx_HAL_Driver/Src/stm32f3xx_hal_dma.o
 .debug_abbrev  0x00000000000008bf      0x1c0 Drivers/STM32F3xx_HAL_Driver/Src/stm32f3xx_hal_gpio.o
 .debug_abbrev  0x0000000000000a7f      0x28c Drivers/STM32F3xx_HAL_Driver/Src/stm32f3xx_hal_rcc.o
 .debug_abbrev  0x0000000000000d0b      0x208 Drivers/STM32F3xx_HAL_Driver/Src/stm32f3xx_hal_rcc_ex.o
 .debug_abbrev  0x0000000000000f13      0x1af Drivers/STM32F3xx_HAL_Driver/Src/stm32f3xx_hal_rtc.o
 .debug_abbrev  0x00000000000010c2      0x1e9 Drivers/STM32F3xx_HAL_Driver/Src/stm32f3xx_hal_rtc_ex.o
 .debug_abbrev  0x00000000000012ab      0x228 Drivers/STM32F3xx_HAL_Driver/Src/stm32f3xx_hal_spi.o
 .debug_abbrev  0x00000000000014d3      0x230 Drivers/STM32F3xx_HAL_Driver/Src/stm32f3xx_hal_tim.o
 .debug_abbrev  0x0000000000001703      0x21e Drivers/STM32F3xx_HAL_Driver/Src/stm32f3xx_hal_tim_ex.o
 .debug_abbrev  0x0000000000001921      0x205 Drivers/STM32F3xx_HAL_Driver/Src/stm32f3xx_hal_uart.o
 .debug_abbrev  0x0000000000001b26      0x1e2 Drivers/STM32F3xx_HAL_Driver/Src/stm32f3xx_hal_uart_ex.o
 .debug_abbrev  0x0000000000001d08      0x16f Middlewares/Third_Party/FatFs/src/diskio.o
 .debug_abbrev  0x0000000000001e77      0x285 Middlewares/Third_Party/FatFs/src/ff.o
 .debug_abbrev  0x00000000000020fc      0x19c Middlewares/Third_Party/FatFs/src/ff_gen_drv.o
 .debug_abbrev  0x0000000000002298      0x24a Src/File_Handling_RTOS.o
 .debug_abbrev  0x00000000000024e2      0x1e5 Src/MY_DHT.o
 .debug_abbrev  0x00000000000026c7      0x17d Src/fatfs.o
 .debug_abbrev  0x0000000000002844      0x262 Src/fatfs_sd.o
 .debug_abbrev  0x0000000000002aa6      0x33c Src/main.o
 .debug_abbrev  0x0000000000002de2      0x22c Src/stm32f3xx_hal_msp.o
 .debug_abbrev  0x000000000000300e      0x19d Src/stm32f3xx_hal_timebase_tim.o
 .debug_abbrev  0x00000000000031ab      0x183 Src/stm32f3xx_it.o
 .debug_abbrev  0x000000000000332e      0x1bb Src/sysmem.o
 .debug_abbrev  0x00000000000034e9      0x12b Src/system_stm32f3xx.o
 .debug_abbrev  0x0000000000003614      0x1f1 Src/user_diskio.o
 .debug_abbrev  0x0000000000003805       0x12 Startup/startup_stm32f303k8tx.o

.debug_aranges  0x0000000000000000     0x1678
 .debug_aranges
                0x0000000000000000       0xe0 Drivers/STM32F3xx_HAL_Driver/Src/stm32f3xx_hal.o
 .debug_aranges
                0x00000000000000e0      0x168 Drivers/STM32F3xx_HAL_Driver/Src/stm32f3xx_hal_adc_ex.o
 .debug_aranges
                0x0000000000000248      0x100 Drivers/STM32F3xx_HAL_Driver/Src/stm32f3xx_hal_cortex.o
 .debug_aranges
                0x0000000000000348       0x88 Drivers/STM32F3xx_HAL_Driver/Src/stm32f3xx_hal_dma.o
 .debug_aranges
                0x00000000000003d0       0x58 Drivers/STM32F3xx_HAL_Driver/Src/stm32f3xx_hal_gpio.o
 .debug_aranges
                0x0000000000000428       0x88 Drivers/STM32F3xx_HAL_Driver/Src/stm32f3xx_hal_rcc.o
 .debug_aranges
                0x00000000000004b0       0x38 Drivers/STM32F3xx_HAL_Driver/Src/stm32f3xx_hal_rcc_ex.o
 .debug_aranges
                0x00000000000004e8       0xb8 Drivers/STM32F3xx_HAL_Driver/Src/stm32f3xx_hal_rtc.o
 .debug_aranges
                0x00000000000005a0      0x120 Drivers/STM32F3xx_HAL_Driver/Src/stm32f3xx_hal_rtc_ex.o
 .debug_aranges
                0x00000000000006c0      0x1d8 Drivers/STM32F3xx_HAL_Driver/Src/stm32f3xx_hal_spi.o
 .debug_aranges
                0x0000000000000898      0x3c8 Drivers/STM32F3xx_HAL_Driver/Src/stm32f3xx_hal_tim.o
 .debug_aranges
                0x0000000000000c60      0x160 Drivers/STM32F3xx_HAL_Driver/Src/stm32f3xx_hal_tim_ex.o
 .debug_aranges
                0x0000000000000dc0      0x210 Drivers/STM32F3xx_HAL_Driver/Src/stm32f3xx_hal_uart.o
 .debug_aranges
                0x0000000000000fd0       0x50 Drivers/STM32F3xx_HAL_Driver/Src/stm32f3xx_hal_uart_ex.o
 .debug_aranges
                0x0000000000001020       0x48 Middlewares/Third_Party/FatFs/src/diskio.o
 .debug_aranges
                0x0000000000001068      0x1e8 Middlewares/Third_Party/FatFs/src/ff.o
 .debug_aranges
                0x0000000000001250       0x40 Middlewares/Third_Party/FatFs/src/ff_gen_drv.o
 .debug_aranges
                0x0000000000001290       0x60 Src/File_Handling_RTOS.o
 .debug_aranges
                0x00000000000012f0       0x50 Src/MY_DHT.o
 .debug_aranges
                0x0000000000001340       0x28 Src/fatfs.o
 .debug_aranges
                0x0000000000001368       0xa0 Src/fatfs_sd.o
 .debug_aranges
                0x0000000000001408       0x98 Src/main.o
 .debug_aranges
                0x00000000000014a0       0x70 Src/stm32f3xx_hal_msp.o
 .debug_aranges
                0x0000000000001510       0x30 Src/stm32f3xx_hal_timebase_tim.o
 .debug_aranges
                0x0000000000001540       0x88 Src/stm32f3xx_it.o
 .debug_aranges
                0x00000000000015c8       0x20 Src/sysmem.o
 .debug_aranges
                0x00000000000015e8       0x28 Src/system_stm32f3xx.o
 .debug_aranges
                0x0000000000001610       0x40 Src/user_diskio.o
 .debug_aranges
                0x0000000000001650       0x28 Startup/startup_stm32f303k8tx.o

.debug_ranges   0x0000000000000000     0x14b0
 .debug_ranges  0x0000000000000000       0xd0 Drivers/STM32F3xx_HAL_Driver/Src/stm32f3xx_hal.o
 .debug_ranges  0x00000000000000d0      0x158 Drivers/STM32F3xx_HAL_Driver/Src/stm32f3xx_hal_adc_ex.o
 .debug_ranges  0x0000000000000228       0xf0 Drivers/STM32F3xx_HAL_Driver/Src/stm32f3xx_hal_cortex.o
 .debug_ranges  0x0000000000000318       0x78 Drivers/STM32F3xx_HAL_Driver/Src/stm32f3xx_hal_dma.o
 .debug_ranges  0x0000000000000390       0x48 Drivers/STM32F3xx_HAL_Driver/Src/stm32f3xx_hal_gpio.o
 .debug_ranges  0x00000000000003d8       0x78 Drivers/STM32F3xx_HAL_Driver/Src/stm32f3xx_hal_rcc.o
 .debug_ranges  0x0000000000000450       0x28 Drivers/STM32F3xx_HAL_Driver/Src/stm32f3xx_hal_rcc_ex.o
 .debug_ranges  0x0000000000000478       0xa8 Drivers/STM32F3xx_HAL_Driver/Src/stm32f3xx_hal_rtc.o
 .debug_ranges  0x0000000000000520      0x110 Drivers/STM32F3xx_HAL_Driver/Src/stm32f3xx_hal_rtc_ex.o
 .debug_ranges  0x0000000000000630      0x1c8 Drivers/STM32F3xx_HAL_Driver/Src/stm32f3xx_hal_spi.o
 .debug_ranges  0x00000000000007f8      0x3b8 Drivers/STM32F3xx_HAL_Driver/Src/stm32f3xx_hal_tim.o
 .debug_ranges  0x0000000000000bb0      0x150 Drivers/STM32F3xx_HAL_Driver/Src/stm32f3xx_hal_tim_ex.o
 .debug_ranges  0x0000000000000d00      0x200 Drivers/STM32F3xx_HAL_Driver/Src/stm32f3xx_hal_uart.o
 .debug_ranges  0x0000000000000f00       0x40 Drivers/STM32F3xx_HAL_Driver/Src/stm32f3xx_hal_uart_ex.o
 .debug_ranges  0x0000000000000f40       0x38 Middlewares/Third_Party/FatFs/src/diskio.o
 .debug_ranges  0x0000000000000f78      0x1d8 Middlewares/Third_Party/FatFs/src/ff.o
 .debug_ranges  0x0000000000001150       0x30 Middlewares/Third_Party/FatFs/src/ff_gen_drv.o
 .debug_ranges  0x0000000000001180       0x50 Src/File_Handling_RTOS.o
 .debug_ranges  0x00000000000011d0       0x40 Src/MY_DHT.o
 .debug_ranges  0x0000000000001210       0x18 Src/fatfs.o
 .debug_ranges  0x0000000000001228       0x90 Src/fatfs_sd.o
 .debug_ranges  0x00000000000012b8       0x88 Src/main.o
 .debug_ranges  0x0000000000001340       0x60 Src/stm32f3xx_hal_msp.o
 .debug_ranges  0x00000000000013a0       0x20 Src/stm32f3xx_hal_timebase_tim.o
 .debug_ranges  0x00000000000013c0       0x78 Src/stm32f3xx_it.o
 .debug_ranges  0x0000000000001438       0x10 Src/sysmem.o
 .debug_ranges  0x0000000000001448       0x18 Src/system_stm32f3xx.o
 .debug_ranges  0x0000000000001460       0x30 Src/user_diskio.o
 .debug_ranges  0x0000000000001490       0x20 Startup/startup_stm32f303k8tx.o

.debug_macro    0x0000000000000000    0x1bd62
 .debug_macro   0x0000000000000000      0x228 Drivers/STM32F3xx_HAL_Driver/Src/stm32f3xx_hal.o
 .debug_macro   0x0000000000000228      0xa5a Drivers/STM32F3xx_HAL_Driver/Src/stm32f3xx_hal.o
 .debug_macro   0x0000000000000c82      0x169 Drivers/STM32F3xx_HAL_Driver/Src/stm32f3xx_hal.o
 .debug_macro   0x0000000000000deb       0x2e Drivers/STM32F3xx_HAL_Driver/Src/stm32f3xx_hal.o
 .debug_macro   0x0000000000000e19       0x28 Drivers/STM32F3xx_HAL_Driver/Src/stm32f3xx_hal.o
 .debug_macro   0x0000000000000e41       0x22 Drivers/STM32F3xx_HAL_Driver/Src/stm32f3xx_hal.o
 .debug_macro   0x0000000000000e63       0x8e Drivers/STM32F3xx_HAL_Driver/Src/stm32f3xx_hal.o
 .debug_macro   0x0000000000000ef1       0x51 Drivers/STM32F3xx_HAL_Driver/Src/stm32f3xx_hal.o
 .debug_macro   0x0000000000000f42       0xef Drivers/STM32F3xx_HAL_Driver/Src/stm32f3xx_hal.o
 .debug_macro   0x0000000000001031       0x6a Drivers/STM32F3xx_HAL_Driver/Src/stm32f3xx_hal.o
 .debug_macro   0x000000000000109b      0x1df Drivers/STM32F3xx_HAL_Driver/Src/stm32f3xx_hal.o
 .debug_macro   0x000000000000127a       0x1c Drivers/STM32F3xx_HAL_Driver/Src/stm32f3xx_hal.o
 .debug_macro   0x0000000000001296       0x22 Drivers/STM32F3xx_HAL_Driver/Src/stm32f3xx_hal.o
 .debug_macro   0x00000000000012b8       0xdf Drivers/STM32F3xx_HAL_Driver/Src/stm32f3xx_hal.o
 .debug_macro   0x0000000000001397      0xf07 Drivers/STM32F3xx_HAL_Driver/Src/stm32f3xx_hal.o
 .debug_macro   0x000000000000229e    0x10bd9 Drivers/STM32F3xx_HAL_Driver/Src/stm32f3xx_hal.o
 .debug_macro   0x0000000000012e77       0x43 Drivers/STM32F3xx_HAL_Driver/Src/stm32f3xx_hal.o
 .debug_macro   0x0000000000012eba      0x174 Drivers/STM32F3xx_HAL_Driver/Src/stm32f3xx_hal.o
 .debug_macro   0x000000000001302e       0x53 Drivers/STM32F3xx_HAL_Driver/Src/stm32f3xx_hal.o
 .debug_macro   0x0000000000013081      0x8f9 Drivers/STM32F3xx_HAL_Driver/Src/stm32f3xx_hal.o
 .debug_macro   0x000000000001397a      0x304 Drivers/STM32F3xx_HAL_Driver/Src/stm32f3xx_hal.o
 .debug_macro   0x0000000000013c7e      0x12f Drivers/STM32F3xx_HAL_Driver/Src/stm32f3xx_hal.o
 .debug_macro   0x0000000000013dad      0x11b Drivers/STM32F3xx_HAL_Driver/Src/stm32f3xx_hal.o
 .debug_macro   0x0000000000013ec8      0x1d5 Drivers/STM32F3xx_HAL_Driver/Src/stm32f3xx_hal.o
 .debug_macro   0x000000000001409d      0x1bc Drivers/STM32F3xx_HAL_Driver/Src/stm32f3xx_hal.o
 .debug_macro   0x0000000000014259       0x34 Drivers/STM32F3xx_HAL_Driver/Src/stm32f3xx_hal.o
 .debug_macro   0x000000000001428d       0x3c Drivers/STM32F3xx_HAL_Driver/Src/stm32f3xx_hal.o
 .debug_macro   0x00000000000142c9       0x57 Drivers/STM32F3xx_HAL_Driver/Src/stm32f3xx_hal.o
 .debug_macro   0x0000000000014320      0x87d Drivers/STM32F3xx_HAL_Driver/Src/stm32f3xx_hal.o
 .debug_macro   0x0000000000014b9d       0x77 Drivers/STM32F3xx_HAL_Driver/Src/stm32f3xx_hal.o
 .debug_macro   0x0000000000014c14       0xc5 Drivers/STM32F3xx_HAL_Driver/Src/stm32f3xx_hal.o
 .debug_macro   0x0000000000014cd9      0x19f Drivers/STM32F3xx_HAL_Driver/Src/stm32f3xx_hal.o
 .debug_macro   0x0000000000014e78      0x22c Drivers/STM32F3xx_HAL_Driver/Src/stm32f3xx_hal.o
 .debug_macro   0x00000000000150a4       0x58 Drivers/STM32F3xx_HAL_Driver/Src/stm32f3xx_hal.o
 .debug_macro   0x00000000000150fc       0xa5 Drivers/STM32F3xx_HAL_Driver/Src/stm32f3xx_hal.o
 .debug_macro   0x00000000000151a1       0x81 Drivers/STM32F3xx_HAL_Driver/Src/stm32f3xx_hal.o
 .debug_macro   0x0000000000015222       0xd3 Drivers/STM32F3xx_HAL_Driver/Src/stm32f3xx_hal.o
 .debug_macro   0x00000000000152f5      0x2fe Drivers/STM32F3xx_HAL_Driver/Src/stm32f3xx_hal.o
 .debug_macro   0x00000000000155f3      0x388 Drivers/STM32F3xx_HAL_Driver/Src/stm32f3xx_hal.o
 .debug_macro   0x000000000001597b       0xeb Drivers/STM32F3xx_HAL_Driver/Src/stm32f3xx_hal.o
 .debug_macro   0x0000000000015a66      0x2fe Drivers/STM32F3xx_HAL_Driver/Src/stm32f3xx_hal.o
 .debug_macro   0x0000000000015d64      0x9e9 Drivers/STM32F3xx_HAL_Driver/Src/stm32f3xx_hal.o
 .debug_macro   0x000000000001674d       0x59 Drivers/STM32F3xx_HAL_Driver/Src/stm32f3xx_hal.o
 .debug_macro   0x00000000000167a6      0x589 Drivers/STM32F3xx_HAL_Driver/Src/stm32f3xx_hal.o
 .debug_macro   0x0000000000016d2f       0x44 Drivers/STM32F3xx_HAL_Driver/Src/stm32f3xx_hal.o
 .debug_macro   0x0000000000016d73      0x285 Drivers/STM32F3xx_HAL_Driver/Src/stm32f3xx_hal.o
 .debug_macro   0x0000000000016ff8      0x22e Drivers/STM32F3xx_HAL_Driver/Src/stm32f3xx_hal_adc_ex.o
 .debug_macro   0x0000000000017226      0x204 Drivers/STM32F3xx_HAL_Driver/Src/stm32f3xx_hal_cortex.o
 .debug_macro   0x000000000001742a      0x204 Drivers/STM32F3xx_HAL_Driver/Src/stm32f3xx_hal_dma.o
 .debug_macro   0x000000000001762e      0x23c Drivers/STM32F3xx_HAL_Driver/Src/stm32f3xx_hal_gpio.o
 .debug_macro   0x000000000001786a      0x228 Drivers/STM32F3xx_HAL_Driver/Src/stm32f3xx_hal_rcc.o
 .debug_macro   0x0000000000017a92      0x204 Drivers/STM32F3xx_HAL_Driver/Src/stm32f3xx_hal_rcc_ex.o
 .debug_macro   0x0000000000017c96      0x205 Drivers/STM32F3xx_HAL_Driver/Src/stm32f3xx_hal_rtc.o
 .debug_macro   0x0000000000017e9b      0x204 Drivers/STM32F3xx_HAL_Driver/Src/stm32f3xx_hal_rtc_ex.o
 .debug_macro   0x000000000001809f      0x20c Drivers/STM32F3xx_HAL_Driver/Src/stm32f3xx_hal_spi.o