Archive member included to satisfy reference by file (symbol)

/opt/st/stm32cubeide_1.4.0/plugins/com.st.stm32cube.ide.mcu.externaltools.gnu-tools-for-stm32.7-2018-q2-update.linux64_1.4.0.202007081208/tools/bin/../lib/gcc/arm-none-eabi/7.3.1/../../../../arm-none-eabi/lib/thumb/v7e-m/fpv4-sp/hard/libc_nano.a(lib_a-atoi.o)
                              Src/main.o (atoi)
/opt/st/stm32cubeide_1.4.0/plugins/com.st.stm32cube.ide.mcu.externaltools.gnu-tools-for-stm32.7-2018-q2-update.linux64_1.4.0.202007081208/tools/bin/../lib/gcc/arm-none-eabi/7.3.1/../../../../arm-none-eabi/lib/thumb/v7e-m/fpv4-sp/hard/libc_nano.a(lib_a-errno.o)
                              Src/syscalls.o (__errno)
/opt/st/stm32cubeide_1.4.0/plugins/com.st.stm32cube.ide.mcu.externaltools.gnu-tools-for-stm32.7-2018-q2-update.linux64_1.4.0.202007081208/tools/bin/../lib/gcc/arm-none-eabi/7.3.1/../../../../arm-none-eabi/lib/thumb/v7e-m/fpv4-sp/hard/libc_nano.a(lib_a-exit.o)
                              /opt/st/stm32cubeide_1.4.0/plugins/com.st.stm32cube.ide.mcu.externaltools.gnu-tools-for-stm32.7-2018-q2-update.linux64_1.4.0.202007081208/tools/bin/../lib/gcc/arm-none-eabi/7.3.1/../../../../arm-none-eabi/lib/thumb/v7e-m/fpv4-sp/hard/crt0.o (exit)
/opt/st/stm32cubeide_1.4.0/plugins/com.st.stm32cube.ide.mcu.externaltools.gnu-tools-for-stm32.7-2018-q2-update.linux64_1.4.0.202007081208/tools/bin/../lib/gcc/arm-none-eabi/7.3.1/../../../../arm-none-eabi/lib/thumb/v7e-m/fpv4-sp/hard/libc_nano.a(lib_a-impure.o)
                              /opt/st/stm32cubeide_1.4.0/plugins/com.st.stm32cube.ide.mcu.externaltools.gnu-tools-for-stm32.7-2018-q2-update.linux64_1.4.0.202007081208/tools/bin/../lib/gcc/arm-none-eabi/7.3.1/../../../../arm-none-eabi/lib/thumb/v7e-m/fpv4-sp/hard/libc_nano.a(lib_a-exit.o) (_global_impure_ptr)
/opt/st/stm32cubeide_1.4.0/plugins/com.st.stm32cube.ide.mcu.externaltools.gnu-tools-for-stm32.7-2018-q2-update.linux64_1.4.0.202007081208/tools/bin/../lib/gcc/arm-none-eabi/7.3.1/../../../../arm-none-eabi/lib/thumb/v7e-m/fpv4-sp/hard/libc_nano.a(lib_a-init.o)
                              /opt/st/stm32cubeide_1.4.0/plugins/com.st.stm32cube.ide.mcu.externaltools.gnu-tools-for-stm32.7-2018-q2-update.linux64_1.4.0.202007081208/tools/bin/../lib/gcc/arm-none-eabi/7.3.1/../../../../arm-none-eabi/lib/thumb/v7e-m/fpv4-sp/hard/crt0.o (__libc_init_array)
/opt/st/stm32cubeide_1.4.0/plugins/com.st.stm32cube.ide.mcu.externaltools.gnu-tools-for-stm32.7-2018-q2-update.linux64_1.4.0.202007081208/tools/bin/../lib/gcc/arm-none-eabi/7.3.1/../../../../arm-none-eabi/lib/thumb/v7e-m/fpv4-sp/hard/libc_nano.a(lib_a-memset.o)
                              /opt/st/stm32cubeide_1.4.0/plugins/com.st.stm32cube.ide.mcu.externaltools.gnu-tools-for-stm32.7-2018-q2-update.linux64_1.4.0.202007081208/tools/bin/../lib/gcc/arm-none-eabi/7.3.1/../../../../arm-none-eabi/lib/thumb/v7e-m/fpv4-sp/hard/crt0.o (memset)
/opt/st/stm32cubeide_1.4.0/plugins/com.st.stm32cube.ide.mcu.externaltools.gnu-tools-for-stm32.7-2018-q2-update.linux64_1.4.0.202007081208/tools/bin/../lib/gcc/arm-none-eabi/7.3.1/../../../../arm-none-eabi/lib/thumb/v7e-m/fpv4-sp/hard/libc_nano.a(lib_a-sprintf.o)
                              Src/main.o (sprintf)
/opt/st/stm32cubeide_1.4.0/plugins/com.st.stm32cube.ide.mcu.externaltools.gnu-tools-for-stm32.7-2018-q2-update.linux64_1.4.0.202007081208/tools/bin/../lib/gcc/arm-none-eabi/7.3.1/../../../../arm-none-eabi/lib/thumb/v7e-m/fpv4-sp/hard/libc_nano.a(lib_a-strlen.o)
                              Src/File_Handling_RTOS.o (strlen)
/opt/st/stm32cubeide_1.4.0/plugins/com.st.stm32cube.ide.mcu.externaltools.gnu-tools-for-stm32.7-2018-q2-update.linux64_1.4.0.202007081208/tools/bin/../lib/gcc/arm-none-eabi/7.3.1/../../../../arm-none-eabi/lib/thumb/v7e-m/fpv4-sp/hard/libc_nano.a(lib_a-strtol.o)
                              /opt/st/stm32cubeide_1.4.0/plugins/com.st.stm32cube.ide.mcu.externaltools.gnu-tools-for-stm32.7-2018-q2-update.linux64_1.4.0.202007081208/tools/bin/../lib/gcc/arm-none-eabi/7.3.1/../../../../arm-none-eabi/lib/thumb/v7e-m/fpv4-sp/hard/libc_nano.a(lib_a-atoi.o) (_strtol_r)
/opt/st/stm32cubeide_1.4.0/plugins/com.st.stm32cube.ide.mcu.externaltools.gnu-tools-for-stm32.7-2018-q2-update.linux64_1.4.0.202007081208/tools/bin/../lib/gcc/arm-none-eabi/7.3.1/../../../../arm-none-eabi/lib/thumb/v7e-m/fpv4-sp/hard/libc_nano.a(lib_a-locale.o)
                              /opt/st/stm32cubeide_1.4.0/plugins/com.st.stm32cube.ide.mcu.externaltools.gnu-tools-for-stm32.7-2018-q2-update.linux64_1.4.0.202007081208/tools/bin/../lib/gcc/arm-none-eabi/7.3.1/../../../../arm-none-eabi/lib/thumb/v7e-m/fpv4-sp/hard/libc_nano.a(lib_a-strtol.o) (__locale_ctype_ptr_l)
/opt/st/stm32cubeide_1.4.0/plugins/com.st.stm32cube.ide.mcu.externaltools.gnu-tools-for-stm32.7-2018-q2-update.linux64_1.4.0.202007081208/tools/bin/../lib/gcc/arm-none-eabi/7.3.1/../../../../arm-none-eabi/lib/thumb/v7e-m/fpv4-sp/hard/libc_nano.a(lib_a-mbtowc_r.o)
[...]
Memory Configuration

Name             Origin             Length             Attributes
CCMRAM           0x0000000010000000 0x0000000000001000 xrw
RAM              0x0000000020000000 0x0000000000003000 xrw
FLASH            0x0000000008000000 0x0000000000010000 xr
*default*        0x0000000000000000 0xffffffffffffffff

Linker script and memory map

LOAD /opt/st/stm32cubeide_1.4.0/plugins/com.st.stm32cube.ide.mcu.externaltools.gnu-tools-for-stm32.7-2018-q2-update.linux64_1.4.0.202007081208/tools/bin/../lib/gcc/arm-none-eabi/7.3.1/thumb/v7e-m/fpv4-sp/hard/crti.o
LOAD /opt/st/stm32cubeide_1.4.0/plugins/com.st.stm32cube.ide.mcu.externaltools.gnu-tools-for-stm32.7-2018-q2-update.linux64_1.4.0.202007081208/tools/bin/../lib/gcc/arm-none-eabi/7.3.1/thumb/v7e-m/fpv4-sp/hard/crtbegin.o
LOAD /opt/st/stm32cubeide_1.4.0/plugins/com.st.stm32cube.ide.mcu.externaltools.gnu-tools-for-stm32.7-2018-q2-update.linux64_1.4.0.202007081208/tools/bin/../lib/gcc/arm-none-eabi/7.3.1/../../../../arm-none-eabi/lib/thumb/v7e-m/fpv4-sp/hard/crt0.o
LOAD Drivers/STM32F3xx_HAL_Driver/Src/stm32f3xx_hal.o
LOAD Drivers/STM32F3xx_HAL_Driver/Src/stm32f3xx_hal_adc.o
LOAD Drivers/STM32F3xx_HAL_Driver/Src/stm32f3xx_hal_adc_ex.o
LOAD Drivers/STM32F3xx_HAL_Driver/Src/stm32f3xx_hal_cortex.o
LOAD Drivers/STM32F3xx_HAL_Driver/Src/stm32f3xx_hal_dma.o
LOAD Drivers/STM32F3xx_HAL_Driver/Src/stm32f3xx_hal_exti.o
LOAD Drivers/STM32F3xx_HAL_Driver/Src/stm32f3xx_hal_flash.o
LOAD Drivers/STM32F3xx_HAL_Driver/Src/stm32f3xx_hal_flash_ex.o
LOAD Drivers/STM32F3xx_HAL_Driver/Src/stm32f3xx_hal_gpio.o
LOAD Drivers/STM32F3xx_HAL_Driver/Src/stm32f3xx_hal_i2c.o
LOAD Drivers/STM32F3xx_HAL_Driver/Src/stm32f3xx_hal_i2c_ex.o
LOAD Drivers/STM32F3xx_HAL_Driver/Src/stm32f3xx_hal_pwr.o
LOAD Drivers/STM32F3xx_HAL_Driver/Src/stm32f3xx_hal_pwr_ex.o
LOAD Drivers/STM32F3xx_HAL_Driver/Src/stm32f3xx_hal_rcc.o
LOAD Drivers/STM32F3xx_HAL_Driver/Src/stm32f3xx_hal_rcc_ex.o
LOAD Drivers/STM32F3xx_HAL_Driver/Src/stm32f3xx_hal_rtc.o
LOAD Drivers/STM32F3xx_HAL_Driver/Src/stm32f3xx_hal_rtc_ex.o
LOAD Drivers/STM32F3xx_HAL_Driver/Src/stm32f3xx_hal_spi.o
LOAD Drivers/STM32F3xx_HAL_Driver/Src/stm32f3xx_hal_spi_ex.o
LOAD Drivers/STM32F3xx_HAL_Driver/Src/stm32f3xx_hal_tim.o
LOAD Drivers/STM32F3xx_HAL_Driver/Src/stm32f3xx_hal_tim_ex.o
LOAD Drivers/STM32F3xx_HAL_Driver/Src/stm32f3xx_hal_uart.o
LOAD Drivers/STM32F3xx_HAL_Driver/Src/stm32f3xx_hal_uart_ex.o
LOAD Middlewares/Third_Party/FatFs/src/diskio.o
LOAD Middlewares/Third_Party/FatFs/src/ff.o
LOAD Middlewares/Third_Party/FatFs/src/ff_gen_drv.o
LOAD Middlewares/Third_Party/FatFs/src/option/syscall.o
LOAD Src/File_Handling_RTOS.o
LOAD Src/MY_DHT.o
LOAD Src/fatfs.o
LOAD Src/fatfs_sd.o
LOAD Src/main.o
LOAD Src/stm32f3xx_hal_msp.o
LOAD Src/stm32f3xx_hal_timebase_tim.o
LOAD Src/stm32f3xx_it.o
LOAD Src/syscalls.o
LOAD Src/sysmem.o
LOAD Src/system_stm32f3xx.o
LOAD Src/user_diskio.o
LOAD Startup/startup_stm32f303k8tx.o
START GROUP
LOAD /opt/st/stm32cubeide_1.4.0/plugins/com.st.stm32cube.ide.mcu.externaltools.gnu-tools-for-stm32.7-2018-q2-update.linux64_1.4.0.202007081208/tools/bin/../lib/gcc/arm-none-eabi/7.3.1/../../../../arm-none-eabi/lib/thumb/v7e-m/fpv4-sp/hard/libc_nano.a
LOAD /opt/st/stm32cubeide_1.4.0/plugins/com.st.stm32cube.ide.mcu.externaltools.gnu-tools-for-stm32.7-2018-q2-update.linux64_1.4.0.202007081208/tools/bin/../lib/gcc/arm-none-eabi/7.3.1/../../../../arm-none-eabi/lib/thumb/v7e-m/fpv4-sp/hard/libm.a
END GROUP
START GROUP
LOAD /opt/st/stm32cubeide_1.4.0/plugins/com.st.stm32cube.ide.mcu.externaltools.gnu-tools-for-stm32.7-2018-q2-update.linux64_1.4.0.202007081208/tools/bin/../lib/gcc/arm-none-eabi/7.3.1/thumb/v7e-m/fpv4-sp/hard/libgcc.a
LOAD /opt/st/stm32cubeide_1.4.0/plugins/com.st.stm32cube.ide.mcu.externaltools.gnu-tools-for-stm32.7-2018-q2-update.linux64_1.4.0.202007081208/tools/bin/../lib/gcc/arm-none-eabi/7.3.1/../../../../arm-none-eabi/lib/thumb/v7e-m/fpv4-sp/hard/libc_nano.a
END GROUP
START GROUP
LOAD /opt/st/stm32cubeide_1.4.0/plugins/com.st.stm32cube.ide.mcu.externaltools.gnu-tools-for-stm32.7-2018-q2-update.linux64_1.4.0.202007081208/tools/bin/../lib/gcc/arm-none-eabi/7.3.1/thumb/v7e-m/fpv4-sp/hard/libgcc.a
LOAD /opt/st/stm32cubeide_1.4.0/plugins/com.st.stm32cube.ide.mcu.externaltools.gnu-tools-for-stm32.7-2018-q2-update.linux64_1.4.0.202007081208/tools/bin/../lib/gcc/arm-none-eabi/7.3.1/../../../../arm-none-eabi/lib/thumb/v7e-m/fpv4-sp/hard/libc_nano.a
LOAD /opt/st/stm32cubeide_1.4.0/plugins/com.st.stm32cube.ide.mcu.externaltools.gnu-tools-for-stm32.7-2018-q2-update.linux64_1.4.0.202007081208/tools/bin/../lib/gcc/arm-none-eabi/7.3.1/../../../../arm-none-eabi/lib/thumb/v7e-m/fpv4-sp/hard/libnosys.a
END GROUP
START GROUP
LOAD /opt/st/stm32cubeide_1.4.0/plugins/com.st.stm32cube.ide.mcu.externaltools.gnu-tools-for-stm32.7-2018-q2-update.linux64_1.4.0.202007081208/tools/bin/../lib/gcc/arm-none-eabi/7.3.1/thumb/v7e-m/fpv4-sp/hard/libgcc.a
LOAD /opt/st/stm32cubeide_1.4.0/plugins/com.st.stm32cube.ide.mcu.externaltools.gnu-tools-for-stm32.7-2018-q2-update.linux64_1.4.0.202007081208/tools/bin/../lib/gcc/arm-none-eabi/7.3.1/../../../../arm-none-eabi/lib/thumb/v7e-m/fpv4-sp/hard/libc_nano.a
LOAD /opt/st/stm32cubeide_1.4.0/plugins/com.st.stm32cube.ide.mcu.externaltools.gnu-tools-for-stm32.7-2018-q2-update.linux64_1.4.0.202007081208/tools/bin/../lib/gcc/arm-none-eabi/7.3.1/../../../../arm-none-eabi/lib/thumb/v7e-m/fpv4-sp/hard/libnosys.a
END GROUP
LOAD /opt/st/stm32cubeide_1.4.0/plugins/com.st.stm32cube.ide.mcu.externaltools.gnu-tools-for-stm32.7-2018-q2-update.linux64_1.4.0.202007081208/tools/bin/../lib/gcc/arm-none-eabi/7.3.1/thumb/v7e-m/fpv4-sp/hard/crtend.o
LOAD /opt/st/stm32cubeide_1.4.0/plugins/com.st.stm32cube.ide.mcu.externaltools.gnu-tools-for-stm32.7-2018-q2-update.linux64_1.4.0.202007081208/tools/bin/../lib/gcc/arm-none-eabi/7.3.1/thumb/v7e-m/fpv4-sp/hard/crtn.o
                0x0000000020003000                _estack = 0x20003000
                0x0000000000000200                _Min_Heap_Size = 0x200
                0x0000000000000400                _Min_Stack_Size = 0x400

.isr_vector     0x0000000008000000      0x188
                0x0000000008000000                . = ALIGN (0x4)
 *(.isr_vector)
 .isr_vector    0x0000000008000000      0x188 Startup/startup_stm32f303k8tx.o
                0x0000000008000000                g_pfnVectors
                0x0000000008000188                . = ALIGN (0x4)

.text           0x0000000008000190     0xaddc
                0x0000000008000190                . = ALIGN (0x4)
 *(.text)
 .text          0x0000000008000190       0x40 /opt/st/stm32cubeide_1.4.0/plugins/com.st.stm32cube.ide.mcu.externaltools.gnu-tools-for-stm32.7-2018-q2-update.linux64_1.4.0.202007081208/tools/bin/../lib/gcc/arm-none-eabi/7.3.1/thumb/v7e-m/fpv4-sp/hard/crtbegin.o
 .text          0x00000000080001d0       0x10 /opt/st/stm32cubeide_1.4.0/plugins/com.st.stm32cube.ide.mcu.externaltools.gnu-tools-for-stm32.7-2018-q2-update.linux64_1.4.0.202007081208/tools/bin/../lib/gcc/arm-none-eabi/7.3.1/../../../../arm-none-eabi/lib/thumb/v7e-m/fpv4-sp/hard/libc_nano.a(lib_a-strlen.o)
                0x00000000080001d0                strlen
 .text          0x00000000080001e0       0xa0 /opt/st/stm32cubeide_1.4.0/plugins/com.st.stm32cube.ide.mcu.externaltools.gnu-tools-for-stm32.7-2018-q2-update.linux64_1.4.0.202007081208/tools/bin/../lib/gcc/arm-none-eabi/7.3.1/../../../../arm-none-eabi/lib/thumb/v7e-m/fpv4-sp/hard/libc_nano.a(lib_a-memchr.o)
                0x00000000080001e0                memchr
 *(.text*)
 .text.HAL_Init
                0x0000000008000280       0x2c Drivers/STM32F3xx_HAL_Driver/Src/stm32f3xx_hal.o
                0x0000000008000280                HAL_Init
 .text.HAL_IncTick
                0x00000000080002ac       0x28 Drivers/STM32F3xx_HAL_Driver/Src/stm32f3xx_hal.o
                0x00000000080002ac                HAL_IncTick
 .text.HAL_GetTick
                0x00000000080002d4       0x18 Drivers/STM32F3xx_HAL_Driver/Src/stm32f3xx_hal.o
                0x00000000080002d4                HAL_GetTick
 .text.HAL_Delay
                0x00000000080002ec       0x44 Drivers/STM32F3xx_HAL_Driver/Src/stm32f3xx_hal.o
                0x00000000080002ec                HAL_Delay
 .text.HAL_ADC_ConvCpltCallback
                0x0000000008000330       0x14 Drivers/STM32F3xx_HAL_Driver/Src/stm32f3xx_hal_adc.o
                0x0000000008000330                HAL_ADC_ConvCpltCallback
 .text.HAL_ADC_ConvHalfCpltCallback
                0x0000000008000344       0x14 Drivers/STM32F3xx_HAL_Driver/Src/stm32f3xx_hal_adc.o
                0x0000000008000344                HAL_ADC_ConvHalfCpltCallback
 .text.HAL_ADC_ErrorCallback
                0x0000000008000358       0x14 Drivers/STM32F3xx_HAL_Driver/Src/stm32f3xx_hal_adc.o
                0x0000000008000358                HAL_ADC_ErrorCallback
 .text.HAL_ADC_Init
                0x000000000800036c      0x324 Drivers/STM32F3xx_HAL_Driver/Src/stm32f3xx_hal_adc_ex.o
                0x000000000800036c                HAL_ADC_Init
 .text.HAL_ADC_Start_DMA
                0x0000000008000690      0x1b4 Drivers/STM32F3xx_HAL_Driver/Src/stm32f3xx_hal_adc_ex.o
                0x0000000008000690                HAL_ADC_Start_DMA
 .text.HAL_ADC_ConfigChannel
                0x0000000008000844      0x584 Drivers/STM32F3xx_HAL_Driver/Src/stm32f3xx_hal_adc_ex.o
                0x0000000008000844                HAL_ADC_ConfigChannel
 .text.HAL_ADCEx_MultiModeConfigChannel
                0x0000000008000dc8      0x18c Drivers/STM32F3xx_HAL_Driver/Src/stm32f3xx_hal_adc_ex.o
                0x0000000008000dc8                HAL_ADCEx_MultiModeConfigChannel
 .text.ADC_DMAConvCplt
                0x0000000008000f54       0x7a Drivers/STM32F3xx_HAL_Driver/Src/stm32f3xx_hal_adc_ex.o
 .text.ADC_DMAHalfConvCplt
                0x0000000008000fce       0x1c Drivers/STM32F3xx_HAL_Driver/Src/stm32f3xx_hal_adc_ex.o
 .text.ADC_DMAError
                0x0000000008000fea       0x34 Drivers/STM32F3xx_HAL_Driver/Src/stm32f3xx_hal_adc_ex.o
 *fill*         0x000000000800101e        0x2 
 .text.ADC_Enable
                0x0000000008001020       0xbc Drivers/STM32F3xx_HAL_Driver/Src/stm32f3xx_hal_adc_ex.o
 .text.ADC_Disable
                0x00000000080010dc       0xbe Drivers/STM32F3xx_HAL_Driver/Src/stm32f3xx_hal_adc_ex.o
 *fill*         0x000000000800119a        0x2 
 .text.__NVIC_SetPriorityGrouping
                0x000000000800119c       0x48 Drivers/STM32F3xx_HAL_Driver/Src/stm32f3xx_hal_cortex.o
 .text.__NVIC_GetPriorityGrouping
                0x00000000080011e4       0x1c Drivers/STM32F3xx_HAL_Driver/Src/stm32f3xx_hal_cortex.o
 .text.__NVIC_EnableIRQ
                0x0000000008001200       0x3c Drivers/STM32F3xx_HAL_Driver/Src/stm32f3xx_hal_cortex.o
 .text.__NVIC_SetPriority
                0x000000000800123c       0x54 Drivers/STM32F3xx_HAL_Driver/Src/stm32f3xx_hal_cortex.o
 .text.NVIC_EncodePriority
                0x0000000008001290       0x66 Drivers/STM32F3xx_HAL_Driver/Src/stm32f3xx_hal_cortex.o
 .text.HAL_NVIC_SetPriorityGrouping
                0x00000000080012f6       0x16 Drivers/STM32F3xx_HAL_Driver/Src/stm32f3xx_hal_cortex.o
                0x00000000080012f6                HAL_NVIC_SetPriorityGrouping
 .text.HAL_NVIC_SetPriority
                0x000000000800130c       0x38 Drivers/STM32F3xx_HAL_Driver/Src/stm32f3xx_hal_cortex.o
                0x000000000800130c                HAL_NVIC_SetPriority
 .text.HAL_NVIC_EnableIRQ
                0x0000000008001344       0x1c Drivers/STM32F3xx_HAL_Driver/Src/stm32f3xx_hal_cortex.o
                0x0000000008001344                HAL_NVIC_EnableIRQ
 .text.HAL_DMA_Init
                0x0000000008001360       0x8e Drivers/STM32F3xx_HAL_Driver/Src/stm32f3xx_hal_dma.o
                0x0000000008001360                HAL_DMA_Init
 .text.HAL_DMA_Start_IT
                0x00000000080013ee       0xbe Drivers/STM32F3xx_HAL_Driver/Src/stm32f3xx_hal_dma.o
                0x00000000080013ee                HAL_DMA_Start_IT
 .text.HAL_DMA_Abort_IT
                0x00000000080014ac       0x7c Drivers/STM32F3xx_HAL_Driver/Src/stm32f3xx_hal_dma.o
                0x00000000080014ac                HAL_DMA_Abort_IT
 .text.HAL_DMA_IRQHandler
                0x0000000008001528      0x146 Drivers/STM32F3xx_HAL_Driver/Src/stm32f3xx_hal_dma.o
                0x0000000008001528                HAL_DMA_IRQHandler
 .text.DMA_SetConfig
                0x000000000800166e       0x5c Drivers/STM32F3xx_HAL_Driver/Src/stm32f3xx_hal_dma.o
 *fill*         0x00000000080016ca        0x2 
 .text.DMA_CalcBaseAndBitshift
                0x00000000080016cc       0x40 Drivers/STM32F3xx_HAL_Driver/Src/stm32f3xx_hal_dma.o
 .text.HAL_GPIO_Init
                0x000000000800170c      0x2e4 Drivers/STM32F3xx_HAL_Driver/Src/stm32f3xx_hal_gpio.o
                0x000000000800170c                HAL_GPIO_Init
 .text.HAL_GPIO_ReadPin
                0x00000000080019f0       0x30 Drivers/STM32F3xx_HAL_Driver/Src/stm32f3xx_hal_gpio.o
                0x00000000080019f0                HAL_GPIO_ReadPin
 .text.HAL_GPIO_WritePin
                0x0000000008001a20       0x30 Drivers/STM32F3xx_HAL_Driver/Src/stm32f3xx_hal_gpio.o
                0x0000000008001a20                HAL_GPIO_WritePin
 .text.HAL_RCC_OscConfig
                0x0000000008001a50      0xe10 Drivers/STM32F3xx_HAL_Driver/Src/stm32f3xx_hal_rcc.o
                0x0000000008001a50                HAL_RCC_OscConfig
 .text.HAL_RCC_ClockConfig
                0x0000000008002860      0x2f8 Drivers/STM32F3xx_HAL_Driver/Src/stm32f3xx_hal_rcc.o
                0x0000000008002860                HAL_RCC_ClockConfig
 .text.HAL_RCC_GetSysClockFreq
                0x0000000008002b58       0xd4 Drivers/STM32F3xx_HAL_Driver/Src/stm32f3xx_hal_rcc.o
                0x0000000008002b58                HAL_RCC_GetSysClockFreq
 .text.HAL_RCC_GetHCLKFreq
                0x0000000008002c2c       0x18 Drivers/STM32F3xx_HAL_Driver/Src/stm32f3xx_hal_rcc.o
                0x0000000008002c2c                HAL_RCC_GetHCLKFreq
 .text.HAL_RCC_GetPCLK1Freq
                0x0000000008002c44       0x44 Drivers/STM32F3xx_HAL_Driver/Src/stm32f3xx_hal_rcc.o
                0x0000000008002c44                HAL_RCC_GetPCLK1Freq
 .text.HAL_RCC_GetPCLK2Freq
                0x0000000008002c88       0x44 Drivers/STM32F3xx_HAL_Driver/Src/stm32f3xx_hal_rcc.o
                0x0000000008002c88                HAL_RCC_GetPCLK2Freq
 .text.HAL_RCC_GetClockConfig
                0x0000000008002ccc       0x64 Drivers/STM32F3xx_HAL_Driver/Src/stm32f3xx_hal_rcc.o
                0x0000000008002ccc                HAL_RCC_GetClockConfig
 .text.HAL_RCCEx_PeriphCLKConfig
                0x0000000008002d30      0x24c Drivers/STM32F3xx_HAL_Driver/Src/stm32f3xx_hal_rcc_ex.o
                0x0000000008002d30                HAL_RCCEx_PeriphCLKConfig
 .text.HAL_RTC_Init
                0x0000000008002f7c      0x122 Drivers/STM32F3xx_HAL_Driver/Src/stm32f3xx_hal_rtc.o
                0x0000000008002f7c                HAL_RTC_Init
 .text.HAL_RTC_SetTime
                0x000000000800309e      0x17a Drivers/STM32F3xx_HAL_Driver/Src/stm32f3xx_hal_rtc.o
                0x000000000800309e                HAL_RTC_SetTime
 .text.HAL_RTC_SetDate
                0x0000000008003218      0x14e Drivers/STM32F3xx_HAL_Driver/Src/stm32f3xx_hal_rtc.o
                0x0000000008003218                HAL_RTC_SetDate
 *fill*         0x0000000008003366        0x2 
 .text.HAL_RTC_SetAlarm_IT
                0x0000000008003368      0x270 Drivers/STM32F3xx_HAL_Driver/Src/stm32f3xx_hal_rtc.o
                0x0000000008003368                HAL_RTC_SetAlarm_IT
 .text.HAL_RTC_AlarmIRQHandler
                0x00000000080035d8       0x8c Drivers/STM32F3xx_HAL_Driver/Src/stm32f3xx_hal_rtc.o
                0x00000000080035d8                HAL_RTC_AlarmIRQHandler
 .text.HAL_RTC_WaitForSynchro
                0x0000000008003664       0x50 Drivers/STM32F3xx_HAL_Driver/Src/stm32f3xx_hal_rtc.o
                0x0000000008003664                HAL_RTC_WaitForSynchro
 .text.RTC_EnterInitMode
                0x00000000080036b4       0x58 Drivers/STM32F3xx_HAL_Driver/Src/stm32f3xx_hal_rtc.o
                0x00000000080036b4                RTC_EnterInitMode
 .text.RTC_ByteToBcd2
                0x000000000800370c       0x3c Drivers/STM32F3xx_HAL_Driver/Src/stm32f3xx_hal_rtc.o
                0x000000000800370c                RTC_ByteToBcd2
 .text.HAL_RTCEx_AlarmBEventCallback
                0x0000000008003748       0x14 Drivers/STM32F3xx_HAL_Driver/Src/stm32f3xx_hal_rtc_ex.o
                0x0000000008003748                HAL_RTCEx_AlarmBEventCallback
 .text.HAL_SPI_Init
                0x000000000800375c      0x114 Drivers/STM32F3xx_HAL_Driver/Src/stm32f3xx_hal_spi.o
                0x000000000800375c                HAL_SPI_Init
 .text.HAL_SPI_Transmit
                0x0000000008003870      0x2cc Drivers/STM32F3xx_HAL_Driver/Src/stm32f3xx_hal_spi.o
                0x0000000008003870                HAL_SPI_Transmit
 .text.HAL_SPI_TransmitReceive
                0x0000000008003b3c      0x426 Drivers/STM32F3xx_HAL_Driver/Src/stm32f3xx_hal_spi.o
                0x0000000008003b3c                HAL_SPI_TransmitReceive
 .text.HAL_SPI_GetState
                0x0000000008003f62       0x1c Drivers/STM32F3xx_HAL_Driver/Src/stm32f3xx_hal_spi.o
                0x0000000008003f62                HAL_SPI_GetState
 .text.SPI_WaitFlagStateUntilTimeout
                0x0000000008003f7e       0xd4 Drivers/STM32F3xx_HAL_Driver/Src/stm32f3xx_hal_spi.o
 .text.SPI_WaitFifoStateUntilTimeout
                0x0000000008004052       0xda Drivers/STM32F3xx_HAL_Driver/Src/stm32f3xx_hal_spi.o
 .text.SPI_EndRxTxTransaction
                0x000000000800412c       0x8c Drivers/STM32F3xx_HAL_Driver/Src/stm32f3xx_hal_spi.o
 .text.HAL_TIM_Base_Init
                0x00000000080041b8       0x56 Drivers/STM32F3xx_HAL_Driver/Src/stm32f3xx_hal_tim.o
                0x00000000080041b8                HAL_TIM_Base_Init
 *fill*         0x000000000800420e        0x2 
 .text.HAL_TIM_Base_Start
                0x0000000008004210       0x54 Drivers/STM32F3xx_HAL_Driver/Src/stm32f3xx_hal_tim.o
                0x0000000008004210                HAL_TIM_Base_Start
 .text.HAL_TIM_Base_Start_IT
                0x0000000008004264       0x54 Drivers/STM32F3xx_HAL_Driver/Src/stm32f3xx_hal_tim.o
                0x0000000008004264                HAL_TIM_Base_Start_IT
 .text.HAL_TIM_IRQHandler
                0x00000000080042b8      0x23e Drivers/STM32F3xx_HAL_Driver/Src/stm32f3xx_hal_tim.o
                0x00000000080042b8                HAL_TIM_IRQHandler
 .text.HAL_TIM_ConfigClockSource
                0x00000000080044f6      0x172 Drivers/STM32F3xx_HAL_Driver/Src/stm32f3xx_hal_tim.o
                0x00000000080044f6                HAL_TIM_ConfigClockSource
 .text.HAL_TIM_OC_DelayElapsedCallback
                0x0000000008004668       0x14 Drivers/STM32F3xx_HAL_Driver/Src/stm32f3xx_hal_tim.o
                0x0000000008004668                HAL_TIM_OC_DelayElapsedCallback
 .text.HAL_TIM_IC_CaptureCallback
                0x000000000800467c       0x14 Drivers/STM32F3xx_HAL_Driver/Src/stm32f3xx_hal_tim.o
                0x000000000800467c                HAL_TIM_IC_CaptureCallback
 .text.HAL_TIM_PWM_PulseFinishedCallback
                0x0000000008004690       0x14 Drivers/STM32F3xx_HAL_Driver/Src/stm32f3xx_hal_tim.o
                0x0000000008004690                HAL_TIM_PWM_PulseFinishedCallback
 .text.HAL_TIM_TriggerCallback
                0x00000000080046a4       0x14 Drivers/STM32F3xx_HAL_Driver/Src/stm32f3xx_hal_tim.o
                0x00000000080046a4                HAL_TIM_TriggerCallback
 .text.TIM_Base_SetConfig
                0x00000000080046b8       0xf0 Drivers/STM32F3xx_HAL_Driver/Src/stm32f3xx_hal_tim.o
                0x00000000080046b8                TIM_Base_SetConfig
 .text.TIM_TI1_ConfigInputStage
                0x00000000080047a8       0x5e Drivers/STM32F3xx_HAL_Driver/Src/stm32f3xx_hal_tim.o
 .text.TIM_TI2_ConfigInputStage
                0x0000000008004806       0x60 Drivers/STM32F3xx_HAL_Driver/Src/stm32f3xx_hal_tim.o
 .text.TIM_ITRx_SetConfig
                0x0000000008004866       0x36 Drivers/STM32F3xx_HAL_Driver/Src/stm32f3xx_hal_tim.o
 .text.TIM_ETR_SetConfig
                0x000000000800489c       0x40 Drivers/STM32F3xx_HAL_Driver/Src/stm32f3xx_hal_tim.o
                0x000000000800489c                TIM_ETR_SetConfig
 .text.HAL_TIMEx_MasterConfigSynchronization
                0x00000000080048dc       0xdc Drivers/STM32F3xx_HAL_Driver/Src/stm32f3xx_hal_tim_ex.o
                0x00000000080048dc                HAL_TIMEx_MasterConfigSynchronization
 .text.HAL_TIMEx_CommutCallback
                0x00000000080049b8       0x14 Drivers/STM32F3xx_HAL_Driver/Src/stm32f3xx_hal_tim_ex.o
                0x00000000080049b8                HAL_TIMEx_CommutCallback
 .text.HAL_TIMEx_BreakCallback
                0x00000000080049cc       0x14 Drivers/STM32F3xx_HAL_Driver/Src/stm32f3xx_hal_tim_ex.o
                0x00000000080049cc                HAL_TIMEx_BreakCallback
 .text.HAL_TIMEx_Break2Callback
                0x00000000080049e0       0x14 Drivers/STM32F3xx_HAL_Driver/Src/stm32f3xx_hal_tim_ex.o
                0x00000000080049e0                HAL_TIMEx_Break2Callback
 .text.HAL_UART_Init
                0x00000000080049f4       0x9c Drivers/STM32F3xx_HAL_Driver/Src/stm32f3xx_hal_uart.o
                0x00000000080049f4                HAL_UART_Init
 .text.HAL_UART_Transmit
                0x0000000008004a90      0x126 Drivers/STM32F3xx_HAL_Driver/Src/stm32f3xx_hal_uart.o
                0x0000000008004a90                HAL_UART_Transmit
 .text.HAL_UART_Receive
                0x0000000008004bb6      0x19a Drivers/STM32F3xx_HAL_Driver/Src/stm32f3xx_hal_uart.o
                0x0000000008004bb6                HAL_UART_Receive
 .text.HAL_UART_IRQHandler
                0x0000000008004d50      0x28c Drivers/STM32F3xx_HAL_Driver/Src/stm32f3xx_hal_uart.o
                0x0000000008004d50                HAL_UART_IRQHandler
 .text.HAL_UART_TxCpltCallback
                0x0000000008004fdc       0x14 Drivers/STM32F3xx_HAL_Driver/Src/stm32f3xx_hal_uart.o
                0x0000000008004fdc                HAL_UART_TxCpltCallback
 .text.HAL_UART_ErrorCallback
                0x0000000008004ff0       0x14 Drivers/STM32F3xx_HAL_Driver/Src/stm32f3xx_hal_uart.o
                0x0000000008004ff0                HAL_UART_ErrorCallback
 .text.UART_SetConfig
                0x0000000008005004      0x304 Drivers/STM32F3xx_HAL_Driver/Src/stm32f3xx_hal_uart.o
                0x0000000008005004                UART_SetConfig
 .text.UART_AdvFeatureConfig
                0x0000000008005308      0x144 Drivers/STM32F3xx_HAL_Driver/Src/stm32f3xx_hal_uart.o
                0x0000000008005308                UART_AdvFeatureConfig
 .text.UART_CheckIdleState
                0x000000000800544c       0x8a Drivers/STM32F3xx_HAL_Driver/Src/stm32f3xx_hal_uart.o
                0x000000000800544c                UART_CheckIdleState
 .text.UART_WaitOnFlagUntilTimeout
                0x00000000080054d6       0xf6 Drivers/STM32F3xx_HAL_Driver/Src/stm32f3xx_hal_uart.o
                0x00000000080054d6                UART_WaitOnFlagUntilTimeout
 .text.UART_EndRxTransfer
                0x00000000080055cc       0x40 Drivers/STM32F3xx_HAL_Driver/Src/stm32f3xx_hal_uart.o
 .text.UART_DMAAbortOnError
                0x000000000800560c       0x2c Drivers/STM32F3xx_HAL_Driver/Src/stm32f3xx_hal_uart.o
 .text.UART_EndTransmit_IT
                0x0000000008005638       0x32 Drivers/STM32F3xx_HAL_Driver/Src/stm32f3xx_hal_uart.o
 .text.HAL_UARTEx_WakeupCallback
                0x000000000800566a       0x14 Drivers/STM32F3xx_HAL_Driver/Src/stm32f3xx_hal_uart_ex.o
                0x000000000800566a                HAL_UARTEx_WakeupCallback
 *fill*         0x000000000800567e        0x2 
 .text.disk_status
                0x0000000008005680       0x34 Middlewares/Third_Party/FatFs/src/diskio.o
                0x0000000008005680                disk_status
 .text.disk_initialize
                0x00000000080056b4       0x4c Middlewares/Third_Party/FatFs/src/diskio.o
                0x00000000080056b4                disk_initialize
 .text.disk_read
                0x0000000008005700       0x40 Middlewares/Third_Party/FatFs/src/diskio.o
                0x0000000008005700                disk_read
 .text.disk_write
                0x0000000008005740       0x40 Middlewares/Third_Party/FatFs/src/diskio.o
                0x0000000008005740                disk_write
 .text.disk_ioctl
                0x0000000008005780       0x3c Middlewares/Third_Party/FatFs/src/diskio.o
                0x0000000008005780                disk_ioctl
 .text.mem_cpy  0x00000000080057bc       0x3c Middlewares/Third_Party/FatFs/src/ff.o
 .text.mem_set  0x00000000080057f8       0x34 Middlewares/Third_Party/FatFs/src/ff.o
 .text.mem_cmp  0x000000000800582c       0x4e Middlewares/Third_Party/FatFs/src/ff.o
 .text.chk_chr  0x000000000800587a       0x36 Middlewares/Third_Party/FatFs/src/ff.o
 .text.chk_lock
                0x00000000080058b0       0xdc Middlewares/Third_Party/FatFs/src/ff.o
 .text.enq_lock
                0x000000000800598c       0x48 Middlewares/Third_Party/FatFs/src/ff.o
 .text.inc_lock
                0x00000000080059d4      0x170 Middlewares/Third_Party/FatFs/src/ff.o
 .text.dec_lock
                0x0000000008005b44       0x88 Middlewares/Third_Party/FatFs/src/ff.o
 .text.clear_lock
                0x0000000008005bcc       0x54 Middlewares/Third_Party/FatFs/src/ff.o
 .text.sync_window
                0x0000000008005c20       0x92 Middlewares/Third_Party/FatFs/src/ff.o
 .text.move_window
                0x0000000008005cb2       0x5c Middlewares/Third_Party/FatFs/src/ff.o
 .text.sync_fs  0x0000000008005d0e      0x15a Middlewares/Third_Party/FatFs/src/ff.o
 .text.clust2sect
                0x0000000008005e68       0x44 Middlewares/Third_Party/FatFs/src/ff.o
                0x0000000008005e68                clust2sect
 .text.get_fat  0x0000000008005eac      0x16e Middlewares/Third_Party/FatFs/src/ff.o
                0x0000000008005eac                get_fat
 .text.put_fat  0x000000000800601a      0x216 Middlewares/Third_Party/FatFs/src/ff.o
                0x000000000800601a                put_fat
 .text.remove_chain
                0x0000000008006230       0xb4 Middlewares/Third_Party/FatFs/src/ff.o
 .text.create_chain
                0x00000000080062e4      0x13a Middlewares/Third_Party/FatFs/src/ff.o
 .text.clmt_clust
                0x000000000800641e       0x6a Middlewares/Third_Party/FatFs/src/ff.o
 .text.dir_sdi  0x0000000008006488      0x128 Middlewares/Third_Party/FatFs/src/ff.o
 .text.dir_next
                0x00000000080065b0      0x1ee Middlewares/Third_Party/FatFs/src/ff.o
 .text.dir_alloc
                0x000000000800679e       0x94 Middlewares/Third_Party/FatFs/src/ff.o
 .text.ld_clust
                0x0000000008006832       0x5c Middlewares/Third_Party/FatFs/src/ff.o
 .text.st_clust
                0x000000000800688e       0x4e Middlewares/Third_Party/FatFs/src/ff.o
 .text.dir_find
                0x00000000080068dc       0x9e Middlewares/Third_Party/FatFs/src/ff.o
 .text.dir_register
                0x000000000800697a       0x72 Middlewares/Third_Party/FatFs/src/ff.o
 .text.get_fileinfo
                0x00000000080069ec       0xe2 Middlewares/Third_Party/FatFs/src/ff.o
 *fill*         0x0000000008006ace        0x2 
 .text.create_name
                0x0000000008006ad0      0x180 Middlewares/Third_Party/FatFs/src/ff.o
 .text.follow_path
                0x0000000008006c50       0xdc Middlewares/Third_Party/FatFs/src/ff.o
 .text.get_ldnumber
                0x0000000008006d2c       0x88 Middlewares/Third_Party/FatFs/src/ff.o
 .text.check_fs
                0x0000000008006db4       0xd4 Middlewares/Third_Party/FatFs/src/ff.o
 .text.find_volume
                0x0000000008006e88      0x594 Middlewares/Third_Party/FatFs/src/ff.o
 .text.validate
                0x000000000800741c       0x66 Middlewares/Third_Party/FatFs/src/ff.o
 *fill*         0x0000000008007482        0x2 
 .text.f_mount  0x0000000008007484       0x90 Middlewares/Third_Party/FatFs/src/ff.o
                0x0000000008007484                f_mount
 .text.f_open   0x0000000008007514      0x416 Middlewares/Third_Party/FatFs/src/ff.o
                0x0000000008007514                f_open
 .text.f_read   0x000000000800792a      0x2d6 Middlewares/Third_Party/FatFs/src/ff.o
                0x000000000800792a                f_read
 .text.f_sync   0x0000000008007c00      0x174 Middlewares/Third_Party/FatFs/src/ff.o
                0x0000000008007c00                f_sync
 .text.f_close  0x0000000008007d74       0x50 Middlewares/Third_Party/FatFs/src/ff.o
                0x0000000008007d74                f_close
 .text.f_lseek  0x0000000008007dc4      0x4bc Middlewares/Third_Party/FatFs/src/ff.o
                0x0000000008007dc4                f_lseek
 .text.f_stat   0x0000000008008280       0x92 Middlewares/Third_Party/FatFs/src/ff.o
                0x0000000008008280                f_stat
 *fill*         0x0000000008008312        0x2 
 .text.FATFS_LinkDriverEx
                0x0000000008008314       0x98 Middlewares/Third_Party/FatFs/src/ff_gen_drv.o
                0x0000000008008314                FATFS_LinkDriverEx
 .text.FATFS_LinkDriver
                0x00000000080083ac       0x1e Middlewares/Third_Party/FatFs/src/ff_gen_drv.o
                0x00000000080083ac                FATFS_LinkDriver
 *fill*         0x00000000080083ca        0x2 
 .text.Mount_SD
                0x00000000080083cc       0x38 Src/File_Handling_RTOS.o
                0x00000000080083cc                Mount_SD
 .text.Unmount_SD
                0x0000000008008404       0x28 Src/File_Handling_RTOS.o
                0x0000000008008404                Unmount_SD
 .text.open_file
                0x000000000800842c       0x5c Src/File_Handling_RTOS.o
                0x000000000800842c                open_file
 .text.close_file
                0x0000000008008488       0x3c Src/File_Handling_RTOS.o
                0x0000000008008488                close_file
 .text.Read_config_File
                0x00000000080084c4       0x6c Src/File_Handling_RTOS.o
                0x00000000080084c4                Read_config_File
 .text.DHT_Delay
                0x0000000008008530       0x30 Src/MY_DHT.o
                0x0000000008008530                DHT_Delay
 .text.Set_Pin_Output
                0x0000000008008560       0x40 Src/MY_DHT.o
                0x0000000008008560                Set_Pin_Output
 .text.Set_Pin_Input
                0x00000000080085a0       0x3c Src/MY_DHT.o
                0x00000000080085a0                Set_Pin_Input
 .text.DHT_Start
                0x00000000080085dc       0x58 Src/MY_DHT.o
                0x00000000080085dc                DHT_Start
 .text.DHT_Check_Response
                0x0000000008008634       0x60 Src/MY_DHT.o
                0x0000000008008634                DHT_Check_Response
 .text.DHT_Read
                0x0000000008008694       0x90 Src/MY_DHT.o
                0x0000000008008694                DHT_Read
 .text.DHT_Get_Data
                0x0000000008008724      0x12c Src/MY_DHT.o
                0x0000000008008724                DHT_Get_Data
 .text.MX_FATFS_Init
                0x0000000008008850       0x24 Src/fatfs.o
                0x0000000008008850                MX_FATFS_Init
 .text.get_fattime
                0x0000000008008874       0x10 Src/fatfs.o
                0x0000000008008874                get_fattime
 .text.SELECT   0x0000000008008884       0x18 Src/fatfs_sd.o
 .text.DESELECT
                0x000000000800889c       0x18 Src/fatfs_sd.o
 .text.SPI_TxByte
                0x00000000080088b4       0x34 Src/fatfs_sd.o
 .text.SPI_RxByte
                0x00000000080088e8       0x3c Src/fatfs_sd.o
 .text.SPI_RxBytePtr
                0x0000000008008924       0x1c Src/fatfs_sd.o
 .text.SD_ReadyWait
                0x0000000008008940       0x38 Src/fatfs_sd.o
 .text.SD_PowerOn
                0x0000000008008978       0x98 Src/fatfs_sd.o
 .text.SD_PowerOff
                0x0000000008008a10       0x18 Src/fatfs_sd.o
 .text.SD_CheckPower
                0x0000000008008a28       0x18 Src/fatfs_sd.o
 .text.SD_RxDataBlock
                0x0000000008008a40       0x6c Src/fatfs_sd.o
 .text.SD_TxDataBlock
                0x0000000008008aac       0xa8 Src/fatfs_sd.o
 .text.SD_SendCmd
                0x0000000008008b54       0xa4 Src/fatfs_sd.o
 .text.SD_disk_initialize
                0x0000000008008bf8      0x1d4 Src/fatfs_sd.o
                0x0000000008008bf8                SD_disk_initialize
 .text.SD_disk_status
                0x0000000008008dcc       0x2c Src/fatfs_sd.o
                0x0000000008008dcc                SD_disk_status
 .text.SD_disk_read
                0x0000000008008df8       0xd4 Src/fatfs_sd.o
                0x0000000008008df8                SD_disk_read
 .text.SD_disk_write
                0x0000000008008ecc      0x108 Src/fatfs_sd.o
                0x0000000008008ecc                SD_disk_write
 .text.SD_disk_ioctl
                0x0000000008008fd4      0x25c Src/fatfs_sd.o
                0x0000000008008fd4                SD_disk_ioctl
 .text.cardInit
                0x0000000008009230       0xf8 Src/main.o
                0x0000000008009230                cardInit
 .text.alarmInit
                0x0000000008009328      0x1bc Src/main.o
                0x0000000008009328                alarmInit
 .text.HAL_RTC_AlarmAEventCallback
                0x00000000080094e4       0x44 Src/main.o
                0x00000000080094e4                HAL_RTC_AlarmAEventCallback
 .text.sendUART
                0x0000000008009528       0x3c Src/main.o
                0x0000000008009528                sendUART
 .text.sendHTTP
                0x0000000008009564       0xfc Src/main.o
                0x0000000008009564                sendHTTP
 .text.main     0x0000000008009660      0x2b0 Src/main.o
                0x0000000008009660                main
 .text.SystemClock_Config
                0x0000000008009910       0xc4 Src/main.o
                0x0000000008009910                SystemClock_Config
 .text.MX_ADC1_Init
                0x00000000080099d4      0x11c Src/main.o
 .text.MX_RTC_Init
                0x0000000008009af0      0x118 Src/main.o
 .text.MX_SPI1_Init
                0x0000000008009c08       0x7c Src/main.o
 .text.MX_TIM2_Init
                0x0000000008009c84       0x9c Src/main.o
 .text.MX_USART1_UART_Init
                0x0000000008009d20       0x60 Src/main.o
 .text.MX_DMA_Init
                0x0000000008009d80       0x3c Src/main.o
 .text.MX_GPIO_Init
                0x0000000008009dbc       0xc0 Src/main.o
 .text.HAL_TIM_PeriodElapsedCallback
                0x0000000008009e7c       0x24 Src/main.o
                0x0000000008009e7c                HAL_TIM_PeriodElapsedCallback
 .text.Error_Handler
                0x0000000008009ea0        0xe Src/main.o
                0x0000000008009ea0                Error_Handler
 *fill*         0x0000000008009eae        0x2 
 .text.HAL_MspInit
                0x0000000008009eb0       0x50 Src/stm32f3xx_hal_msp.o
                0x0000000008009eb0                HAL_MspInit
 .text.HAL_ADC_MspInit
                0x0000000008009f00       0xd0 Src/stm32f3xx_hal_msp.o
                0x0000000008009f00                HAL_ADC_MspInit
 .text.HAL_RTC_MspInit
                0x0000000008009fd0       0x58 Src/stm32f3xx_hal_msp.o
                0x0000000008009fd0                HAL_RTC_MspInit
 .text.HAL_SPI_MspInit
                0x000000000800a028       0xc0 Src/stm32f3xx_hal_msp.o
                0x000000000800a028                HAL_SPI_MspInit
 .text.HAL_TIM_Base_MspInit
                0x000000000800a0e8       0x3c Src/stm32f3xx_hal_msp.o
                0x000000000800a0e8                HAL_TIM_Base_MspInit
 .text.HAL_UART_MspInit
                0x000000000800a124       0x98 Src/stm32f3xx_hal_msp.o
                0x000000000800a124                HAL_UART_MspInit
 .text.HAL_InitTick
                0x000000000800a1bc       0xac Src/stm32f3xx_hal_timebase_tim.o
                0x000000000800a1bc                HAL_InitTick
 .text.SDTimer_Handler
                0x000000000800a268       0x48 Src/stm32f3xx_it.o
                0x000000000800a268                SDTimer_Handler
 .text.NMI_Handler
                0x000000000800a2b0        0xe Src/stm32f3xx_it.o
                0x000000000800a2b0                NMI_Handler
 .text.HardFault_Handler
                0x000000000800a2be        0x6 Src/stm32f3xx_it.o
                0x000000000800a2be                HardFault_Handler
 .text.MemManage_Handler
                0x000000000800a2c4        0x6 Src/stm32f3xx_it.o
                0x000000000800a2c4                MemManage_Handler
 .text.BusFault_Handler
                0x000000000800a2ca        0x6 Src/stm32f3xx_it.o
                0x000000000800a2ca                BusFault_Handler
 .text.UsageFault_Handler
                0x000000000800a2d0        0x6 Src/stm32f3xx_it.o
                0x000000000800a2d0                UsageFault_Handler
 .text.SVC_Handler
                0x000000000800a2d6        0xe Src/stm32f3xx_it.o
                0x000000000800a2d6                SVC_Handler
 .text.DebugMon_Handler
                0x000000000800a2e4        0xe Src/stm32f3xx_it.o
                0x000000000800a2e4                DebugMon_Handler
 .text.PendSV_Handler
                0x000000000800a2f2        0xe Src/stm32f3xx_it.o
                0x000000000800a2f2                PendSV_Handler
 .text.SysTick_Handler
                0x000000000800a300        0xe Src/stm32f3xx_it.o
                0x000000000800a300                SysTick_Handler
 *fill*         0x000000000800a30e        0x2 
 .text.DMA1_Channel1_IRQHandler
                0x000000000800a310       0x14 Src/stm32f3xx_it.o
                0x000000000800a310                DMA1_Channel1_IRQHandler
 .text.TIM1_UP_TIM16_IRQHandler
                0x000000000800a324       0x38 Src/stm32f3xx_it.o
                0x000000000800a324                TIM1_UP_TIM16_IRQHandler
 .text.USART1_IRQHandler
                0x000000000800a35c       0x14 Src/stm32f3xx_it.o
                0x000000000800a35c                USART1_IRQHandler
 .text.RTC_Alarm_IRQHandler
                0x000000000800a370       0x14 Src/stm32f3xx_it.o
                0x000000000800a370                RTC_Alarm_IRQHandler
 .text._sbrk    0x000000000800a384       0x58 Src/sysmem.o
                0x000000000800a384                _sbrk
 .text.SystemInit
                0x000000000800a3dc       0x94 Src/system_stm32f3xx.o
                0x000000000800a3dc                SystemInit
 .text.USER_initialize
                0x000000000800a470       0x1c Src/user_diskio.o
                0x000000000800a470                USER_initialize
 .text.USER_status
                0x000000000800a48c       0x1c Src/user_diskio.o
                0x000000000800a48c                USER_status
 .text.USER_read
                0x000000000800a4a8       0x26 Src/user_diskio.o
                0x000000000800a4a8                USER_read
 .text.USER_write
                0x000000000800a4ce       0x26 Src/user_diskio.o
                0x000000000800a4ce                USER_write
 .text.USER_ioctl
                0x000000000800a4f4       0x26 Src/user_diskio.o
                0x000000000800a4f4                USER_ioctl
 *fill*         0x000000000800a51a        0x2 
 .text.Reset_Handler
                0x000000000800a51c       0x50 Startup/startup_stm32f303k8tx.o
                0x000000000800a51c                Reset_Handler
 .text.Default_Handler
                0x000000000800a56c        0x2 Startup/startup_stm32f303k8tx.o
                0x000000000800a56c                TIM1_CC_IRQHandler
                0x000000000800a56c                PVD_IRQHandler
                0x000000000800a56c                TAMP_STAMP_IRQHandler
                0x000000000800a56c                EXTI3_IRQHandler
                0x000000000800a56c                EXTI0_IRQHandler
                0x000000000800a56c                FPU_IRQHandler
                0x000000000800a56c                CAN_TX_IRQHandler
                0x000000000800a56c                ADC1_2_IRQHandler
                0x000000000800a56c                SPI1_IRQHandler
                0x000000000800a56c                CAN_SCE_IRQHandler
                0x000000000800a56c                DMA1_Channel4_IRQHandler
                0x000000000800a56c                USART3_IRQHandler
                0x000000000800a56c                DMA1_Channel7_IRQHandler
                0x000000000800a56c                TIM7_DAC2_IRQHandler
                0x000000000800a56c                CAN_RX1_IRQHandler
                0x000000000800a56c                I2C1_EV_IRQHandler
                0x000000000800a56c                DMA1_Channel6_IRQHandler
                0x000000000800a56c                TIM3_IRQHandler
                0x000000000800a56c                RCC_IRQHandler
                0x000000000800a56c                Default_Handler
                0x000000000800a56c                EXTI15_10_IRQHandler
                0x000000000800a56c                COMP2_IRQHandler
                0x000000000800a56c                TIM6_DAC1_IRQHandler
                0x000000000800a56c                EXTI9_5_IRQHandler
                0x000000000800a56c                RTC_WKUP_IRQHandler
                0x000000000800a56c                DMA1_Channel5_IRQHandler
                0x000000000800a56c                EXTI4_IRQHandler
                0x000000000800a56c                TIM1_TRG_COM_TIM17_IRQHandler
                0x000000000800a56c                DMA1_Channel3_IRQHandler
                0x000000000800a56c                WWDG_IRQHandler
                0x000000000800a56c                TIM2_IRQHandler
                0x000000000800a56c                EXTI1_IRQHandler
                0x000000000800a56c                COMP4_6_IRQHandler
                0x000000000800a56c                USART2_IRQHandler
                0x000000000800a56c                DMA1_Channel2_IRQHandler
                0x000000000800a56c                FLASH_IRQHandler
                0x000000000800a56c                CAN_RX0_IRQHandler
                0x000000000800a56c                I2C1_ER_IRQHandler
                0x000000000800a56c                EXTI2_TSC_IRQHandler
                0x000000000800a56c                TIM1_BRK_TIM15_IRQHandler
 .text.atoi     0x000000000800a56e        0x8 /opt/st/stm32cubeide_1.4.0/plugins/com.st.stm32cube.ide.mcu.externaltools.gnu-tools-for-stm32.7-2018-q2-update.linux64_1.4.0.202007081208/tools/bin/../lib/gcc/arm-none-eabi/7.3.1/../../../../arm-none-eabi/lib/thumb/v7e-m/fpv4-sp/hard/libc_nano.a(lib_a-atoi.o)
                0x000000000800a56e                atoi
 *fill*         0x000000000800a576        0x2 
 .text.__errno  0x000000000800a578        0xc /opt/st/stm32cubeide_1.4.0/plugins/com.st.stm32cube.ide.mcu.externaltools.gnu-tools-for-stm32.7-2018-q2-update.linux64_1.4.0.202007081208/tools/bin/../lib/gcc/arm-none-eabi/7.3.1/../../../../arm-none-eabi/lib/thumb/v7e-m/fpv4-sp/hard/libc_nano.a(lib_a-errno.o)
                0x000000000800a578                __errno
 .text.__libc_init_array
                0x000000000800a584       0x48 /opt/st/stm32cubeide_1.4.0/plugins/com.st.stm32cube.ide.mcu.externaltools.gnu-tools-for-stm32.7-2018-q2-update.linux64_1.4.0.202007081208/tools/bin/../lib/gcc/arm-none-eabi/7.3.1/../../../../arm-none-eabi/lib/thumb/v7e-m/fpv4-sp/hard/libc_nano.a(lib_a-init.o)
                0x000000000800a584                __libc_init_array
 .text.memset   0x000000000800a5cc       0x10 /opt/st/stm32cubeide_1.4.0/plugins/com.st.stm32cube.ide.mcu.externaltools.gnu-tools-for-stm32.7-2018-q2-update.linux64_1.4.0.202007081208/tools/bin/../lib/gcc/arm-none-eabi/7.3.1/../../../../arm-none-eabi/lib/thumb/v7e-m/fpv4-sp/hard/libc_nano.a(lib_a-memset.o)
                0x000000000800a5cc                memset
 .text.sprintf  0x000000000800a5dc       0x40 /opt/st/stm32cubeide_1.4.0/plugins/com.st.stm32cube.ide.mcu.externaltools.gnu-tools-for-stm32.7-2018-q2-update.linux64_1.4.0.202007081208/tools/bin/../lib/gcc/arm-none-eabi/7.3.1/../../../../arm-none-eabi/lib/thumb/v7e-m/fpv4-sp/hard/libc_nano.a(lib_a-sprintf.o)
                0x000000000800a5dc                sprintf
                0x000000000800a5dc                siprintf
 .text._strtol_l.isra.0
                0x000000000800a61c       0xf6 /opt/st/stm32cubeide_1.4.0/plugins/com.st.stm32cube.ide.mcu.externaltools.gnu-tools-for-stm32.7-2018-q2-update.linux64_1.4.0.202007081208/tools/bin/../lib/gcc/arm-none-eabi/7.3.1/../../../../arm-none-eabi/lib/thumb/v7e-m/fpv4-sp/hard/libc_nano.a(lib_a-strtol.o)
 *fill*         0x000000000800a712        0x2 
 .text.strtol   0x000000000800a714       0x2c /opt/st/stm32cubeide_1.4.0/plugins/com.st.stm32cube.ide.mcu.externaltools.gnu-tools-for-stm32.7-2018-q2-update.linux64_1.4.0.202007081208/tools/bin/../lib/gcc/arm-none-eabi/7.3.1/../../../../arm-none-eabi/lib/thumb/v7e-m/fpv4-sp/hard/libc_nano.a(lib_a-strtol.o)
                0x000000000800a714                strtol
 .text.__locale_ctype_ptr_l
                0x000000000800a740        0x6 /opt/st/stm32cubeide_1.4.0/plugins/com.st.stm32cube.ide.mcu.externaltools.gnu-tools-for-stm32.7-2018-q2-update.linux64_1.4.0.202007081208/tools/bin/../lib/gcc/arm-none-eabi/7.3.1/../../../../arm-none-eabi/lib/thumb/v7e-m/fpv4-sp/hard/libc_nano.a(lib_a-locale.o)
                0x000000000800a740                __locale_ctype_ptr_l
 .text.__ascii_mbtowc
                0x000000000800a746       0x24 /opt/st/stm32cubeide_1.4.0/plugins/com.st.stm32cube.ide.mcu.externaltools.gnu-tools-for-stm32.7-2018-q2-update.linux64_1.4.0.202007081208/tools/bin/../lib/gcc/arm-none-eabi/7.3.1/../../../../arm-none-eabi/lib/thumb/v7e-m/fpv4-sp/hard/libc_nano.a(lib_a-mbtowc_r.o)
                0x000000000800a746                __ascii_mbtowc
 .text.__ssputs_r
                0x000000000800a76a       0xb4 /opt/st/stm32cubeide_1.4.0/plugins/com.st.stm32cube.ide.mcu.externaltools.gnu-tools-for-stm32.7-2018-q2-update.linux64_1.4.0.202007081208/tools/bin/../lib/gcc/arm-none-eabi/7.3.1/../../../../arm-none-eabi/lib/thumb/v7e-m/fpv4-sp/hard/libc_nano.a(lib_a-nano-svfprintf.o)
                0x000000000800a76a                __ssputs_r
 *fill*         0x000000000800a81e        0x2 
 .text._svfprintf_r
                0x000000000800a820      0x1f0 /opt/st/stm32cubeide_1.4.0/plugins/com.st.stm32cube.ide.mcu.externaltools.gnu-tools-for-stm32.7-2018-q2-update.linux64_1.4.0.202007081208/tools/bin/../lib/gcc/arm-none-eabi/7.3.1/../../../../arm-none-eabi/lib/thumb/v7e-m/fpv4-sp/hard/libc_nano.a(lib_a-nano-svfprintf.o)
                0x000000000800a820                _svfprintf_r
                0x000000000800a820                _svfiprintf_r
 .text._printf_common
                0x000000000800aa10       0xea /opt/st/stm32cubeide_1.4.0/plugins/com.st.stm32cube.ide.mcu.externaltools.gnu-tools-for-stm32.7-2018-q2-update.linux64_1.4.0.202007081208/tools/bin/../lib/gcc/arm-none-eabi/7.3.1/../../../../arm-none-eabi/lib/thumb/v7e-m/fpv4-sp/hard/libc_nano.a(lib_a-nano-vfprintf_i.o)
                0x000000000800aa10                _printf_common
 *fill*         0x000000000800aafa        0x2 
 .text._printf_i
                0x000000000800aafc      0x224 /opt/st/stm32cubeide_1.4.0/plugins/com.st.stm32cube.ide.mcu.externaltools.gnu-tools-for-stm32.7-2018-q2-update.linux64_1.4.0.202007081208/tools/bin/../lib/gcc/arm-none-eabi/7.3.1/../../../../arm-none-eabi/lib/thumb/v7e-m/fpv4-sp/hard/libc_nano.a(lib_a-nano-vfprintf_i.o)
                0x000000000800aafc                _printf_i
 .text.__ascii_wctomb
                0x000000000800ad20       0x1a /opt/st/stm32cubeide_1.4.0/plugins/com.st.stm32cube.ide.mcu.externaltools.gnu-tools-for-stm32.7-2018-q2-update.linux64_1.4.0.202007081208/tools/bin/../lib/gcc/arm-none-eabi/7.3.1/../../../../arm-none-eabi/lib/thumb/v7e-m/fpv4-sp/hard/libc_nano.a(lib_a-wctomb_r.o)
                0x000000000800ad20                __ascii_wctomb
 .text.memcpy   0x000000000800ad3a       0x16 /opt/st/stm32cubeide_1.4.0/plugins/com.st.stm32cube.ide.mcu.externaltools.gnu-tools-for-stm32.7-2018-q2-update.linux64_1.4.0.202007081208/tools/bin/../lib/gcc/arm-none-eabi/7.3.1/../../../../arm-none-eabi/lib/thumb/v7e-m/fpv4-sp/hard/libc_nano.a(lib_a-memcpy-stub.o)
                0x000000000800ad3a                memcpy
 .text.memmove  0x000000000800ad50       0x32 /opt/st/stm32cubeide_1.4.0/plugins/com.st.stm32cube.ide.mcu.externaltools.gnu-tools-for-stm32.7-2018-q2-update.linux64_1.4.0.202007081208/tools/bin/../lib/gcc/arm-none-eabi/7.3.1/../../../../arm-none-eabi/lib/thumb/v7e-m/fpv4-sp/hard/libc_nano.a(lib_a-memmove.o)
                0x000000000800ad50                memmove
 *fill*         0x000000000800ad82        0x2 
 .text._free_r  0x000000000800ad84       0x9c /opt/st/stm32cubeide_1.4.0/plugins/com.st.stm32cube.ide.mcu.externaltools.gnu-tools-for-stm32.7-2018-q2-update.linux64_1.4.0.202007081208/tools/bin/../lib/gcc/arm-none-eabi/7.3.1/../../../../arm-none-eabi/lib/thumb/v7e-m/fpv4-sp/hard/libc_nano.a(lib_a-nano-freer.o)
                0x000000000800ad84                _free_r
 .text._malloc_r
                0x000000000800ae20       0xb4 /opt/st/stm32cubeide_1.4.0/plugins/com.st.stm32cube.ide.mcu.externaltools.gnu-tools-for-stm32.7-2018-q2-update.linux64_1.4.0.202007081208/tools/bin/../lib/gcc/arm-none-eabi/7.3.1/../../../../arm-none-eabi/lib/thumb/v7e-m/fpv4-sp/hard/libc_nano.a(lib_a-nano-mallocr.o)
                0x000000000800ae20                _malloc_r
 .text._realloc_r
                0x000000000800aed4       0x4c /opt/st/stm32cubeide_1.4.0/plugins/com.st.stm32cube.ide.mcu.externaltools.gnu-tools-for-stm32.7-2018-q2-update.linux64_1.4.0.202007081208/tools/bin/../lib/gcc/arm-none-eabi/7.3.1/../../../../arm-none-eabi/lib/thumb/v7e-m/fpv4-sp/hard/libc_nano.a(lib_a-nano-reallocr.o)
                0x000000000800aed4                _realloc_r
 .text._sbrk_r  0x000000000800af20       0x20 /opt/st/stm32cubeide_1.4.0/plugins/com.st.stm32cube.ide.mcu.externaltools.gnu-tools-for-stm32.7-2018-q2-update.linux64_1.4.0.202007081208/tools/bin/../lib/gcc/arm-none-eabi/7.3.1/../../../../arm-none-eabi/lib/thumb/v7e-m/fpv4-sp/hard/libc_nano.a(lib_a-sbrkr.o)
                0x000000000800af20                _sbrk_r
 .text.__malloc_lock
                0x000000000800af40        0x2 /opt/st/stm32cubeide_1.4.0/plugins/com.st.stm32cube.ide.mcu.externaltools.gnu-tools-for-stm32.7-2018-q2-update.linux64_1.4.0.202007081208/tools/bin/../lib/gcc/arm-none-eabi/7.3.1/../../../../arm-none-eabi/lib/thumb/v7e-m/fpv4-sp/hard/libc_nano.a(lib_a-mlock.o)
                0x000000000800af40                __malloc_lock
 .text.__malloc_unlock
                0x000000000800af42        0x2 /opt/st/stm32cubeide_1.4.0/plugins/com.st.stm32cube.ide.mcu.externaltools.gnu-tools-for-stm32.7-2018-q2-update.linux64_1.4.0.202007081208/tools/bin/../lib/gcc/arm-none-eabi/7.3.1/../../../../arm-none-eabi/lib/thumb/v7e-m/fpv4-sp/hard/libc_nano.a(lib_a-mlock.o)
                0x000000000800af42                __malloc_unlock
 .text._malloc_usable_size_r
                0x000000000800af44       0x10 /opt/st/stm32cubeide_1.4.0/plugins/com.st.stm32cube.ide.mcu.externaltools.gnu-tools-for-stm32.7-2018-q2-update.linux64_1.4.0.202007081208/tools/bin/../lib/gcc/arm-none-eabi/7.3.1/../../../../arm-none-eabi/lib/thumb/v7e-m/fpv4-sp/hard/libc_nano.a(lib_a-nano-msizer.o)
                0x000000000800af44                _malloc_usable_size_r
 *(.glue_7)
 .glue_7        0x000000000800af54        0x0 linker stubs
 *(.glue_7t)
 .glue_7t       0x000000000800af54        0x0 linker stubs
 *(.eh_frame)
 .eh_frame      0x000000000800af54        0x0 /opt/st/stm32cubeide_1.4.0/plugins/com.st.stm32cube.ide.mcu.externaltools.gnu-tools-for-stm32.7-2018-q2-update.linux64_1.4.0.202007081208/tools/bin/../lib/gcc/arm-none-eabi/7.3.1/thumb/v7e-m/fpv4-sp/hard/crtbegin.o
 *(.init)
 .init          0x000000000800af54        0x4 /opt/st/stm32cubeide_1.4.0/plugins/com.st.stm32cube.ide.mcu.externaltools.gnu-tools-for-stm32.7-2018-q2-update.linux64_1.4.0.202007081208/tools/bin/../lib/gcc/arm-none-eabi/7.3.1/thumb/v7e-m/fpv4-sp/hard/crti.o
                0x000000000800af54                _init
 .init          0x000000000800af58        0x8 /opt/st/stm32cubeide_1.4.0/plugins/com.st.stm32cube.ide.mcu.externaltools.gnu-tools-for-stm32.7-2018-q2-update.linux64_1.4.0.202007081208/tools/bin/../lib/gcc/arm-none-eabi/7.3.1/thumb/v7e-m/fpv4-sp/hard/crtn.o
 *(.fini)
 .fini          0x000000000800af60        0x4 /opt/st/stm32cubeide_1.4.0/plugins/com.st.stm32cube.ide.mcu.externaltools.gnu-tools-for-stm32.7-2018-q2-update.linux64_1.4.0.202007081208/tools/bin/../lib/gcc/arm-none-eabi/7.3.1/thumb/v7e-m/fpv4-sp/hard/crti.o
                0x000000000800af60                _fini
 .fini          0x000000000800af64        0x8 /opt/st/stm32cubeide_1.4.0/plugins/com.st.stm32cube.ide.mcu.externaltools.gnu-tools-for-stm32.7-2018-q2-update.linux64_1.4.0.202007081208/tools/bin/../lib/gcc/arm-none-eabi/7.3.1/thumb/v7e-m/fpv4-sp/hard/crtn.o
                0x000000000800af6c                . = ALIGN (0x4)
                0x000000000800af6c                _etext = .

.vfp11_veneer   0x000000000800af6c        0x0
 .vfp11_veneer  0x000000000800af6c        0x0 linker stubs

.v4_bx          0x000000000800af6c        0x0
 .v4_bx         0x000000000800af6c        0x0 linker stubs

.iplt           0x000000000800af6c        0x0
 .iplt          0x000000000800af6c        0x0 /opt/st/stm32cubeide_1.4.0/plugins/com.st.stm32cube.ide.mcu.externaltools.gnu-tools-for-stm32.7-2018-q2-update.linux64_1.4.0.202007081208/tools/bin/../lib/gcc/arm-none-eabi/7.3.1/thumb/v7e-m/fpv4-sp/hard/crtbegin.o

.rodata         0x000000000800af6c      0x358
                0x000000000800af6c                . = ALIGN (0x4)
 *(.rodata)
 .rodata        0x000000000800af6c       0x44 Middlewares/Third_Party/FatFs/src/ff.o
 .rodata        0x000000000800afb0      0x11b Src/main.o
 *(.rodata*)
 *fill*         0x000000000800b0cb        0x1 
 .rodata.aPLLMULFactorTable
                0x000000000800b0cc       0x10 Drivers/STM32F3xx_HAL_Driver/Src/stm32f3xx_hal_rcc.o
                0x000000000800b0cc                aPLLMULFactorTable
 .rodata.aPredivFactorTable
                0x000000000800b0dc       0x10 Drivers/STM32F3xx_HAL_Driver/Src/stm32f3xx_hal_rcc.o
                0x000000000800b0dc                aPredivFactorTable
 .rodata.ExCvt  0x000000000800b0ec       0x80 Middlewares/Third_Party/FatFs/src/ff.o
 .rodata.AHBPrescTable
                0x000000000800b16c       0x10 Src/system_stm32f3xx.o
                0x000000000800b16c                AHBPrescTable
 .rodata.APBPrescTable
                0x000000000800b17c        0x8 Src/system_stm32f3xx.o
                0x000000000800b17c                APBPrescTable
 .rodata._setlocale_r.str1.1
                0x000000000800b184        0x8 /opt/st/stm32cubeide_1.4.0/plugins/com.st.stm32cube.ide.mcu.externaltools.gnu-tools-for-stm32.7-2018-q2-update.linux64_1.4.0.202007081208/tools/bin/../lib/gcc/arm-none-eabi/7.3.1/../../../../arm-none-eabi/lib/thumb/v7e-m/fpv4-sp/hard/libc_nano.a(lib_a-locale.o)
                                          0x9 (size before relaxing)
 .rodata.str1.1
                0x000000000800b18c        0x2 /opt/st/stm32cubeide_1.4.0/plugins/com.st.stm32cube.ide.mcu.externaltools.gnu-tools-for-stm32.7-2018-q2-update.linux64_1.4.0.202007081208/tools/bin/../lib/gcc/arm-none-eabi/7.3.1/../../../../arm-none-eabi/lib/thumb/v7e-m/fpv4-sp/hard/libc_nano.a(lib_a-locale.o)
 .rodata._svfprintf_r.str1.1
                0x000000000800b18e       0x11 /opt/st/stm32cubeide_1.4.0/plugins/com.st.stm32cube.ide.mcu.externaltools.gnu-tools-for-stm32.7-2018-q2-update.linux64_1.4.0.202007081208/tools/bin/../lib/gcc/arm-none-eabi/7.3.1/../../../../arm-none-eabi/lib/thumb/v7e-m/fpv4-sp/hard/libc_nano.a(lib_a-nano-svfprintf.o)
 .rodata._printf_i.str1.1
                0x000000000800b19f       0x22 /opt/st/stm32cubeide_1.4.0/plugins/com.st.stm32cube.ide.mcu.externaltools.gnu-tools-for-stm32.7-2018-q2-update.linux64_1.4.0.202007081208/tools/bin/../lib/gcc/arm-none-eabi/7.3.1/../../../../arm-none-eabi/lib/thumb/v7e-m/fpv4-sp/hard/libc_nano.a(lib_a-nano-vfprintf_i.o)
 .rodata._ctype_
                0x000000000800b1c1      0x101 /opt/st/stm32cubeide_1.4.0/plugins/com.st.stm32cube.ide.mcu.externaltools.gnu-tools-for-stm32.7-2018-q2-update.linux64_1.4.0.202007081208/tools/bin/../lib/gcc/arm-none-eabi/7.3.1/../../../../arm-none-eabi/lib/thumb/v7e-m/fpv4-sp/hard/libc_nano.a(lib_a-ctype_.o)
                0x000000000800b1c1                _ctype_
                0x000000000800b2c4                . = ALIGN (0x4)
 *fill*         0x000000000800b2c2        0x2 

.rel.dyn        0x000000000800b2c4        0x0
 .rel.iplt      0x000000000800b2c4        0x0 /opt/st/stm32cubeide_1.4.0/plugins/com.st.stm32cube.ide.mcu.externaltools.gnu-tools-for-stm32.7-2018-q2-update.linux64_1.4.0.202007081208/tools/bin/../lib/gcc/arm-none-eabi/7.3.1/thumb/v7e-m/fpv4-sp/hard/crtbegin.o

.ARM.extab      0x000000000800b2c4        0x0
                0x000000000800b2c4                . = ALIGN (0x4)
 *(.ARM.extab* .gnu.linkonce.armextab.*)
                0x000000000800b2c4                . = ALIGN (0x4)

.ARM            0x000000000800b2c4        0x0
                0x000000000800b2c4                . = ALIGN (0x4)
                0x000000000800b2c4                __exidx_start = .
 *(.ARM.exidx*)
                0x000000000800b2c4                __exidx_end = .
                0x000000000800b2c4                . = ALIGN (0x4)

.preinit_array  0x000000000800b2c4        0x0
                0x000000000800b2c4                . = ALIGN (0x4)
                0x000000000800b2c4                PROVIDE (__preinit_array_start = .)
 *(.preinit_array*)
                0x000000000800b2c4                PROVIDE (__preinit_array_end = .)
                0x000000000800b2c4                . = ALIGN (0x4)

.init_array     0x000000000800b2c4        0x4
                0x000000000800b2c4                . = ALIGN (0x4)
                0x000000000800b2c4                PROVIDE (__init_array_start = .)
 *(SORT_BY_NAME(.init_array.*))
 *(.init_array*)
 .init_array    0x000000000800b2c4        0x4 /opt/st/stm32cubeide_1.4.0/plugins/com.st.stm32cube.ide.mcu.externaltools.gnu-tools-for-stm32.7-2018-q2-update.linux64_1.4.0.202007081208/tools/bin/../lib/gcc/arm-none-eabi/7.3.1/thumb/v7e-m/fpv4-sp/hard/crtbegin.o
                0x000000000800b2c8                PROVIDE (__init_array_end = .)
                0x000000000800b2c8                . = ALIGN (0x4)

.fini_array     0x000000000800b2c8        0x4
                0x000000000800b2c8                . = ALIGN (0x4)
                [!provide]                        PROVIDE (__fini_array_start = .)
 *(SORT_BY_NAME(.fini_array.*))
 *(.fini_array*)
 .fini_array    0x000000000800b2c8        0x4 /opt/st/stm32cubeide_1.4.0/plugins/com.st.stm32cube.ide.mcu.externaltools.gnu-tools-for-stm32.7-2018-q2-update.linux64_1.4.0.202007081208/tools/bin/../lib/gcc/arm-none-eabi/7.3.1/thumb/v7e-m/fpv4-sp/hard/crtbegin.o
                [!provide]                        PROVIDE (__fini_array_end = .)
                0x000000000800b2cc                . = ALIGN (0x4)
                0x000000000800b2cc                _sidata = LOADADDR (.data)

.data           0x0000000020000000      0x1f8 load address 0x000000000800b2cc
                0x0000000020000000                . = ALIGN (0x4)
                0x0000000020000000                _sdata = .
 *(.data)
 *(.data*)
 .data.uwTickPrio
                0x0000000020000000        0x4 Drivers/STM32F3xx_HAL_Driver/Src/stm32f3xx_hal.o
                0x0000000020000000                uwTickPrio
 .data.uwTickFreq
                0x0000000020000004        0x1 Drivers/STM32F3xx_HAL_Driver/Src/stm32f3xx_hal.o
                0x0000000020000004                uwTickFreq
 .data.Stat     0x0000000020000005        0x1 Src/fatfs_sd.o
 *fill*         0x0000000020000006        0x2 
 .data.SerialNo
                0x0000000020000008        0x7 Src/main.o
                0x0000000020000008                SerialNo
 *fill*         0x000000002000000f        0x1 
 .data.SystemCoreClock
                0x0000000020000010        0x4 Src/system_stm32f3xx.o
                0x0000000020000010                SystemCoreClock
 .data.USER_Driver
                0x0000000020000014       0x14 Src/user_diskio.o
                0x0000000020000014                USER_Driver
 .data._impure_ptr
                0x0000000020000028        0x4 /opt/st/stm32cubeide_1.4.0/plugins/com.st.stm32cube.ide.mcu.externaltools.gnu-tools-for-stm32.7-2018-q2-update.linux64_1.4.0.202007081208/tools/bin/../lib/gcc/arm-none-eabi/7.3.1/../../../../arm-none-eabi/lib/thumb/v7e-m/fpv4-sp/hard/libc_nano.a(lib_a-impure.o)
                0x0000000020000028                _impure_ptr
 .data.impure_data
                0x000000002000002c       0x60 /opt/st/stm32cubeide_1.4.0/plugins/com.st.stm32cube.ide.mcu.externaltools.gnu-tools-for-stm32.7-2018-q2-update.linux64_1.4.0.202007081208/tools/bin/../lib/gcc/arm-none-eabi/7.3.1/../../../../arm-none-eabi/lib/thumb/v7e-m/fpv4-sp/hard/libc_nano.a(lib_a-impure.o)
 .data.__global_locale
                0x000000002000008c      0x16c /opt/st/stm32cubeide_1.4.0/plugins/com.st.stm32cube.ide.mcu.externaltools.gnu-tools-for-stm32.7-2018-q2-update.linux64_1.4.0.202007081208/tools/bin/../lib/gcc/arm-none-eabi/7.3.1/../../../../arm-none-eabi/lib/thumb/v7e-m/fpv4-sp/hard/libc_nano.a(lib_a-locale.o)
                0x000000002000008c                __global_locale
                0x00000000200001f8                . = ALIGN (0x4)
                0x00000000200001f8                _edata = .

.igot.plt       0x00000000200001f8        0x0 load address 0x000000000800b4c4
 .igot.plt      0x00000000200001f8        0x0 /opt/st/stm32cubeide_1.4.0/plugins/com.st.stm32cube.ide.mcu.externaltools.gnu-tools-for-stm32.7-2018-q2-update.linux64_1.4.0.202007081208/tools/bin/../lib/gcc/arm-none-eabi/7.3.1/thumb/v7e-m/fpv4-sp/hard/crtbegin.o
                0x00000000200001f8                . = ALIGN (0x4)

.bss            0x00000000200001f8     0x1440 load address 0x000000000800b4c4
                0x00000000200001f8                _sbss = .
                0x00000000200001f8                __bss_start__ = _sbss
 *(.bss)
 .bss           0x00000000200001f8       0x1c /opt/st/stm32cubeide_1.4.0/plugins/com.st.stm32cube.ide.mcu.externaltools.gnu-tools-for-stm32.7-2018-q2-update.linux64_1.4.0.202007081208/tools/bin/../lib/gcc/arm-none-eabi/7.3.1/thumb/v7e-m/fpv4-sp/hard/crtbegin.o
 *(.bss*)
 .bss.FatFs     0x0000000020000214        0x4 Middlewares/Third_Party/FatFs/src/ff.o
 .bss.Fsid      0x0000000020000218        0x2 Middlewares/Third_Party/FatFs/src/ff.o
 *fill*         0x000000002000021a        0x2 
 .bss.Files     0x000000002000021c       0x18 Middlewares/Third_Party/FatFs/src/ff.o
 .bss.disk      0x0000000020000234        0xc Middlewares/Third_Party/FatFs/src/ff_gen_drv.o
                0x0000000020000234                disk
 .bss.open      0x0000000020000240        0x1 Src/File_Handling_RTOS.o
                0x0000000020000240                open
 .bss.CardType  0x0000000020000241        0x1 Src/fatfs_sd.o
 .bss.PowerFlag
                0x0000000020000242        0x1 Src/fatfs_sd.o
 *fill*         0x0000000020000243        0x1 
 .bss.sAlarm1   0x0000000020000244       0x28 Src/main.o
                0x0000000020000244                sAlarm1
 .bss.branje    0x000000002000026c        0x4 Src/main.o
                0x000000002000026c                branje
 .bss.temp      0x0000000020000270        0x4 Src/main.o
                0x0000000020000270                temp
 .bss.hum       0x0000000020000274        0x4 Src/main.o
                0x0000000020000274                hum
 .bss.FatFsCnt  0x0000000020000278        0x1 Src/stm32f3xx_it.o
                0x0000000020000278                FatFsCnt
 *fill*         0x0000000020000279        0x3 
 .bss.heap_end.6424
                0x000000002000027c        0x4 Src/sysmem.o
 .bss.__malloc_free_list
                0x0000000020000280        0x4 /opt/st/stm32cubeide_1.4.0/plugins/com.st.stm32cube.ide.mcu.externaltools.gnu-tools-for-stm32.7-2018-q2-update.linux64_1.4.0.202007081208/tools/bin/../lib/gcc/arm-none-eabi/7.3.1/../../../../arm-none-eabi/lib/thumb/v7e-m/fpv4-sp/hard/libc_nano.a(lib_a-nano-mallocr.o)
                0x0000000020000280                __malloc_free_list
 .bss.__malloc_sbrk_start
                0x0000000020000284        0x4 /opt/st/stm32cubeide_1.4.0/plugins/com.st.stm32cube.ide.mcu.externaltools.gnu-tools-for-stm32.7-2018-q2-update.linux64_1.4.0.202007081208/tools/bin/../lib/gcc/arm-none-eabi/7.3.1/../../../../arm-none-eabi/lib/thumb/v7e-m/fpv4-sp/hard/libc_nano.a(lib_a-nano-mallocr.o)
                0x0000000020000284                __malloc_sbrk_start
 *(COMMON)
 COMMON         0x0000000020000288        0x4 Drivers/STM32F3xx_HAL_Driver/Src/stm32f3xx_hal.o
                0x0000000020000288                uwTick
 COMMON         0x000000002000028c      0x490 Src/File_Handling_RTOS.o
                0x000000002000028c                fre_clust
                0x0000000020000290                fno
                0x00000000200002a8                fs
                0x00000000200004d8                br
                0x00000000200004dc                free_space
                0x00000000200004e0                bw
                0x00000000200004e4                pfs
                0x00000000200004e8                fresult
                0x00000000200004ec                total
                0x00000000200004f0                fil
 COMMON         0x000000002000071c        0x7 Src/MY_DHT.o
                0x000000002000071c                Rh_byte1
                0x000000002000071d                Temp_byte1
                0x000000002000071e                Rh_byte2
                0x0000000020000720                SUM
                0x0000000020000722                Temp_byte2
 *fill*         0x0000000020000723        0x1 
 COMMON         0x0000000020000724      0x464 Src/fatfs.o
                0x0000000020000724                USERPath
                0x0000000020000728                retUSER
                0x000000002000072c                USERFile
                0x0000000020000958                USERFatFS
 COMMON         0x0000000020000b88      0xa68 Src/main.o
                0x0000000020000b88                resetTime
                0x0000000020000b9c                hadc1
                0x0000000020000bec                huart1
                0x0000000020000c6c                hdma_adc1
                0x0000000020000cb0                hrtc
                0x0000000020000cd0                data
                0x0000000020000cd8                GPIO_InitStruct
                0x0000000020000cec                time
                0x0000000020000d00                resetDate
                0x0000000020000d04                Server
                0x0000000020000d14                hspi1
                0x0000000020000d78                sensor
                0x0000000020000d7c                htim2
                0x0000000020000dbc                passwd
                0x0000000020000dd0                Time
                0x0000000020000dd8                date
                0x0000000020000ddc                prejeto
                0x00000000200015dc                SSID
 COMMON         0x00000000200015f0       0x40 Src/stm32f3xx_hal_timebase_tim.o
                0x00000000200015f0                htim1
 COMMON         0x0000000020001630        0x2 Src/stm32f3xx_it.o
                0x0000000020001630                Timer2
                0x0000000020001631                Timer1
 *fill*         0x0000000020001632        0x2 
 COMMON         0x0000000020001634        0x4 /opt/st/stm32cubeide_1.4.0/plugins/com.st.stm32cube.ide.mcu.externaltools.gnu-tools-for-stm32.7-2018-q2-update.linux64_1.4.0.202007081208/tools/bin/../lib/gcc/arm-none-eabi/7.3.1/../../../../arm-none-eabi/lib/thumb/v7e-m/fpv4-sp/hard/libc_nano.a(lib_a-reent.o)
                0x0000000020001634                errno
                0x0000000020001638                . = ALIGN (0x4)
                0x0000000020001638                _ebss = .
                0x0000000020001638                __bss_end__ = _ebss

._user_heap_stack
                0x0000000020001638      0x600 load address 0x000000000800b4c4
                0x0000000020001638                . = ALIGN (0x8)
                0x0000000020001638                PROVIDE (end = .)
                [!provide]                        PROVIDE (_end = .)
                0x0000000020001838                . = (. + _Min_Heap_Size)
 *fill*         0x0000000020001638      0x200 
                0x0000000020001c38                . = (. + _Min_Stack_Size)
 *fill*         0x0000000020001838      0x400 
                0x0000000020001c38                . = ALIGN (0x8)

/DISCARD/
 libc.a(*)
 libm.a(*)
 libgcc.a(*)

.ARM.attributes
                0x0000000000000000       0x30
 *(.ARM.attributes)
 .ARM.attributes
                0x0000000000000000       0x22 /opt/st/stm32cubeide_1.4.0/plugins/com.st.stm32cube.ide.mcu.externaltools.gnu-tools-for-stm32.7-2018-q2-update.linux64_1.4.0.202007081208/tools/bin/../lib/gcc/arm-none-eabi/7.3.1/thumb/v7e-m/fpv4-sp/hard/crti.o
 .ARM.attributes
                0x0000000000000022       0x34 /opt/st/stm32cubeide_1.4.0/plugins/com.st.stm32cube.ide.mcu.externaltools.gnu-tools-for-stm32.7-2018-q2-update.linux64_1.4.0.202007081208/tools/bin/../lib/gcc/arm-none-eabi/7.3.1/thumb/v7e-m/fpv4-sp/hard/crtbegin.o
 .ARM.attributes
                0x0000000000000056       0x39 Drivers/STM32F3xx_HAL_Driver/Src/stm32f3xx_hal.o
 .ARM.attributes
                0x000000000000008f       0x39 Drivers/STM32F3xx_HAL_Driver/Src/stm32f3xx_hal_adc.o
 .ARM.attributes
                0x00000000000000c8       0x39 Drivers/STM32F3xx_HAL_Driver/Src/stm32f3xx_hal_adc_ex.o
 .ARM.attributes
                0x0000000000000101       0x39 Drivers/STM32F3xx_HAL_Driver/Src/stm32f3xx_hal_cortex.o
 .ARM.attributes
                0x000000000000013a       0x39 Drivers/STM32F3xx_HAL_Driver/Src/stm32f3xx_hal_dma.o
 .ARM.attributes
                0x0000000000000173       0x39 Drivers/STM32F3xx_HAL_Driver/Src/stm32f3xx_hal_gpio.o
 .ARM.attributes
                0x00000000000001ac       0x39 Drivers/STM32F3xx_HAL_Driver/Src/stm32f3xx_hal_rcc.o
 .ARM.attributes
                0x00000000000001e5       0x39 Drivers/STM32F3xx_HAL_Driver/Src/stm32f3xx_hal_rcc_ex.o
 .ARM.attributes
                0x000000000000021e       0x39 Drivers/STM32F3xx_HAL_Driver/Src/stm32f3xx_hal_rtc.o
 .ARM.attributes
                0x0000000000000257       0x39 Drivers/STM32F3xx_HAL_Driver/Src/stm32f3xx_hal_rtc_ex.o
 .ARM.attributes
                0x0000000000000290       0x39 Drivers/STM32F3xx_HAL_Driver/Src/stm32f3xx_hal_spi.o
 .ARM.attributes
                0x00000000000002c9       0x39 Drivers/STM32F3xx_HAL_Driver/Src/stm32f3xx_hal_tim.o
 .ARM.attributes
                0x0000000000000302       0x39 Drivers/STM32F3xx_HAL_Driver/Src/stm32f3xx_hal_tim_ex.o
 .ARM.attributes
                0x000000000000033b       0x39 Drivers/STM32F3xx_HAL_Driver/Src/stm32f3xx_hal_uart.o
 .ARM.attributes
                0x0000000000000374       0x39 Drivers/STM32F3xx_HAL_Driver/Src/stm32f3xx_hal_uart_ex.o
 .ARM.attributes
                0x00000000000003ad       0x39 Middlewares/Third_Party/FatFs/src/diskio.o
 .ARM.attributes
                0x00000000000003e6       0x39 Middlewares/Third_Party/FatFs/src/ff.o
 .ARM.attributes
                0x000000000000041f       0x39 Middlewares/Third_Party/FatFs/src/ff_gen_drv.o
 .ARM.attributes
                0x0000000000000458       0x39 Src/File_Handling_RTOS.o
 .ARM.attributes
                0x0000000000000491       0x39 Src/MY_DHT.o
 .ARM.attributes
                0x00000000000004ca       0x39 Src/fatfs.o
 .ARM.attributes
                0x0000000000000503       0x39 Src/fatfs_sd.o
 .ARM.attributes
                0x000000000000053c       0x39 Src/main.o
 .ARM.attributes
                0x0000000000000575       0x39 Src/stm32f3xx_hal_msp.o
 .ARM.attributes
                0x00000000000005ae       0x39 Src/stm32f3xx_hal_timebase_tim.o
 .ARM.attributes
                0x00000000000005e7       0x39 Src/stm32f3xx_it.o
 .ARM.attributes
                0x0000000000000620       0x39 Src/sysmem.o
 .ARM.attributes
                0x0000000000000659       0x39 Src/system_stm32f3xx.o
 .ARM.attributes
                0x0000000000000692       0x39 Src/user_diskio.o
 .ARM.attributes
                0x00000000000006cb       0x21 Startup/startup_stm32f303k8tx.o
 .ARM.attributes
                0x00000000000006ec       0x34 /opt/st/stm32cubeide_1.4.0/plugins/com.st.stm32cube.ide.mcu.externaltools.gnu-tools-for-stm32.7-2018-q2-update.linux64_1.4.0.202007081208/tools/bin/../lib/gcc/arm-none-eabi/7.3.1/../../../../arm-none-eabi/lib/thumb/v7e-m/fpv4-sp/hard/libc_nano.a(lib_a-atoi.o)
 .ARM.attributes
                0x0000000000000720       0x34 /opt/st/stm32cubeide_1.4.0/plugins/com.st.stm32cube.ide.mcu.externaltools.gnu-tools-for-stm32.7-2018-q2-update.linux64_1.4.0.202007081208/tools/bin/../lib/gcc/arm-none-eabi/7.3.1/../../../../arm-none-eabi/lib/thumb/v7e-m/fpv4-sp/hard/libc_nano.a(lib_a-errno.o)
 .ARM.attributes
                0x0000000000000754       0x34 /opt/st/stm32cubeide_1.4.0/plugins/com.st.stm32cube.ide.mcu.externaltools.gnu-tools-for-stm32.7-2018-q2-update.linux64_1.4.0.202007081208/tools/bin/../lib/gcc/arm-none-eabi/7.3.1/../../../../arm-none-eabi/lib/thumb/v7e-m/fpv4-sp/hard/libc_nano.a(lib_a-impure.o)
 .ARM.attributes
                0x0000000000000788       0x34 /opt/st/stm32cubeide_1.4.0/plugins/com.st.stm32cube.ide.mcu.externaltools.gnu-tools-for-stm32.7-2018-q2-update.linux64_1.4.0.202007081208/tools/bin/../lib/gcc/arm-none-eabi/7.3.1/../../../../arm-none-eabi/lib/thumb/v7e-m/fpv4-sp/hard/libc_nano.a(lib_a-init.o)
 .ARM.attributes
                0x00000000000007bc       0x34 /opt/st/stm32cubeide_1.4.0/plugins/com.st.stm32cube.ide.mcu.externaltools.gnu-tools-for-stm32.7-2018-q2-update.linux64_1.4.0.202007081208/tools/bin/../lib/gcc/arm-none-eabi/7.3.1/../../../../arm-none-eabi/lib/thumb/v7e-m/fpv4-sp/hard/libc_nano.a(lib_a-memset.o)
 .ARM.attributes
                0x00000000000007f0       0x34 /opt/st/stm32cubeide_1.4.0/plugins/com.st.stm32cube.ide.mcu.externaltools.gnu-tools-for-stm32.7-2018-q2-update.linux64_1.4.0.202007081208/tools/bin/../lib/gcc/arm-none-eabi/7.3.1/../../../../arm-none-eabi/lib/thumb/v7e-m/fpv4-sp/hard/libc_nano.a(lib_a-sprintf.o)
 .ARM.attributes
                0x0000000000000824       0x1b /opt/st/stm32cubeide_1.4.0/plugins/com.st.stm32cube.ide.mcu.externaltools.gnu-tools-for-stm32.7-2018-q2-update.linux64_1.4.0.202007081208/tools/bin/../lib/gcc/arm-none-eabi/7.3.1/../../../../arm-none-eabi/lib/thumb/v7e-m/fpv4-sp/hard/libc_nano.a(lib_a-strlen.o)
 .ARM.attributes
                0x000000000000083f       0x34 /opt/st/stm32cubeide_1.4.0/plugins/com.st.stm32cube.ide.mcu.externaltools.gnu-tools-for-stm32.7-2018-q2-update.linux64_1.4.0.202007081208/tools/bin/../lib/gcc/arm-none-eabi/7.3.1/../../../../arm-none-eabi/lib/thumb/v7e-m/fpv4-sp/hard/libc_nano.a(lib_a-strtol.o)
 .ARM.attributes
                0x0000000000000873       0x34 /opt/st/stm32cubeide_1.4.0/plugins/com.st.stm32cube.ide.mcu.externaltools.gnu-tools-for-stm32.7-2018-q2-update.linux64_1.4.0.202007081208/tools/bin/../lib/gcc/arm-none-eabi/7.3.1/../../../../arm-none-eabi/lib/thumb/v7e-m/fpv4-sp/hard/libc_nano.a(lib_a-locale.o)
 .ARM.attributes
                0x00000000000008a7       0x34 /opt/st/stm32cubeide_1.4.0/plugins/com.st.stm32cube.ide.mcu.externaltools.gnu-tools-for-stm32.7-2018-q2-update.linux64_1.4.0.202007081208/tools/bin/../lib/gcc/arm-none-eabi/7.3.1/../../../../arm-none-eabi/lib/thumb/v7e-m/fpv4-sp/hard/libc_nano.a(lib_a-mbtowc_r.o)
 .ARM.attributes
                0x00000000000008db       0x34 /opt/st/stm32cubeide_1.4.0/plugins/com.st.stm32cube.ide.mcu.externaltools.gnu-tools-for-stm32.7-2018-q2-update.linux64_1.4.0.202007081208/tools/bin/../lib/gcc/arm-none-eabi/7.3.1/../../../../arm-none-eabi/lib/thumb/v7e-m/fpv4-sp/hard/libc_nano.a(lib_a-nano-svfprintf.o)
 .ARM.attributes
                0x000000000000090f       0x34 /opt/st/stm32cubeide_1.4.0/plugins/com.st.stm32cube.ide.mcu.externaltools.gnu-tools-for-stm32.7-2018-q2-update.linux64_1.4.0.202007081208/tools/bin/../lib/gcc/arm-none-eabi/7.3.1/../../../../arm-none-eabi/lib/thumb/v7e-m/fpv4-sp/hard/libc_nano.a(lib_a-nano-vfprintf_i.o)
 .ARM.attributes
                0x0000000000000943       0x34 /opt/st/stm32cubeide_1.4.0/plugins/com.st.stm32cube.ide.mcu.externaltools.gnu-tools-for-stm32.7-2018-q2-update.linux64_1.4.0.202007081208/tools/bin/../lib/gcc/arm-none-eabi/7.3.1/../../../../arm-none-eabi/lib/thumb/v7e-m/fpv4-sp/hard/libc_nano.a(lib_a-wctomb_r.o)
 .ARM.attributes
                0x0000000000000977       0x34 /opt/st/stm32cubeide_1.4.0/plugins/com.st.stm32cube.ide.mcu.externaltools.gnu-tools-for-stm32.7-2018-q2-update.linux64_1.4.0.202007081208/tools/bin/../lib/gcc/arm-none-eabi/7.3.1/../../../../arm-none-eabi/lib/thumb/v7e-m/fpv4-sp/hard/libc_nano.a(lib_a-ctype_.o)
 .ARM.attributes
                0x00000000000009ab       0x20 /opt/st/stm32cubeide_1.4.0/plugins/com.st.stm32cube.ide.mcu.externaltools.gnu-tools-for-stm32.7-2018-q2-update.linux64_1.4.0.202007081208/tools/bin/../lib/gcc/arm-none-eabi/7.3.1/../../../../arm-none-eabi/lib/thumb/v7e-m/fpv4-sp/hard/libc_nano.a(lib_a-memchr.o)
 .ARM.attributes
                0x00000000000009cb       0x34 /opt/st/stm32cubeide_1.4.0/plugins/com.st.stm32cube.ide.mcu.externaltools.gnu-tools-for-stm32.7-2018-q2-update.linux64_1.4.0.202007081208/tools/bin/../lib/gcc/arm-none-eabi/7.3.1/../../../../arm-none-eabi/lib/thumb/v7e-m/fpv4-sp/hard/libc_nano.a(lib_a-memcpy-stub.o)
 .ARM.attributes
                0x00000000000009ff       0x34 /opt/st/stm32cubeide_1.4.0/plugins/com.st.stm32cube.ide.mcu.externaltools.gnu-tools-for-stm32.7-2018-q2-update.linux64_1.4.0.202007081208/tools/bin/../lib/gcc/arm-none-eabi/7.3.1/../../../../arm-none-eabi/lib/thumb/v7e-m/fpv4-sp/hard/libc_nano.a(lib_a-memmove.o)
 .ARM.attributes
                0x0000000000000a33       0x34 /opt/st/stm32cubeide_1.4.0/plugins/com.st.stm32cube.ide.mcu.externaltools.gnu-tools-for-stm32.7-2018-q2-update.linux64_1.4.0.202007081208/tools/bin/../lib/gcc/arm-none-eabi/7.3.1/../../../../arm-none-eabi/lib/thumb/v7e-m/fpv4-sp/hard/libc_nano.a(lib_a-nano-freer.o)
 .ARM.attributes
                0x0000000000000a67       0x34 /opt/st/stm32cubeide_1.4.0/plugins/com.st.stm32cube.ide.mcu.externaltools.gnu-tools-for-stm32.7-2018-q2-update.linux64_1.4.0.202007081208/tools/bin/../lib/gcc/arm-none-eabi/7.3.1/../../../../arm-none-eabi/lib/thumb/v7e-m/fpv4-sp/hard/libc_nano.a(lib_a-nano-mallocr.o)
 .ARM.attributes
                0x0000000000000a9b       0x34 /opt/st/stm32cubeide_1.4.0/plugins/com.st.stm32cube.ide.mcu.externaltools.gnu-tools-for-stm32.7-2018-q2-update.linux64_1.4.0.202007081208/tools/bin/../lib/gcc/arm-none-eabi/7.3.1/../../../../arm-none-eabi/lib/thumb/v7e-m/fpv4-sp/hard/libc_nano.a(lib_a-nano-reallocr.o)
 .ARM.attributes
                0x0000000000000acf       0x34 /opt/st/stm32cubeide_1.4.0/plugins/com.st.stm32cube.ide.mcu.externaltools.gnu-tools-for-stm32.7-2018-q2-update.linux64_1.4.0.202007081208/tools/bin/../lib/gcc/arm-none-eabi/7.3.1/../../../../arm-none-eabi/lib/thumb/v7e-m/fpv4-sp/hard/libc_nano.a(lib_a-sbrkr.o)
 .ARM.attributes
                0x0000000000000b03       0x34 /opt/st/stm32cubeide_1.4.0/plugins/com.st.stm32cube.ide.mcu.externaltools.gnu-tools-for-stm32.7-2018-q2-update.linux64_1.4.0.202007081208/tools/bin/../lib/gcc/arm-none-eabi/7.3.1/../../../../arm-none-eabi/lib/thumb/v7e-m/fpv4-sp/hard/libc_nano.a(lib_a-mlock.o)
 .ARM.attributes
                0x0000000000000b37       0x34 /opt/st/stm32cubeide_1.4.0/plugins/com.st.stm32cube.ide.mcu.externaltools.gnu-tools-for-stm32.7-2018-q2-update.linux64_1.4.0.202007081208/tools/bin/../lib/gcc/arm-none-eabi/7.3.1/../../../../arm-none-eabi/lib/thumb/v7e-m/fpv4-sp/hard/libc_nano.a(lib_a-nano-msizer.o)
 .ARM.attributes
                0x0000000000000b6b       0x34 /opt/st/stm32cubeide_1.4.0/plugins/com.st.stm32cube.ide.mcu.externaltools.gnu-tools-for-stm32.7-2018-q2-update.linux64_1.4.0.202007081208/tools/bin/../lib/gcc/arm-none-eabi/7.3.1/../../../../arm-none-eabi/lib/thumb/v7e-m/fpv4-sp/hard/libc_nano.a(lib_a-reent.o)
 .ARM.attributes
                0x0000000000000b9f       0x22 /opt/st/stm32cubeide_1.4.0/plugins/com.st.stm32cube.ide.mcu.externaltools.gnu-tools-for-stm32.7-2018-q2-update.linux64_1.4.0.202007081208/tools/bin/../lib/gcc/arm-none-eabi/7.3.1/thumb/v7e-m/fpv4-sp/hard/crtn.o
OUTPUT(Diplomska.elf elf32-littlearm)

.debug_info     0x0000000000000000    0x1aeb5
 .debug_info    0x0000000000000000      0x758 Drivers/STM32F3xx_HAL_Driver/Src/stm32f3xx_hal.o
 .debug_info    0x0000000000000758      0xbce Drivers/STM32F3xx_HAL_Driver/Src/stm32f3xx_hal_adc.o
 .debug_info    0x0000000000001326     0x1571 Drivers/STM32F3xx_HAL_Driver/Src/stm32f3xx_hal_adc_ex.o
 .debug_info    0x0000000000002897      0xb54 Drivers/STM32F3xx_HAL_Driver/Src/stm32f3xx_hal_cortex.o
 .debug_info    0x00000000000033eb      0x7cb Drivers/STM32F3xx_HAL_Driver/Src/stm32f3xx_hal_dma.o
 .debug_info    0x0000000000003bb6      0x7b2 Drivers/STM32F3xx_HAL_Driver/Src/stm32f3xx_hal_gpio.o
 .debug_info    0x0000000000004368     0x180f Drivers/STM32F3xx_HAL_Driver/Src/stm32f3xx_hal_rcc.o
 .debug_info    0x0000000000005b77      0x612 Drivers/STM32F3xx_HAL_Driver/Src/stm32f3xx_hal_rcc_ex.o
 .debug_info    0x0000000000006189      0xb65 Drivers/STM32F3xx_HAL_Driver/Src/stm32f3xx_hal_rtc.o
 .debug_info    0x0000000000006cee      0xe1b Drivers/STM32F3xx_HAL_Driver/Src/stm32f3xx_hal_rtc_ex.o
 .debug_info    0x0000000000007b09     0x160b Drivers/STM32F3xx_HAL_Driver/Src/stm32f3xx_hal_spi.o
 .debug_info    0x0000000000009114     0x2648 Drivers/STM32F3xx_HAL_Driver/Src/stm32f3xx_hal_tim.o
 .debug_info    0x000000000000b75c     0x11d7 Drivers/STM32F3xx_HAL_Driver/Src/stm32f3xx_hal_tim_ex.o
 .debug_info    0x000000000000c933     0x1592 Drivers/STM32F3xx_HAL_Driver/Src/stm32f3xx_hal_uart.o
 .debug_info    0x000000000000dec5      0x89e Drivers/STM32F3xx_HAL_Driver/Src/stm32f3xx_hal_uart_ex.o
 .debug_info    0x000000000000e763      0x4c6 Middlewares/Third_Party/FatFs/src/diskio.o
 .debug_info    0x000000000000ec29     0x213e Middlewares/Third_Party/FatFs/src/ff.o
 .debug_info    0x0000000000010d67      0x464 Middlewares/Third_Party/FatFs/src/ff_gen_drv.o
 .debug_info    0x00000000000111cb     0x107d Src/File_Handling_RTOS.o
 .debug_info    0x0000000000012248      0x927 Src/MY_DHT.o
 .debug_info    0x0000000000012b6f      0x599 Src/fatfs.o
 .debug_info    0x0000000000013108      0xbe3 Src/fatfs_sd.o
 .debug_info    0x0000000000013ceb     0x2a5d Src/main.o
 .debug_info    0x0000000000016748     0x17a2 Src/stm32f3xx_hal_msp.o
 .debug_info    0x0000000000017eea      0x957 Src/stm32f3xx_hal_timebase_tim.o
 .debug_info    0x0000000000018841      0xcb9 Src/stm32f3xx_it.o
 .debug_info    0x00000000000194fa      0x91c Src/sysmem.o
 .debug_info    0x0000000000019e16      0x45c Src/system_stm32f3xx.o
 .debug_info    0x000000000001a272      0xc21 Src/user_diskio.o
 .debug_info    0x000000000001ae93       0x22 Startup/startup_stm32f303k8tx.o

.debug_abbrev   0x0000000000000000     0x39af
 .debug_abbrev  0x0000000000000000      0x1c7 Drivers/STM32F3xx_HAL_Driver/Src/stm32f3xx_hal.o
 .debug_abbrev  0x00000000000001c7      0x187 Drivers/STM32F3xx_HAL_Driver/Src/stm32f3xx_hal_adc.o
 .debug_abbrev  0x000000000000034e      0x225 Drivers/STM32F3xx_HAL_Driver/Src/stm32f3xx_hal_adc_ex.o
 .debug_abbrev  0x0000000000000573      0x2d5 Drivers/STM32F3xx_HAL_Driver/Src/stm32f3xx_hal_cortex.o
 .debug_abbrev  0x0000000000000848      0x1fe Drivers/STM32F3xx_HAL_Driver/Src/stm32f3xx_hal_dma.o
 .debug_abbrev  0x0000000000000a46      0x1c0 Drivers/STM32F3xx_HAL_Driver/Src/stm32f3xx_hal_gpio.o
 .debug_abbrev  0x0000000000000c06      0x28c Drivers/STM32F3xx_HAL_Driver/Src/stm32f3xx_hal_rcc.o
 .debug_abbrev  0x0000000000000e92      0x208 Drivers/STM32F3xx_HAL_Driver/Src/stm32f3xx_hal_rcc_ex.o
 .debug_abbrev  0x000000000000109a      0x1af Drivers/STM32F3xx_HAL_Driver/Src/stm32f3xx_hal_rtc.o
 .debug_abbrev  0x0000000000001249      0x1e9 Drivers/STM32F3xx_HAL_Driver/Src/stm32f3xx_hal_rtc_ex.o
 .debug_abbrev  0x0000000000001432      0x228 Drivers/STM32F3xx_HAL_Driver/Src/stm32f3xx_hal_spi.o
 .debug_abbrev  0x000000000000165a      0x230 Drivers/STM32F3xx_HAL_Driver/Src/stm32f3xx_hal_tim.o
 .debug_abbrev  0x000000000000188a      0x21e Drivers/STM32F3xx_HAL_Driver/Src/stm32f3xx_hal_tim_ex.o
 .debug_abbrev  0x0000000000001aa8      0x205 Drivers/STM32F3xx_HAL_Driver/Src/stm32f3xx_hal_uart.o
 .debug_abbrev  0x0000000000001cad      0x1e2 Drivers/STM32F3xx_HAL_Driver/Src/stm32f3xx_hal_uart_ex.o
 .debug_abbrev  0x0000000000001e8f      0x16f Middlewares/Third_Party/FatFs/src/diskio.o
 .debug_abbrev  0x0000000000001ffe      0x285 Middlewares/Third_Party/FatFs/src/ff.o
 .debug_abbrev  0x0000000000002283      0x19c Middlewares/Third_Party/FatFs/src/ff_gen_drv.o
 .debug_abbrev  0x000000000000241f      0x24a Src/File_Handling_RTOS.o
 .debug_abbrev  0x0000000000002669      0x1e5 Src/MY_DHT.o
 .debug_abbrev  0x000000000000284e      0x17d Src/fatfs.o
 .debug_abbrev  0x00000000000029cb      0x262 Src/fatfs_sd.o
 .debug_abbrev  0x0000000000002c2d      0x34d Src/main.o
 .debug_abbrev  0x0000000000002f7a      0x22c Src/stm32f3xx_hal_msp.o
 .debug_abbrev  0x00000000000031a6      0x19d Src/stm32f3xx_hal_timebase_tim.o
 .debug_abbrev  0x0000000000003343      0x183 Src/stm32f3xx_it.o
 .debug_abbrev  0x00000000000034c6      0x1bb Src/sysmem.o
 .debug_abbrev  0x0000000000003681      0x12b Src/system_stm32f3xx.o
 .debug_abbrev  0x00000000000037ac      0x1f1 Src/user_diskio.o
 .debug_abbrev  0x000000000000399d       0x12 Startup/startup_stm32f303k8tx.o

.debug_aranges  0x0000000000000000     0x1740
 .debug_aranges
                0x0000000000000000       0xe0 Drivers/STM32F3xx_HAL_Driver/Src/stm32f3xx_hal.o
 .debug_aranges
                0x00000000000000e0       0xc8 Drivers/STM32F3xx_HAL_Driver/Src/stm32f3xx_hal_adc.o
 .debug_aranges
                0x00000000000001a8      0x168 Drivers/STM32F3xx_HAL_Driver/Src/stm32f3xx_hal_adc_ex.o
 .debug_aranges
                0x0000000000000310      0x100 Drivers/STM32F3xx_HAL_Driver/Src/stm32f3xx_hal_cortex.o
 .debug_aranges
                0x0000000000000410       0x88 Drivers/STM32F3xx_HAL_Driver/Src/stm32f3xx_hal_dma.o
 .debug_aranges
                0x0000000000000498       0x58 Drivers/STM32F3xx_HAL_Driver/Src/stm32f3xx_hal_gpio.o
 .debug_aranges
                0x00000000000004f0       0x88 Drivers/STM32F3xx_HAL_Driver/Src/stm32f3xx_hal_rcc.o
 .debug_aranges
                0x0000000000000578       0x38 Drivers/STM32F3xx_HAL_Driver/Src/stm32f3xx_hal_rcc_ex.o
 .debug_aranges
                0x00000000000005b0       0xb8 Drivers/STM32F3xx_HAL_Driver/Src/stm32f3xx_hal_rtc.o
 .debug_aranges
                0x0000000000000668      0x120 Drivers/STM32F3xx_HAL_Driver/Src/stm32f3xx_hal_rtc_ex.o
 .debug_aranges
                0x0000000000000788      0x1d8 Drivers/STM32F3xx_HAL_Driver/Src/stm32f3xx_hal_spi.o
 .debug_aranges
                0x0000000000000960      0x3c8 Drivers/STM32F3xx_HAL_Driver/Src/stm32f3xx_hal_tim.o
 .debug_aranges
                0x0000000000000d28      0x160 Drivers/STM32F3xx_HAL_Driver/Src/stm32f3xx_hal_tim_ex.o
 .debug_aranges
                0x0000000000000e88      0x210 Drivers/STM32F3xx_HAL_Driver/Src/stm32f3xx_hal_uart.o
 .debug_aranges
                0x0000000000001098       0x50 Drivers/STM32F3xx_HAL_Driver/Src/stm32f3xx_hal_uart_ex.o
 .debug_aranges
                0x00000000000010e8       0x48 Middlewares/Third_Party/FatFs/src/diskio.o
 .debug_aranges
                0x0000000000001130      0x1e8 Middlewares/Third_Party/FatFs/src/ff.o
 .debug_aranges
                0x0000000000001318       0x40 Middlewares/Third_Party/FatFs/src/ff_gen_drv.o
 .debug_aranges
                0x0000000000001358       0x60 Src/File_Handling_RTOS.o
 .debug_aranges
                0x00000000000013b8       0x50 Src/MY_DHT.o
 .debug_aranges
                0x0000000000001408       0x28 Src/fatfs.o
 .debug_aranges
                0x0000000000001430       0xa0 Src/fatfs_sd.o
 .debug_aranges
                0x00000000000014d0       0x98 Src/main.o
 .debug_aranges
                0x0000000000001568       0x70 Src/stm32f3xx_hal_msp.o
 .debug_aranges
                0x00000000000015d8       0x30 Src/stm32f3xx_hal_timebase_tim.o
 .debug_aranges
                0x0000000000001608       0x88 Src/stm32f3xx_it.o
 .debug_aranges
                0x0000000000001690       0x20 Src/sysmem.o
 .debug_aranges
                0x00000000000016b0       0x28 Src/system_stm32f3xx.o
 .debug_aranges
                0x00000000000016d8       0x40 Src/user_diskio.o
 .debug_aranges
                0x0000000000001718       0x28 Startup/startup_stm32f303k8tx.o

.debug_ranges   0x0000000000000000     0x1568
 .debug_ranges  0x0000000000000000       0xd0 Drivers/STM32F3xx_HAL_Driver/Src/stm32f3xx_hal.o
 .debug_ranges  0x00000000000000d0       0xb8 Drivers/STM32F3xx_HAL_Driver/Src/stm32f3xx_hal_adc.o
 .debug_ranges  0x0000000000000188      0x158 Drivers/STM32F3xx_HAL_Driver/Src/stm32f3xx_hal_adc_ex.o
 .debug_ranges  0x00000000000002e0       0xf0 Drivers/STM32F3xx_HAL_Driver/Src/stm32f3xx_hal_cortex.o
 .debug_ranges  0x00000000000003d0       0x78 Drivers/STM32F3xx_HAL_Driver/Src/stm32f3xx_hal_dma.o
 .debug_ranges  0x0000000000000448       0x48 Drivers/STM32F3xx_HAL_Driver/Src/stm32f3xx_hal_gpio.o
 .debug_ranges  0x0000000000000490       0x78 Drivers/STM32F3xx_HAL_Driver/Src/stm32f3xx_hal_rcc.o
 .debug_ranges  0x0000000000000508       0x28 Drivers/STM32F3xx_HAL_Driver/Src/stm32f3xx_hal_rcc_ex.o
 .debug_ranges  0x0000000000000530       0xa8 Drivers/STM32F3xx_HAL_Driver/Src/stm32f3xx_hal_rtc.o
 .debug_ranges  0x00000000000005d8      0x110 Drivers/STM32F3xx_HAL_Driver/Src/stm32f3xx_hal_rtc_ex.o
 .debug_ranges  0x00000000000006e8      0x1c8 Drivers/STM32F3xx_HAL_Driver/Src/stm32f3xx_hal_spi.o
 .debug_ranges  0x00000000000008b0      0x3b8 Drivers/STM32F3xx_HAL_Driver/Src/stm32f3xx_hal_tim.o
 .debug_ranges  0x0000000000000c68      0x150 Drivers/STM32F3xx_HAL_Driver/Src/stm32f3xx_hal_tim_ex.o
 .debug_ranges  0x0000000000000db8      0x200 Drivers/STM32F3xx_HAL_Driver/Src/stm32f3xx_hal_uart.o
 .debug_ranges  0x0000000000000fb8       0x40 Drivers/STM32F3xx_HAL_Driver/Src/stm32f3xx_hal_uart_ex.o
 .debug_ranges  0x0000000000000ff8       0x38 Middlewares/Third_Party/FatFs/src/diskio.o
 .debug_ranges  0x0000000000001030      0x1d8 Middlewares/Third_Party/FatFs/src/ff.o
 .debug_ranges  0x0000000000001208       0x30 Middlewares/Third_Party/FatFs/src/ff_gen_drv.o
 .debug_ranges  0x0000000000001238       0x50 Src/File_Handling_RTOS.o
 .debug_ranges  0x0000000000001288       0x40 Src/MY_DHT.o
 .debug_ranges  0x00000000000012c8       0x18 Src/fatfs.o
 .debug_ranges  0x00000000000012e0       0x90 Src/fatfs_sd.o
 .debug_ranges  0x0000000000001370       0x88 Src/main.o
 .debug_ranges  0x00000000000013f8       0x60 Src/stm32f3xx_hal_msp.o
 .debug_ranges  0x0000000000001458       0x20 Src/stm32f3xx_hal_timebase_tim.o
 .debug_ranges  0x0000000000001478       0x78 Src/stm32f3xx_it.o
 .debug_ranges  0x00000000000014f0       0x10 Src/sysmem.o
 .debug_ranges  0x0000000000001500       0x18 Src/system_stm32f3xx.o
 .debug_ranges  0x0000000000001518       0x30 Src/user_diskio.o
 .debug_ranges  0x0000000000001548       0x20 Startup/startup_stm32f303k8tx.o

.debug_macro    0x0000000000000000    0x1bf67
 .debug_macro   0x0000000000000000      0x228 Drivers/STM32F3xx_HAL_Driver/Src/stm32f3xx_hal.o
 .debug_macro   0x0000000000000228      0xa5a Drivers/STM32F3xx_HAL_Driver/Src/stm32f3xx_hal.o
 .debug_macro   0x0000000000000c82      0x169 Drivers/STM32F3xx_HAL_Driver/Src/stm32f3xx_hal.o
 .debug_macro   0x0000000000000deb       0x2e Drivers/STM32F3xx_HAL_Driver/Src/stm32f3xx_hal.o
 .debug_macro   0x0000000000000e19       0x28 Drivers/STM32F3xx_HAL_Driver/Src/stm32f3xx_hal.o
 .debug_macro   0x0000000000000e41       0x22 Drivers/STM32F3xx_HAL_Driver/Src/stm32f3xx_hal.o
 .debug_macro   0x0000000000000e63       0x8e Drivers/STM32F3xx_HAL_Driver/Src/stm32f3xx_hal.o
 .debug_macro   0x0000000000000ef1       0x51 Drivers/STM32F3xx_HAL_Driver/Src/stm32f3xx_hal.o
 .debug_macro   0x0000000000000f42       0xef Drivers/STM32F3xx_HAL_Driver/Src/stm32f3xx_hal.o
 .debug_macro   0x0000000000001031       0x6a Drivers/STM32F3xx_HAL_Driver/Src/stm32f3xx_hal.o
 .debug_macro   0x000000000000109b      0x1df Drivers/STM32F3xx_HAL_Driver/Src/stm32f3xx_hal.o
 .debug_macro   0x000000000000127a       0x1c Drivers/STM32F3xx_HAL_Driver/Src/stm32f3xx_hal.o
 .debug_macro   0x0000000000001296       0x22 Drivers/STM32F3xx_HAL_Driver/Src/stm32f3xx_hal.o
 .debug_macro   0x00000000000012b8       0xdf Drivers/STM32F3xx_HAL_Driver/Src/stm32f3xx_hal.o
 .debug_macro   0x0000000000001397      0xf07 Drivers/STM32F3xx_HAL_Driver/Src/stm32f3xx_hal.o
 .debug_macro   0x000000000000229e    0x10bd9 Drivers/STM32F3xx_HAL_Driver/Src/stm32f3xx_hal.o
 .debug_macro   0x0000000000012e77       0x43 Drivers/STM32F3xx_HAL_Driver/Src/stm32f3xx_hal.o
 .debug_macro   0x0000000000012eba      0x174 Drivers/STM32F3xx_HAL_Driver/Src/stm32f3xx_hal.o
 .debug_macro   0x000000000001302e       0x53 Drivers/STM32F3xx_HAL_Driver/Src/stm32f3xx_hal.o
 .debug_macro   0x0000000000013081      0x8f9 Drivers/STM32F3xx_HAL_Driver/Src/stm32f3xx_hal.o
 .debug_macro   0x000000000001397a      0x304 Drivers/STM32F3xx_HAL_Driver/Src/stm32f3xx_hal.o
 .debug_macro   0x0000000000013c7e      0x12f Drivers/STM32F3xx_HAL_Driver/Src/stm32f3xx_hal.o
 .debug_macro   0x0000000000013dad      0x11b Drivers/STM32F3xx_HAL_Driver/Src/stm32f3xx_hal.o
 .debug_macro   0x0000000000013ec8      0x1d5 Drivers/STM32F3xx_HAL_Driver/Src/stm32f3xx_hal.o
 .debug_macro   0x000000000001409d      0x1bc Drivers/STM32F3xx_HAL_Driver/Src/stm32f3xx_hal.o
 .debug_macro   0x0000000000014259       0x34 Drivers/STM32F3xx_HAL_Driver/Src/stm32f3xx_hal.o
 .debug_macro   0x000000000001428d       0x3c Drivers/STM32F3xx_HAL_Driver/Src/stm32f3xx_hal.o
 .debug_macro   0x00000000000142c9       0x57 Drivers/STM32F3xx_HAL_Driver/Src/stm32f3xx_hal.o