main.c:101:6:cardInit	16	static,ignoring_inline_asm
main.c:147:6:alarmInit	40	static
main.c:190:6:HAL_RTC_AlarmAEventCallback	16	static
main.c:198:6:sendUART	24	static
main.c:203:6:sendHTTP	248	static
main.c:225:5:main	128	static,ignoring_inline_asm
main.c:357:6:SystemClock_Config	96	static
main.c:406:13:MX_ADC1_Init	48	static
main.c:469:13:MX_RTC_Init	72	static
main.c:549:13:MX_SPI1_Init	8	static
main.c:589:13:MX_TIM2_Init	40	static
main.c:634:13:MX_USART1_UART_Init	8	static
main.c:667:13:MX_DMA_Init	16	static
main.c:685:13:MX_GPIO_Init	40	static
main.c:734:6:HAL_TIM_PeriodElapsedCallback	16	static
main.c:751:6:Error_Handler	4	static
