main.c:101:6:cardInit	16	static,ignoring_inline_asm
main.c:147:6:alarmInit	40	static
main.c:190:6:HAL_RTC_AlarmAEventCallback	16	static
main.c:198:6:sendUART	24	static
main.c:203:6:sendHTTP	248	static
main.c:225:5:main	88	static
main.c:352:6:SystemClock_Config	96	static
main.c:401:13:MX_ADC1_Init	48	static
main.c:481:13:MX_RTC_Init	72	static
main.c:561:13:MX_SPI1_Init	8	static
main.c:601:13:MX_TIM2_Init	40	static
main.c:646:13:MX_USART1_UART_Init	8	static
main.c:679:13:MX_DMA_Init	16	static
main.c:697:13:MX_GPIO_Init	40	static
main.c:740:6:HAL_TIM_PeriodElapsedCallback	16	static
main.c:757:6:Error_Handler	4	static
