stm32f3xx_it.c:58:6:SDTimer_Handler	4	static
stm32f3xx_it.c:84:6:NMI_Handler	4	static
stm32f3xx_it.c:97:6:HardFault_Handler	4	static
stm32f3xx_it.c:112:6:MemManage_Handler	4	static
stm32f3xx_it.c:127:6:BusFault_Handler	4	static
stm32f3xx_it.c:142:6:UsageFault_Handler	4	static
stm32f3xx_it.c:157:6:SVC_Handler	4	static
stm32f3xx_it.c:170:6:DebugMon_Handler	4	static
stm32f3xx_it.c:183:6:PendSV_Handler	4	static
stm32f3xx_it.c:196:6:SysTick_Handler	4	static
stm32f3xx_it.c:216:6:DMA1_Channel1_IRQHandler	8	static
stm32f3xx_it.c:230:6:TIM1_UP_TIM16_IRQHandler	8	static
stm32f3xx_it.c:249:6:USART1_IRQHandler	8	static
stm32f3xx_it.c:262:6:RTC_Alarm_IRQHandler	8	static
